2022-08-05 21:39:26.821 1315-1566/system_process D/gps_hal:  gps_on_location latitude = 39.915001, longitude = 116.403999 
2022-08-05 21:39:26.821 1315-1315/system_process I/CommonTimeManagementService: No common time service detected on this platform.  Common time services will be unavailable.
2022-08-05 21:39:26.822 1315-1360/system_process I/InputReader: Reconfiguring input devices.  changes=0x00000020
2022-08-05 21:39:26.822 1315-1360/system_process I/InputReader: Reconfiguring input devices.  changes=0x00000010
2022-08-05 21:39:26.823 1315-1315/system_process I/MmsServiceBroker: Delay connecting to MmsService until an API is called
2022-08-05 21:39:26.828 1130-1563/? D/SoftFFmpegAudio: ffmpeg audio decoder eos
2022-08-05 21:39:26.828 1130-1563/? D/SoftFFmpegAudio: ffmpeg audio decoder fill eos outbuf
2022-08-05 21:39:26.832 1315-1369/system_process D/NetworkManagement: setInterfaceDown: wlan0
2022-08-05 21:39:26.832 1315-1369/system_process D/NetworkManagement: getInterfaceConfig: wlan0
2022-08-05 21:39:26.832 1315-1369/system_process D/WifiMonitor: killSupplicant! p2pSupported=true
2022-08-05 21:39:26.832 1315-1369/system_process E/WifiMonitor: killSupplicant p2ptrue init.svc.wpa_supplicant=unknown init.svc.p2p_supplicant=unknown
2022-08-05 21:39:27.477 1315-1567/system_process D/SntpClient: request time failed: java.net.UnknownHostException: Unable to resolve host "2.android.pool.ntp.org": No address associated with hostname
2022-08-05 21:39:27.481 1315-1330/system_process W/WindowManager: Keyguard drawn timeout. Setting mKeyguardDrawComplete
2022-08-05 21:39:27.482 1315-1315/system_process W/VoiceInteractionManagerService: no available voice interaction services found for user 0
2022-08-05 21:39:27.482 1315-1315/system_process W/VoiceInteractionManagerService: no available voice recognition services found for user 0
2022-08-05 21:39:27.483 1315-1369/system_process E/wifi: Can not initialize the vendor function pointer table
2022-08-05 21:39:27.483 1315-1369/system_process E/WifiNative-HAL: Could not start hal
2022-08-05 21:39:27.483 1315-1369/system_process E/WifiStateMachine: Failed to start HAL
2022-08-05 21:39:27.483 1315-1369/system_process W/LdWifi: wifi command unkown!!! cmd=IFNAME=wlan0 LOG_LEVEL INFO
2022-08-05 21:39:27.501 1315-1325/system_process W/art: Suspending all threads took: 13.929ms
2022-08-05 21:39:27.505 1570-1570/com.android.phone D/libnativebridge: call UnloadNativeBridge! state=1
2022-08-05 21:39:27.508 1133-1133/? I/MediaPlayerService: MediaPlayerService::getOMX
2022-08-05 21:39:27.508 1315-1315/system_process I/ActivityManager: Start proc 1570:com.android.phone/1001 for added application com.android.phone
2022-08-05 21:39:27.508 1315-1569/system_process I/OMXClient: MuxOMX ctor
2022-08-05 21:39:27.509 1315-1315/system_process I/ActivityManager: START u0 {act=android.intent.action.MAIN cat=[android.intent.category.HOME] flg=0x10000100 cmp=com.android.settings/.FallbackHome} from uid 0 on display 0
2022-08-05 21:39:27.510 1315-1325/system_process I/art: Background partial concurrent mark sweep GC freed 26181(1598KB) AllocSpace objects, 6(120KB) LOS objects, 33% free, 7MB/10MB, paused 20.598ms total 687.319ms
2022-08-05 21:39:27.510 1130-1130/? I/OMXMaster: makeComponentInstance(OMX.ffmpeg.vorbis.decoder) in mediacodec process
2022-08-05 21:39:27.510 1130-1130/? V/FFmpegOMXPlugin: makeComponentInstance 'OMX.ffmpeg.vorbis.decoder'
2022-08-05 21:39:27.510 1130-1130/? D/SoftFFmpegAudio: SoftFFmpegAudio component: OMX.ffmpeg.vorbis.decoder mCodingType: 24
2022-08-05 21:39:27.510 1315-1569/system_process D/FFMPEGSoftCodec: No PCM format specified, using 16 bit
2022-08-05 21:39:27.512 1315-1315/system_process W/System: ClassLoader referenced unknown path: 
2022-08-05 21:39:27.513 1315-1315/system_process W/System: ClassLoader referenced unknown path: /system/priv-app/Settings/lib/x86_64
2022-08-05 21:39:27.513 1315-1315/system_process D/ApplicationLoaders: ignored Vulkan layer search path /system/priv-app/Settings/lib/x86_64:/system/priv-app/Settings/Settings.apk!/lib/x86_64:/system/lib64:/vendor/lib64 for namespace 0x7ffff7e22160
2022-08-05 21:39:27.514 1130-1501/? D/SoftFFmpegAudio: set OMX_IndexParamAudioVorbis, nChannels=2, nSampleRate=44100, nBitRate=0, nMinBitRate=0, nMaxBitRate=0
2022-08-05 21:39:27.518 1315-1315/system_process I/ActivityManager: Loaded persisted task ids for user 0
2022-08-05 21:39:27.519 1130-1584/? D/SoftFFmpegAudio: begin to open ffmpeg audio decoder(vorbis), mCtx sample_rate: 44100, channels: 2
2022-08-05 21:39:27.520 1130-1584/? D/SoftFFmpegAudio: open ffmpeg audio decoder(vorbis) success, mCtx sample_rate: 44100, channels: 2, sample_fmt: fltp, bits_per_coded_sample: 0, bits_per_raw_sample: 0
2022-08-05 21:39:27.520 1130-1584/? I/SoftFFmpegAudio: Create sample rate converter for conversion of 44100 Hz fltp 2 channels(stereo) to 44100 Hz s16 2 channels(stereo)!
2022-08-05 21:39:27.524 1130-1584/? D/SoftFFmpegAudio: ffmpeg audio decoder eos
2022-08-05 21:39:27.524 1130-1584/? D/SoftFFmpegAudio: ffmpeg audio decoder fill eos outbuf
2022-08-05 21:39:27.528 1404-1404/? I/art: System.exit called, status: 0
2022-08-05 21:39:27.528 1404-1404/? I/AndroidRuntime: VM exiting with result code 0, cleanup skipped.
2022-08-05 21:39:27.531 1315-1315/system_process I/ActivityManager: Start proc 1588:com.android.settings/1000 for activity com.android.settings/.FallbackHome
2022-08-05 21:39:27.531 1133-1133/? I/MediaPlayerService: MediaPlayerService::getOMX
2022-08-05 21:39:27.531 1315-1596/system_process I/OMXClient: MuxOMX ctor
2022-08-05 21:39:27.531 1315-1369/system_process D/WifiMonitor: startMonitoring(wlan0) with mConnected = false
2022-08-05 21:39:27.532 1130-1150/? I/OMXMaster: makeComponentInstance(OMX.ffmpeg.vorbis.decoder) in mediacodec process
2022-08-05 21:39:27.532 1130-1150/? V/FFmpegOMXPlugin: makeComponentInstance 'OMX.ffmpeg.vorbis.decoder'
2022-08-05 21:39:27.532 1130-1150/? D/SoftFFmpegAudio: SoftFFmpegAudio component: OMX.ffmpeg.vorbis.decoder mCodingType: 24
2022-08-05 21:39:27.532 1315-1369/system_process D/WifiConfigManager: Loading config and enabling all networks 
2022-08-05 21:39:27.532 1315-1328/system_process W/LocationProviderProxy-network: Odd, no component found for service com.android.location.service.v3.NetworkLocationProvider
2022-08-05 21:39:27.532 1315-1328/system_process W/GeocoderProxy: Odd, no component found for service com.android.location.service.GeocodeProvider
2022-08-05 21:39:27.532 1315-1328/system_process W/GeofenceProxy: Odd, no component found for service com.android.location.service.GeofenceProvider
2022-08-05 21:39:27.532 1315-1328/system_process W/ActivityRecognitionProxy: Odd, no component found for service com.android.location.service.ActivityRecognitionProvider
2022-08-05 21:39:27.533 1315-1596/system_process D/FFMPEGSoftCodec: No PCM format specified, using 16 bit
2022-08-05 21:39:27.534 1130-1501/? D/SoftFFmpegAudio: set OMX_IndexParamAudioVorbis, nChannels=2, nSampleRate=44100, nBitRate=0, nMinBitRate=0, nMaxBitRate=0
2022-08-05 21:39:27.535 1315-1315/system_process D/ConditionProviders.SCP: onConnected
2022-08-05 21:39:27.535 1315-1315/system_process D/ZenLog: set_zen_mode: off,readXml
2022-08-05 21:39:27.537 1588-1588/? D/libnativebridge: call UnloadNativeBridge! state=1
2022-08-05 21:39:27.537 1315-1369/system_process W/WifiNetworkHistory: Upgrading network 0 to android.uid.system:1000
2022-08-05 21:39:27.538 1315-1369/system_process D/WifiConfigManager: loaded 0 passpoint configs
2022-08-05 21:39:27.538 1315-1369/system_process E/IpConfigStore: Error parsing configuration: java.io.FileNotFoundException: /data/misc/wifi/ipconfig.txt (No such file or directory)
2022-08-05 21:39:27.538 1130-1598/? D/SoftFFmpegAudio: begin to open ffmpeg audio decoder(vorbis), mCtx sample_rate: 44100, channels: 2
2022-08-05 21:39:27.538 1315-1369/system_process D/WifiNative-HAL: Setting external_sim to 1
2022-08-05 21:39:27.538 1315-1369/system_process D/WifiStateMachine: Setting OUI to DA-A1-19
2022-08-05 21:39:27.539 1315-1369/system_process I/WifiConnectivityManager: PNO settings: min5GHzRssi -82 min24GHzRssi -85 currentConnectionBonus 16 sameNetworkBonus 24 secureNetworkBonus 80 initialScoreMax 100
2022-08-05 21:39:27.539 1315-1369/system_process I/WifiConnectivityManager: ConnectivityScanManager initialized and disabled
2022-08-05 21:39:27.539 1315-1369/system_process I/WifiConnectivityManager: setUntrustedConnectionAllowed: allowed=false
2022-08-05 21:39:27.539 1315-1369/system_process E/WifiLogger: no ring buffers found
2022-08-05 21:39:27.539 1315-1369/system_process E/WifiLogger: Failed to start packet fate monitoring
2022-08-05 21:39:27.542 1315-1315/system_process D/ConditionProviders: Subscribing to condition://android/schedule?days=1.2.3.4.5&start=22.0&end=7.0&exitAtAlarm=false with ComponentInfo{android/com.android.server.notification.ScheduleConditionProvider}
2022-08-05 21:39:27.542 1315-1315/system_process D/ZenLog: subscribe: condition://android/schedule?days=1.2.3.4.5&start=22.0&end=7.0&exitAtAlarm=false,ok
2022-08-05 21:39:27.542 1315-1315/system_process D/ConditionProviders: Subscribing to condition://android/schedule?days=6.7&start=23.30&end=10.0&exitAtAlarm=false with ComponentInfo{android/com.android.server.notification.ScheduleConditionProvider}
2022-08-05 21:39:27.542 1315-1315/system_process D/ZenLog: subscribe: condition://android/schedule?days=6.7&start=23.30&end=10.0&exitAtAlarm=false,ok
2022-08-05 21:39:27.542 1315-1315/system_process D/ConditionProviders: Subscribing to condition://android/event?userId=-10000&calendar=&reply=1 with ComponentInfo{android/com.android.server.notification.EventConditionProvider}
2022-08-05 21:39:27.542 1315-1315/system_process D/ZenLog: subscribe: condition://android/event?userId=-10000&calendar=&reply=1,ok
2022-08-05 21:39:27.544 1130-1598/? D/SoftFFmpegAudio: open ffmpeg audio decoder(vorbis) success, mCtx sample_rate: 44100, channels: 2, sample_fmt: fltp, bits_per_coded_sample: 0, bits_per_raw_sample: 0
2022-08-05 21:39:27.544 1130-1598/? I/SoftFFmpegAudio: Create sample rate converter for conversion of 44100 Hz fltp 2 channels(stereo) to 44100 Hz s16 2 channels(stereo)!
2022-08-05 21:39:27.545 1315-1367/system_process D/NetworkManagement: setInterfaceUp: p2p0
2022-08-05 21:39:27.545 1315-1367/system_process D/NetworkManagement: getInterfaceConfig: p2p0
2022-08-05 21:39:27.550 1130-1598/? D/SoftFFmpegAudio: ffmpeg audio decoder eos
2022-08-05 21:39:27.550 1130-1598/? D/SoftFFmpegAudio: ffmpeg audio decoder fill eos outbuf
2022-08-05 21:39:27.551 1610-1610/? E/ProbeModule: insmod_by_dep: cannot load module: [netdev-p2p0]
2022-08-05 21:39:27.552 1612-1612/? E/ProbeModule: insmod_by_dep: cannot load module: [p2p0]
2022-08-05 21:39:27.554 1614-1614/? E/ProbeModule: insmod_by_dep: cannot load module: [netdev-p2p0]
2022-08-05 21:39:27.555 1616-1616/? E/ProbeModule: insmod_by_dep: cannot load module: [p2p0]
2022-08-05 21:39:27.556 1619-1619/? E/ProbeModule: insmod_by_dep: cannot load module: [netdev-p2p0]
2022-08-05 21:39:27.556 1621-1621/? E/ProbeModule: insmod_by_dep: cannot load module: [p2p0]
2022-08-05 21:39:27.557 1623-1623/? E/ProbeModule: insmod_by_dep: cannot load module: [netdev-p2p0]
2022-08-05 21:39:27.558 1625-1625/? E/ProbeModule: insmod_by_dep: cannot load module: [p2p0]
2022-08-05 21:39:27.558 1134-1304/? W/CommandListener: Failed to retrieve HW addr for p2p0 (No such device)
2022-08-05 21:39:27.558 1315-1367/system_process D/NetworkManagement: do setInterfaceConfig: p2p0 cfg=mHwAddr=00:00:00:00:00:00 mAddr=0.0.0.0/0 mFlags=[up]
2022-08-05 21:39:27.558 1134-1304/? D/CommandListener: Setting iface cfg
2022-08-05 21:39:27.559 1627-1627/? E/ProbeModule: insmod_by_dep: cannot load module: [netdev-p2p0]
2022-08-05 21:39:27.559 1133-1156/? I/MediaPlayerService: MediaPlayerService::getOMX
2022-08-05 21:39:27.559 1629-1629/? E/ProbeModule: insmod_by_dep: cannot load module: [p2p0]
2022-08-05 21:39:27.559 1315-1630/system_process I/OMXClient: MuxOMX ctor
2022-08-05 21:39:27.559 1315-1367/system_process E/WifiP2pService: Unable to change interface settings: java.lang.IllegalStateException: command '23 interface setcfg p2p0 0.0.0.0 0 up' failed with '400 23 Failed to clear address (No such device)'
2022-08-05 21:39:27.559 1315-1367/system_process D/WifiMonitor: startMonitoring(p2p0) with mConnected = true
2022-08-05 21:39:27.560 1130-1501/? I/OMXMaster: makeComponentInstance(OMX.ffmpeg.vorbis.decoder) in mediacodec process
2022-08-05 21:39:27.560 1130-1501/? V/FFmpegOMXPlugin: makeComponentInstance 'OMX.ffmpeg.vorbis.decoder'
2022-08-05 21:39:27.560 1130-1501/? D/SoftFFmpegAudio: SoftFFmpegAudio component: OMX.ffmpeg.vorbis.decoder mCodingType: 24
2022-08-05 21:39:27.560 1315-1630/system_process D/FFMPEGSoftCodec: No PCM format specified, using 16 bit
2022-08-05 21:39:27.560 1130-1130/? D/SoftFFmpegAudio: set OMX_IndexParamAudioVorbis, nChannels=1, nSampleRate=44100, nBitRate=0, nMinBitRate=0, nMaxBitRate=0
2022-08-05 21:39:27.562 1315-1369/system_process I/WifiConnectivityManager: Set WiFi enabled
2022-08-05 21:39:27.562 1315-1369/system_process I/WifiConnectivityManager: scheduleWatchdogTimer
2022-08-05 21:39:27.562 1315-1369/system_process D/WifiNative-HAL: Failing getSupportedFeatureset because HAL isn't started
2022-08-05 21:39:27.565 1130-1631/? D/SoftFFmpegAudio: begin to open ffmpeg audio decoder(vorbis), mCtx sample_rate: 44100, channels: 1
2022-08-05 21:39:27.565 1130-1631/? D/SoftFFmpegAudio: open ffmpeg audio decoder(vorbis) success, mCtx sample_rate: 44100, channels: 1, sample_fmt: fltp, bits_per_coded_sample: 0, bits_per_raw_sample: 0
2022-08-05 21:39:27.566 1130-1631/? I/SoftFFmpegAudio: Create sample rate converter for conversion of 44100 Hz fltp 1 channels(mono) to 44100 Hz s16 1 channels(mono)!
2022-08-05 21:39:27.571 1130-1631/? D/SoftFFmpegAudio: ffmpeg audio decoder eos
2022-08-05 21:39:27.571 1130-1631/? D/SoftFFmpegAudio: ffmpeg audio decoder fill eos outbuf
2022-08-05 21:39:27.571 1570-1570/com.android.phone I/art: Starting a blocking GC AddRemoveAppImageSpace
2022-08-05 21:39:27.572 1570-1570/com.android.phone W/System: ClassLoader referenced unknown path: /system/priv-app/TeleService/lib/x86_64
2022-08-05 21:39:27.575 1588-1588/? I/art: Starting a blocking GC AddRemoveAppImageSpace
2022-08-05 21:39:27.575 1588-1588/? W/System: ClassLoader referenced unknown path: /system/priv-app/Settings/lib/x86_64
2022-08-05 21:39:27.582 1315-1367/system_process W/LdWifi: wifi command unkown!!! cmd=SET persistent_reconnect 1
2022-08-05 21:39:27.582 1315-1367/system_process W/LdWifi: wifi command unkown!!! cmd=SET device_name Android_7952
2022-08-05 21:39:27.582 1315-1367/system_process W/LdWifi: wifi command unkown!!! cmd=SET p2p_ssid_postfix -Android_7952
2022-08-05 21:39:27.582 1315-1367/system_process W/LdWifi: wifi command unkown!!! cmd=SET device_type 10-0050F204-5
2022-08-05 21:39:27.582 1315-1367/system_process W/LdWifi: wifi command unkown!!! cmd=SET config_methods virtual_push_button physical_display keypad
2022-08-05 21:39:27.582 1315-1367/system_process W/LdWifi: wifi command unkown!!! cmd=P2P_SET conc_pref sta
2022-08-05 21:39:27.582 1315-1367/system_process D/WifiNative-HAL: p2pGetDeviceAddress
2022-08-05 21:39:27.582 1315-1367/system_process W/LdWifi: wifi command unkown!!! cmd=STATUS
2022-08-05 21:39:27.582 1315-1367/system_process D/WifiNative-HAL: p2pGetDeviceAddress returning 
2022-08-05 21:39:27.582 1315-1367/system_process W/LdWifi: wifi command unkown!!! cmd=P2P_FLUSH
2022-08-05 21:39:27.582 1315-1367/system_process W/LdWifi: wifi command unkown!!! cmd=P2P_SERVICE_FLUSH
2022-08-05 21:39:27.582 1315-1367/system_process W/LdWifi: wifi command unkown!!! cmd=LIST_NETWORKS
2022-08-05 21:39:27.588 1315-1332/system_process E/BatteryStatsService: no controller energy info supplied
2022-08-05 21:39:27.588 1315-1315/system_process D/RttService: SCAN_AVAILABLE : 1
2022-08-05 21:39:27.588 1315-1332/system_process E/KernelCpuSpeedReader: Failed to read cpu-freq: /sys/devices/system/cpu/cpu0/cpufreq/stats/time_in_state (No such file or directory)
2022-08-05 21:39:27.588 1315-1371/system_process I/WifiScanningService: wifi driver unloaded
2022-08-05 21:39:27.588 1315-1372/system_process D/RttService: DefaultState got{ when=0 what=160513 target=com.android.internal.util.StateMachine$SmHandler }
2022-08-05 21:39:27.588 1315-1315/system_process D/ZenLog: set_zen_mode: off,cleanUpZenRules
2022-08-05 21:39:27.588 1315-1332/system_process E/KernelUidCpuTimeReader: Failed to read uid_cputime: /proc/uid_cputime/show_uid_stat (No such file or directory)
2022-08-05 21:39:27.589 1410-1410/com.android.systemui I/art: Starting a blocking GC AddRemoveAppImageSpace
2022-08-05 21:39:27.589 1410-1410/com.android.systemui W/System: ClassLoader referenced unknown path: /system/priv-app/SystemUI/lib/x86_64
2022-08-05 21:39:27.590 1315-1369/system_process D/WifiNative-HAL: Failing getSupportedFeatureset because HAL isn't started
2022-08-05 21:39:27.590 1315-1332/system_process E/BatteryStatsService: no controller energy info supplied
2022-08-05 21:39:27.590 1315-1332/system_process E/KernelCpuSpeedReader: Failed to read cpu-freq: /sys/devices/system/cpu/cpu0/cpufreq/stats/time_in_state (No such file or directory)
2022-08-05 21:39:27.590 1315-1332/system_process E/KernelUidCpuTimeReader: Failed to read uid_cputime: /proc/uid_cputime/show_uid_stat (No such file or directory)
2022-08-05 21:39:27.592 1315-1315/system_process I/art: Starting a blocking GC AddRemoveAppImageSpace
2022-08-05 21:39:27.592 1315-1315/system_process W/System: ClassLoader referenced unknown path: /system/priv-app/Telecom/lib/x86_64
2022-08-05 21:39:27.593 1315-1315/system_process D/ApplicationLoaders: ignored Vulkan layer search path /system/priv-app/Telecom/lib/x86_64:/system/priv-app/Telecom/Telecom.apk!/lib/x86_64:/system/lib64:/vendor/lib64 for namespace 0x7ffff7e221d0
2022-08-05 21:39:27.605 1315-1315/system_process D/BluetoothManagerService: Trying to bind to profile: 1, while Bluetooth was disabled
2022-08-05 21:39:27.626 1315-1315/system_process I/Telecom: SystemStateProvider: Registering car mode receiver: android.content.IntentFilter@f5a31b9: TS.init@AAA
2022-08-05 21:39:27.648 1570-1570/com.android.phone W/System: ClassLoader referenced unknown path: /system/priv-app/TelephonyProvider/lib/x86_64
2022-08-05 21:39:27.648 1570-1570/com.android.phone D/ApplicationLoaders: ignored Vulkan layer search path /system/priv-app/TelephonyProvider/lib/x86_64:/system/lib64:/vendor/lib64 for namespace 0x7ffff1af90f0
2022-08-05 21:39:27.657 1570-1570/com.android.phone D/TelephonyProvider: dbh.onOpen: ok, queried table=siminfo
2022-08-05 21:39:27.657 1570-1570/com.android.phone D/TelephonyProvider: dbh.onOpen: ok, queried table=carriers
2022-08-05 21:39:27.657 1315-1640/system_process I/Telecom: Telecom: Non-call EVENT: AUDIO_ROUTE, Entering state QuiescentEarpieceRoute
2022-08-05 21:39:27.659 1315-1642/system_process I/Telecom: CallAudioModeStateMachine: Message received: null.: TS.init->CAMSM.pM_1@AAA_0
2022-08-05 21:39:27.663 1315-1315/system_process D/BluetoothManagerService: Trying to bind to profile: 1, while Bluetooth was disabled
2022-08-05 21:39:27.676 1315-1315/system_process I/Telecom: Class: TelecomSystem.INSTANCE being set
2022-08-05 21:39:27.677 1315-1315/system_process W/ContextImpl: Calling a method in the system process without a qualified user: android.app.ContextImpl.startService:1358 android.content.ContextWrapper.startService:613 com.android.server.telecom.components.TelecomService.initializeTelecomSystem:186 com.android.server.telecom.components.TelecomService.onBind:62 android.app.ActivityThread.handleBindService:3251 
2022-08-05 21:39:27.679 1315-1315/system_process W/ContextImpl: Calling a method in the system process without a qualified user: android.app.ContextImpl.startService:1358 com.android.server.content.SyncManager$13.run:658 android.os.Handler.handleCallback:751 android.os.Handler.dispatchMessage:95 android.os.Looper.loop:154 
2022-08-05 21:39:27.694 1410-1410/com.android.systemui V/SystemUIService: Starting SystemUI services for user 0.
2022-08-05 21:39:27.701 1315-1643/system_process E/ActivityThread: Failed to find provider info for call_log
2022-08-05 21:39:27.708 1315-1315/system_process W/System: ClassLoader referenced unknown path: /system/priv-app/FusedLocation/lib/x86_64
2022-08-05 21:39:27.709 1315-1315/system_process D/ApplicationLoaders: ignored Vulkan layer search path /system/priv-app/FusedLocation/lib/x86_64:/system/priv-app/FusedLocation/FusedLocation.apk!/lib/x86_64:/system/lib64:/vendor/lib64 for namespace 0x7ffff7e22240
2022-08-05 21:39:27.713 1315-1315/system_process D/GpsNetInitiatedHandler: location enabled :true
2022-08-05 21:39:27.713 1315-1315/system_process I/WiredAccessoryManager: notifyWiredAccessoryChanged: when=0 bits= mask=154
2022-08-05 21:39:27.713 1410-1410/com.android.systemui V/MediaRouter: Adding route: RouteInfo{ name=, description=null, status=null, category=RouteCategory{ name=null types=ROUTE_TYPE_LIVE_AUDIO ROUTE_TYPE_LIVE_VIDEO  groupable=false }, supportedTypes=ROUTE_TYPE_LIVE_AUDIO ROUTE_TYPE_LIVE_VIDEO , presentationDisplay=null }
2022-08-05 21:39:27.713 1315-1315/system_process V/WiredAccessoryManager: newName=h2w newState=0 headsetState=0 prev headsetState=0
2022-08-05 21:39:27.713 1315-1315/system_process E/WiredAccessoryManager: No state change.
2022-08-05 21:39:27.714 1315-1315/system_process V/WiredAccessoryManager: init()
2022-08-05 21:39:27.722 1410-1410/com.android.systemui V/MediaRouter: Updating audio routes: AudioRoutesInfo{ type=SPEAKER }
2022-08-05 21:39:27.722 1410-1410/com.android.systemui V/MediaRouter: Selecting route: RouteInfo{ name=, description=null, status=null, category=RouteCategory{ name=null types=ROUTE_TYPE_LIVE_AUDIO ROUTE_TYPE_LIVE_VIDEO  groupable=false }, supportedTypes=ROUTE_TYPE_LIVE_AUDIO ROUTE_TYPE_LIVE_VIDEO , presentationDisplay=null }
2022-08-05 21:39:27.741 1315-1315/system_process W/VibratorService: Tried to stop vibrating but there is no vibrator device.
2022-08-05 21:39:27.745 1315-1315/system_process D/ConditionProviders.SCP: onSubscribe condition://android/schedule?days=1.2.3.4.5&start=22.0&end=7.0&exitAtAlarm=false
2022-08-05 21:39:27.745 1315-1315/system_process D/ConditionProviders.SCP: setRegistered true
2022-08-05 21:39:27.746 1315-1315/system_process D/ConditionProviders.SCP: notifyCondition condition://android/schedule?days=1.2.3.4.5&start=22.0&end=7.0&exitAtAlarm=false STATE_FALSE reason=!meetsSchedule
2022-08-05 21:39:27.747 1315-1315/system_process D/ConditionProviders.SCP: Scheduling evaluate for Fri Aug 05 22:00:00 GMT+08:00 2022 (1659708000000), in +20m32s254ms, now=Fri Aug 05 21:39:27 GMT+08:00 2022 (1659706767746)
2022-08-05 21:39:27.747 1315-1315/system_process D/ConditionProviders.SCP: onSubscribe condition://android/schedule?days=6.7&start=23.30&end=10.0&exitAtAlarm=false
2022-08-05 21:39:27.747 1315-1315/system_process D/ConditionProviders.SCP: notifyCondition condition://android/schedule?days=6.7&start=23.30&end=10.0&exitAtAlarm=false STATE_FALSE reason=!meetsSchedule
2022-08-05 21:39:27.747 1315-1315/system_process D/ConditionProviders.SCP: notifyCondition condition://android/schedule?days=1.2.3.4.5&start=22.0&end=7.0&exitAtAlarm=false STATE_FALSE reason=!meetsSchedule
2022-08-05 21:39:27.747 1315-1315/system_process D/ConditionProviders.SCP: Scheduling evaluate for Fri Aug 05 22:00:00 GMT+08:00 2022 (1659708000000), in +20m32s253ms, now=Fri Aug 05 21:39:27 GMT+08:00 2022 (1659706767747)
2022-08-05 21:39:27.747 1315-1315/system_process D/RttService: SCAN_AVAILABLE : 3
2022-08-05 21:39:27.747 1315-1372/system_process D/RttService: DefaultState got{ when=0 what=160512 target=com.android.internal.util.StateMachine$SmHandler }
2022-08-05 21:39:27.748 1315-1315/system_process I/Telecom: WiredHeadsetManager: ACTION_HEADSET_PLUG event, plugged in: false, : WHC.oADA@AAE
2022-08-05 21:39:27.749 1315-1379/system_process E/ActivityThread: Failed to find provider info for com.android.calendar
2022-08-05 21:39:27.749 1315-1379/system_process E/ActivityThread: Failed to find provider info for com.android.calendar
2022-08-05 21:39:27.750 1315-1315/system_process I/ActivityManager: user 0 is still locked. Cannot load recents
2022-08-05 21:39:27.790 1570-1570/com.android.phone D/PhoneSwitcherNetworkRequstListener: Registering NetworkFactory
2022-08-05 21:39:27.790 1315-1373/system_process D/ConnectivityService: Got NetworkFactory Messenger for PhoneSwitcherNetworkRequstListener
2022-08-05 21:39:27.792 1315-1373/system_process D/ConnectivityService: Got NetworkFactory Messenger for TelephonyNetworkFactory[0]
2022-08-05 21:39:27.799 1570-1570/com.android.phone D/CarrierConfigLoader: CarrierConfigLoader has started
2022-08-05 21:39:27.800 1315-1556/system_process D/BluetoothManagerService: Trying to bind to profile: 1, while Bluetooth was disabled
2022-08-05 21:39:27.804 1315-1371/system_process I/WifiScanningService: wifi driver loaded with scan capabilities: max buckets=16
2022-08-05 21:39:27.805 1570-1570/com.android.phone I/Telephony: TtyManager: updateUiTtyMode -1 -> 0
2022-08-05 21:39:27.836 1570-1660/com.android.phone E/ActivityThread: Failed to find provider info for com.android.contacts
2022-08-05 21:39:27.836 1570-1660/com.android.phone W/CallerInfoCache: cursor is null
2022-08-05 21:39:27.842 1315-1328/system_process I/SyncManager: Got SyncJobService instance.
2022-08-05 21:39:27.842 1315-1315/system_process I/GnssLocationProvider: WakeLock acquired by sendMessage(12, 0, null)
2022-08-05 21:39:27.842 1315-1315/system_process I/FusedLocation: engine started (com.android.location.fused)
2022-08-05 21:39:27.844 1588-1588/? I/HostConnection: HostConnection::HostConnection: pid=1588, tid=1588, this=0x7fffe8b7c120
2022-08-05 21:39:27.845 1588-1588/? D/HostConnection: HostRPC::connect sucess: app=com.android.settings, pid=1588, tid=1588, this=0x7fffd5855a40
2022-08-05 21:39:27.845 1588-1588/? D/HostConnection: queryAndSetGLESMaxVersion select gles-version: 3.1 hostGLVersion:46 process:com.android.settings
2022-08-05 21:39:27.846 1588-1588/? D/HostConnection: recv ProcessPuidReply name=com.android.settings puid=3 g_u64CapsFlag=1d
2022-08-05 21:39:27.851 1315-1328/system_process E/GnssLocationProvider: no AGPS interface in set_agps_server
2022-08-05 21:39:27.853 1315-1328/system_process E/GnssLocationProvider: no AGPS interface in set_agps_server
2022-08-05 21:39:27.853 1315-1328/system_process I/GnssLocationProvider: WakeLock released by handleMessage(12, 0, null)
2022-08-05 21:39:27.861 1570-1570/com.android.phone D/PhoneSwitcherNetworkRequstListener: got request NetworkRequest [ REQUEST id=1, [ Capabilities: INTERNET&NOT_RESTRICTED&TRUSTED&NOT_VPN] ] with score 50
2022-08-05 21:39:27.861 1570-1570/com.android.phone D/TelephonyDebugService: TelephonyDebugService()
2022-08-05 21:39:27.861 1570-1570/com.android.phone D/CarrierConfigLoader: mHandler: 12 phoneId: 0
2022-08-05 21:39:27.866 1570-1570/com.android.phone E/PhoneInterfaceManager: [PhoneIntfMgr] getIccId: No UICC
2022-08-05 21:39:27.879 1588-1648/? I/HostConnection: HostConnection::HostConnection: pid=1588, tid=1648, this=0x7fffeb61e4e0
2022-08-05 21:39:27.880 1117-1165/? I/HostConnection: HostConnection::HostConnection: pid=1117, tid=1165, this=0x7ffff7230460
2022-08-05 21:39:27.880 1588-1648/? D/HostConnection: HostRPC::connect sucess: app=com.android.settings, pid=1588, tid=1648, this=0x7fffeb65c940
2022-08-05 21:39:27.880 1588-1648/? D/HostConnection: queryAndSetGLESMaxVersion select gles-version: 3.1 hostGLVersion:46 process:com.android.settings
2022-08-05 21:39:27.881 1117-1165/? D/HostConnection: HostRPC::connect sucess: app=/system/bin/surfaceflinger, pid=1117, tid=1165, this=0x7ffff521e240
2022-08-05 21:39:27.881 1117-1165/? D/HostConnection: queryAndSetGLESMaxVersion select gles-version: 3.1 hostGLVersion:46 process:/system/bin/surfaceflinger
2022-08-05 21:39:27.881 1588-1648/? I/OpenGLRenderer: Initialized EGL, version 1.4
2022-08-05 21:39:27.881 1588-1648/? D/OpenGLRenderer: Swap behavior 1
2022-08-05 21:39:27.881 1588-1648/? I/EGL_adreno: eglCreateContext request GLES major-version=2
2022-08-05 21:39:27.884 1315-1587/system_process I/Telecom: PhoneAccountRegistrar: [ComponentInfo{com.android.phone/com.android.services.telephony.TelephonyConnectionService}, [e0184adedf913b076626646d3f52c3b49c39ad6d], UserHandle{0}(icon: Icon(typ=BITMAP size=29x36) -> Icon(typ=BITMAP size=29x36))]: TSI.rPA@AAM
2022-08-05 21:39:27.885 1315-1587/system_process I/Telecom: : Sending phone-account registered intent as user: TSI.rPA@AAM
2022-08-05 21:39:27.885 1570-1570/com.android.phone I/Telephony: AccountEntry: Registered phoneAccount: [[ ] PhoneAccount: ComponentInfo{com.android.phone/com.android.services.telephony.TelephonyConnectionService}, [e0184adedf913b076626646d3f52c3b49c39ad6d], UserHandle{0} Capabilities: CallProvider MultiUser PlaceEmerg SimSub  Audio Routes: BESW Schemes: tel voicemail  Extras: null GroupId: [da39a3ee5e6b4b0d3255bfef95601890afd80709]] with handle: ComponentInfo{com.android.phone/com.android.services.telephony.TelephonyConnectionService}, [e0184adedf913b076626646d3f52c3b49c39ad6d], UserHandle{0}
2022-08-05 21:39:27.886 1570-1570/com.android.phone I/Telephony: PstnIncomingCallNotifier: Registering: Handler (com.android.internal.telephony.GsmCdmaPhone) {e7c3c18}
2022-08-05 21:39:27.889 1570-1570/com.android.phone E/PhoneInterfaceManager: [PhoneIntfMgr] getIccId: No UICC
2022-08-05 21:39:27.891 1315-1587/system_process I/Telecom: PhoneAccountRegistrar: [ComponentInfo{com.android.phone/com.android.services.telephony.TelephonyConnectionService}, [e0184adedf913b076626646d3f52c3b49c39ad6d], UserHandle{0}(icon: Icon(typ=BITMAP size=29x36) -> Icon(typ=BITMAP size=29x36))]: TSI.rPA@AAY
2022-08-05 21:39:27.891 1315-1587/system_process I/Telecom: : Sending phone-account registered intent as user: TSI.rPA@AAY
2022-08-05 21:39:27.896 1410-1662/com.android.systemui E/WVMExtractor: Failed to open libwvm.so: dlopen failed: library "libwvm.so" not found
2022-08-05 21:39:27.911 1588-1648/? D/EGL_adreno: eglCreateContext: 0x7fffeb6470a0: maj 3 min 1 rcv 4
2022-08-05 21:39:27.915 1133-1133/? I/MediaPlayerService: MediaPlayerService::getOMX
2022-08-05 21:39:27.916 1410-1665/com.android.systemui I/OMXClient: MuxOMX ctor
2022-08-05 21:39:27.916 1130-1501/? I/OMXMaster: makeComponentInstance(OMX.ffmpeg.vorbis.decoder) in mediacodec process
2022-08-05 21:39:27.916 1130-1501/? V/FFmpegOMXPlugin: makeComponentInstance 'OMX.ffmpeg.vorbis.decoder'
2022-08-05 21:39:27.916 1130-1501/? D/SoftFFmpegAudio: SoftFFmpegAudio component: OMX.ffmpeg.vorbis.decoder mCodingType: 24
2022-08-05 21:39:27.916 1410-1665/com.android.systemui D/FFMPEGSoftCodec: No PCM format specified, using 16 bit
2022-08-05 21:39:27.917 1130-1130/? D/SoftFFmpegAudio: set OMX_IndexParamAudioVorbis, nChannels=2, nSampleRate=44100, nBitRate=0, nMinBitRate=0, nMaxBitRate=0
2022-08-05 21:39:27.920 1130-1666/? D/SoftFFmpegAudio: begin to open ffmpeg audio decoder(vorbis), mCtx sample_rate: 44100, channels: 2
2022-08-05 21:39:27.921 1130-1666/? D/SoftFFmpegAudio: open ffmpeg audio decoder(vorbis) success, mCtx sample_rate: 44100, channels: 2, sample_fmt: fltp, bits_per_coded_sample: 0, bits_per_raw_sample: 0
2022-08-05 21:39:27.922 1130-1666/? I/SoftFFmpegAudio: Create sample rate converter for conversion of 44100 Hz fltp 2 channels(stereo) to 44100 Hz s16 2 channels(stereo)!
2022-08-05 21:39:27.928 1130-1666/? D/SoftFFmpegAudio: ffmpeg audio decoder eos
2022-08-05 21:39:27.928 1130-1666/? D/SoftFFmpegAudio: ffmpeg audio decoder fill eos outbuf
2022-08-05 21:39:27.945 1410-1410/com.android.systemui I/vol.Events: writeEvent collection_started
2022-08-05 21:39:27.946 1410-1668/com.android.systemui I/vol.Events: writeEvent external_ringer_mode_changed normal
2022-08-05 21:39:27.946 1410-1668/com.android.systemui I/vol.Events: writeEvent internal_ringer_mode_changed normal
2022-08-05 21:39:27.953 1588-1648/? D/EGL_adreno: eglMakeCurrent: 0x7fffeb6470a0: ver 3 1 (tinfo 0x7fffeb60d320)
2022-08-05 21:39:27.973 1410-1668/com.android.systemui I/vol.Events: writeEvent level_changed STREAM_ALARM 6
2022-08-05 21:39:27.974 1410-1668/com.android.systemui I/vol.Events: writeEvent level_changed STREAM_BLUETOOTH_SCO 7
2022-08-05 21:39:27.975 1410-1668/com.android.systemui I/vol.Events: writeEvent level_changed STREAM_MUSIC 11
2022-08-05 21:39:27.977 1133-1133/? I/MediaPlayerService: MediaPlayerService::getOMX
2022-08-05 21:39:27.977 1410-1671/com.android.systemui I/OMXClient: MuxOMX ctor
2022-08-05 21:39:27.977 1130-1150/? I/OMXMaster: makeComponentInstance(OMX.ffmpeg.vorbis.decoder) in mediacodec process
2022-08-05 21:39:27.977 1130-1150/? V/FFmpegOMXPlugin: makeComponentInstance 'OMX.ffmpeg.vorbis.decoder'
2022-08-05 21:39:27.977 1130-1150/? D/SoftFFmpegAudio: SoftFFmpegAudio component: OMX.ffmpeg.vorbis.decoder mCodingType: 24
2022-08-05 21:39:27.978 1410-1671/com.android.systemui D/FFMPEGSoftCodec: No PCM format specified, using 16 bit
2022-08-05 21:39:27.978 1130-1130/? D/SoftFFmpegAudio: set OMX_IndexParamAudioVorbis, nChannels=2, nSampleRate=44100, nBitRate=0, nMinBitRate=0, nMaxBitRate=0
2022-08-05 21:39:27.981 1130-1672/? D/SoftFFmpegAudio: begin to open ffmpeg audio decoder(vorbis), mCtx sample_rate: 44100, channels: 2
2022-08-05 21:39:27.981 1130-1672/? D/SoftFFmpegAudio: open ffmpeg audio decoder(vorbis) success, mCtx sample_rate: 44100, channels: 2, sample_fmt: fltp, bits_per_coded_sample: 0, bits_per_raw_sample: 0
2022-08-05 21:39:27.981 1130-1672/? I/SoftFFmpegAudio: Create sample rate converter for conversion of 44100 Hz fltp 2 channels(stereo) to 44100 Hz s16 2 channels(stereo)!
2022-08-05 21:39:27.989 1130-1672/? D/SoftFFmpegAudio: ffmpeg audio decoder eos
2022-08-05 21:39:27.989 1130-1672/? D/SoftFFmpegAudio: ffmpeg audio decoder fill eos outbuf
2022-08-05 21:39:27.992 1410-1668/com.android.systemui I/vol.Events: writeEvent level_changed STREAM_RING 5
2022-08-05 21:39:27.992 1410-1668/com.android.systemui I/vol.Events: writeEvent level_changed STREAM_SYSTEM 5
2022-08-05 21:39:27.994 1410-1668/com.android.systemui I/vol.Events: writeEvent level_changed STREAM_VOICE_CALL 4
2022-08-05 21:39:28.004 1133-1462/? I/MediaPlayerService: MediaPlayerService::getOMX
2022-08-05 21:39:28.005 1410-1674/com.android.systemui I/OMXClient: MuxOMX ctor
2022-08-05 21:39:28.005 1130-1130/? I/OMXMaster: makeComponentInstance(OMX.ffmpeg.vorbis.decoder) in mediacodec process
2022-08-05 21:39:28.005 1130-1130/? V/FFmpegOMXPlugin: makeComponentInstance 'OMX.ffmpeg.vorbis.decoder'
2022-08-05 21:39:28.005 1130-1130/? D/SoftFFmpegAudio: SoftFFmpegAudio component: OMX.ffmpeg.vorbis.decoder mCodingType: 24
2022-08-05 21:39:28.006 1410-1674/com.android.systemui D/FFMPEGSoftCodec: No PCM format specified, using 16 bit
2022-08-05 21:39:28.006 1130-1501/? D/SoftFFmpegAudio: set OMX_IndexParamAudioVorbis, nChannels=2, nSampleRate=44100, nBitRate=0, nMinBitRate=0, nMaxBitRate=0
2022-08-05 21:39:28.008 1588-1648/? D/HostConnection: ExtendedRCEncoderContext GL_VERSION return OpenGL ES 3.1
2022-08-05 21:39:28.012 1130-1675/? D/SoftFFmpegAudio: begin to open ffmpeg audio decoder(vorbis), mCtx sample_rate: 44100, channels: 2
2022-08-05 21:39:28.012 1588-1648/? E/EGL_adreno: tid 1648: eglSurfaceAttrib(1338): error 0x3009 (EGL_BAD_MATCH)
2022-08-05 21:39:28.012 1588-1648/? W/OpenGLRenderer: Failed to set EGL_SWAP_BEHAVIOR on surface 0x7fffeb61dd80, error=EGL_BAD_MATCH
2022-08-05 21:39:28.013 1130-1675/? D/SoftFFmpegAudio: open ffmpeg audio decoder(vorbis) success, mCtx sample_rate: 44100, channels: 2, sample_fmt: fltp, bits_per_coded_sample: 0, bits_per_raw_sample: 0
2022-08-05 21:39:28.013 1588-1648/? D/EGL_adreno: eglMakeCurrent: 0x7fffeb6470a0: ver 3 1 (tinfo 0x7fffeb60d320)
2022-08-05 21:39:28.013 1130-1675/? I/SoftFFmpegAudio: Create sample rate converter for conversion of 44100 Hz fltp 2 channels(stereo) to 44100 Hz s16 2 channels(stereo)!
2022-08-05 21:39:28.015 1410-1410/com.android.systemui I/HostConnection: HostConnection::HostConnection: pid=1410, tid=1410, this=0x7fffeb416b40
2022-08-05 21:39:28.016 1410-1410/com.android.systemui D/HostConnection: HostRPC::connect sucess: app=com.android.systemui, pid=1410, tid=1410, this=0x7fffeb4ad4c0
2022-08-05 21:39:28.016 1410-1410/com.android.systemui D/HostConnection: queryAndSetGLESMaxVersion select gles-version: 3.1 hostGLVersion:46 process:com.android.systemui
2022-08-05 21:39:28.016 1410-1410/com.android.systemui D/HostConnection: recv ProcessPuidReply name=com.android.systemui puid=4 g_u64CapsFlag=1d
2022-08-05 21:39:28.017 1130-1675/? D/SoftFFmpegAudio: ffmpeg audio decoder eos
2022-08-05 21:39:28.017 1130-1675/? D/SoftFFmpegAudio: ffmpeg audio decoder fill eos outbuf
2022-08-05 21:39:28.023 1315-1329/system_process W/ActivityManager: Unable to start service Intent { flg=0x100 cmp=com.android.systemui/.keyguard.KeyguardService } U=0: not found
2022-08-05 21:39:28.023 1315-1329/system_process V/KeyguardServiceDelegate: *** Keyguard: can't bind to ComponentInfo{com.android.systemui/com.android.systemui.keyguard.KeyguardService}
2022-08-05 21:39:28.023 1315-1336/system_process I/ActivityManager: Displayed com.android.settings/.FallbackHome: +503ms
2022-08-05 21:39:28.024 1315-1329/system_process D/sensor_hal: cb_activate handle=0 enabled=1
2022-08-05 21:39:28.024 1315-1329/system_process D/sensor_hal: cb_setDelay handle=0 delay-ns=200000000
2022-08-05 21:39:28.024 1315-1329/system_process W/KeyguardServiceDelegate: onScreenTurningOn(): no keyguard service!
2022-08-05 21:39:28.035 1410-1410/com.android.systemui D/StorageNotification: Notifying about private volume: VolumeInfo{private}:
        type=PRIVATE diskId=null partGuid=null mountFlags=0 mountUserId=-1 
        state=MOUNTED 
        fsType=null fsUuid=null fsLabel=null 
        path=/data internalPath=null 
2022-08-05 21:39:28.051 1315-1336/system_process I/HostConnection: HostConnection::HostConnection: pid=1315, tid=1336, this=0x7fffeb61cd20
2022-08-05 21:39:28.052 1315-1336/system_process D/HostConnection: HostRPC::connect sucess: app=system_server, pid=1315, tid=1336, this=0x7fffcd3a5b00
2022-08-05 21:39:28.052 1315-1336/system_process D/HostConnection: queryAndSetGLESMaxVersion select gles-version: 3.1 hostGLVersion:46 process:system_server
2022-08-05 21:39:28.072 1315-1587/system_process I/StatusBarManagerService: registerStatusBar bar=com.android.internal.statusbar.IStatusBar$Stub$Proxy@62a3af3
2022-08-05 21:39:28.174 1410-1410/com.android.systemui E/BluetoothInputDevice: Could not bind to Bluetooth HID Service with Intent { act=android.bluetooth.IBluetoothInputDevice }
2022-08-05 21:39:28.174 1410-1410/com.android.systemui E/BluetoothPan: Could not bind to Bluetooth Pan Service with Intent { act=android.bluetooth.IBluetoothPan }
2022-08-05 21:39:28.174 1410-1410/com.android.systemui D/LocalBluetoothProfileManager: Adding local MAP profile
2022-08-05 21:39:28.175 1410-1410/com.android.systemui D/BluetoothMap: Create BluetoothMap proxy object
2022-08-05 21:39:28.175 1410-1410/com.android.systemui E/BluetoothMap: Could not bind to Bluetooth MAP Service with Intent { act=android.bluetooth.IBluetoothMap }
2022-08-05 21:39:28.175 1410-1410/com.android.systemui E/BluetoothPbap: Could not bind to Bluetooth Pbap Service with Intent { act=android.bluetooth.IBluetoothPbap }
2022-08-05 21:39:28.175 1410-1410/com.android.systemui D/LocalBluetoothProfileManager: LocalBluetoothProfileManager construction complete
2022-08-05 21:39:28.179 1410-1410/com.android.systemui I/CameraManagerGlobal: Connecting to camera service
2022-08-05 21:39:28.185 1125-1125/? I/CameraService: getCameraCharacteristics: Switching to HAL1 shim implementation...
2022-08-05 21:39:28.185 1125-1125/? D/Camera_Factory: CameraFactory::get_camera_info
2022-08-05 21:39:28.185 1125-1125/? D/Camera_Factory: CameraFactory::getCameraInfo: id = 0, info = 0xffffd438
2022-08-05 21:39:28.185 1125-1125/? D/Camera_Factory: CameraFactory::getCameraNum: 2
2022-08-05 21:39:28.186 1125-1125/? D/CameraHardware: CameraHardware::getCameraInfo
2022-08-05 21:39:28.186 1125-1125/? I/CameraService: CameraService::connect call (PID -1 "cameraserver", camera ID 0) for HAL version default and Camera API version 1
2022-08-05 21:39:28.186 1125-1125/? E/CameraService: getCameraPriorityFromProcState: Received invalid process state -1 from ActivityManagerService!
2022-08-05 21:39:28.186 1125-1125/? D/Camera_Factory: CameraFactory::get_number_of_cameras
2022-08-05 21:39:28.186 1125-1125/? D/Camera_Factory: CameraFactory::getCameraNum: 2
2022-08-05 21:39:28.186 1125-1125/? D/Camera_Factory: CameraFactory::get_camera_info
2022-08-05 21:39:28.186 1125-1125/? D/Camera_Factory: CameraFactory::getCameraInfo: id = 0, info = 0xffffd118
2022-08-05 21:39:28.186 1125-1125/? D/Camera_Factory: CameraFactory::getCameraNum: 2
2022-08-05 21:39:28.186 1125-1125/? D/CameraHardware: CameraHardware::getCameraInfo
2022-08-05 21:39:28.199 1133-1685/? E/WVMExtractor: Failed to open libwvm.so: dlopen failed: library "libwvm.so" not found
2022-08-05 21:39:28.207 1133-1684/? D/NuPlayerDriver: notifyListener_l(0xf4f8c2a0), (1, 0, 0), loop setting(0, 0)
2022-08-05 21:39:28.220 1133-1686/? D/NuPlayerDriver: notifyListener_l(0xf67a83e0), (1, 0, 0), loop setting(0, 0)
2022-08-05 21:39:28.224 1133-1688/? D/NuPlayerDriver: notifyListener_l(0xf67a8200), (1, 0, 0), loop setting(0, 0)
2022-08-05 21:39:28.224 1125-1125/? I/CameraFlashlight: Opening camera 0
2022-08-05 21:39:28.224 1125-1125/? D/Camera_Factory: CameraFactory::get_camera_info
2022-08-05 21:39:28.224 1125-1125/? D/Camera_Factory: CameraFactory::getCameraInfo: id = 0, info = 0xffffd088
2022-08-05 21:39:28.224 1125-1125/? D/Camera_Factory: CameraFactory::getCameraNum: 2
2022-08-05 21:39:28.224 1125-1125/? D/CameraHardware: CameraHardware::getCameraInfo
2022-08-05 21:39:28.224 1125-1125/? D/Camera_Factory: CameraFactory::device_open: name = 0
2022-08-05 21:39:28.224 1125-1125/? D/Camera_Factory: CameraFactory::cameraDeviceOpen: id = 0
2022-08-05 21:39:28.224 1125-1125/? D/Camera_Factory: CameraFactory::getCameraNum: 2
2022-08-05 21:39:28.224 1125-1125/? D/CameraHardware: CameraHardware::connectCamera
2022-08-05 21:39:28.224 1125-1125/? D/CameraHardware: CameraHardware::setCallbacks
2022-08-05 21:39:28.224 1125-1125/? D/CameraHardware: CameraHardware::enableMsgType: 3085
2022-08-05 21:39:28.224 1125-1125/? D/CameraHardware: CameraHardware::getParameters
2022-08-05 21:39:28.224 1125-1125/? D/CameraHardware: CameraHardware::putParameters
2022-08-05 21:39:28.224 1125-1125/? D/CameraHardware: CameraHardware::disableMsgType: 65535
2022-08-05 21:39:28.224 1125-1125/? D/CameraHardware: CameraHardware::stopPreview
2022-08-05 21:39:28.224 1125-1125/? D/CameraHardware: CameraHardware::stopPreviewLocked
2022-08-05 21:39:28.224 1125-1125/? D/CameraHardware: CameraHardware::stopPreviewLocked: OK
2022-08-05 21:39:28.224 1125-1125/? D/CameraHardware: CameraHardware::cancelPicture
2022-08-05 21:39:28.224 1125-1125/? D/CameraHardware: CameraHardware::releaseCamera
2022-08-05 21:39:28.224 1125-1125/? I/CameraFlashlight: Destroying camera 0
2022-08-05 21:39:28.224 1125-1125/? D/CameraHardware: CameraHardware::closeCamera
2022-08-05 21:39:28.224 1125-1125/? D/CameraHardware: CameraHardware::releaseCamera
2022-08-05 21:39:28.234 1125-1125/? D/Camera_Factory: CameraFactory::get_number_of_cameras
2022-08-05 21:39:28.234 1125-1125/? D/Camera_Factory: CameraFactory::getCameraNum: 2
2022-08-05 21:39:28.234 1125-1125/? I/CameraService: disconnect: Disconnected client for camera 0 for PID 1125
2022-08-05 21:39:28.234 1133-1462/? D/NuPlayerDriver: reset(0xf4f8c2a0) at state 4
2022-08-05 21:39:28.234 1133-1462/? D/NuPlayerDriver: notifyListener_l(0xf4f8c2a0), (8, 0, 0), loop setting(0, 0)
2022-08-05 21:39:28.235 1133-1684/? W/AMessage: failed to post message as target looper for handler 0 is gone.
2022-08-05 21:39:28.235 1133-1684/? D/NuPlayerDriver: notifyResetComplete(0xf4f8c2a0)
2022-08-05 21:39:28.235 1133-1156/? D/NuPlayerDriver: reset(0xf67a83e0) at state 4
2022-08-05 21:39:28.235 1133-1156/? D/NuPlayerDriver: notifyListener_l(0xf67a83e0), (8, 0, 0), loop setting(0, 0)
2022-08-05 21:39:28.235 1133-1686/? W/AMessage: failed to post message as target looper for handler 0 is gone.
2022-08-05 21:39:28.235 1133-1686/? D/NuPlayerDriver: notifyResetComplete(0xf67a83e0)
2022-08-05 21:39:28.235 1133-1156/? D/NuPlayerDriver: reset(0xf67a8200) at state 4
2022-08-05 21:39:28.236 1133-1156/? D/NuPlayerDriver: notifyListener_l(0xf67a8200), (8, 0, 0), loop setting(0, 0)
2022-08-05 21:39:28.236 1133-1688/? W/AMessage: failed to post message as target looper for handler 0 is gone.
2022-08-05 21:39:28.236 1133-1688/? D/NuPlayerDriver: notifyResetComplete(0xf67a8200)
2022-08-05 21:39:28.236 1125-1384/? I/CameraService: getCameraCharacteristics: Switching to HAL1 shim implementation...
2022-08-05 21:39:28.236 1125-1384/? D/Camera_Factory: CameraFactory::get_camera_info
2022-08-05 21:39:28.236 1125-1384/? D/Camera_Factory: CameraFactory::getCameraInfo: id = 1, info = 0xf5c7f158
2022-08-05 21:39:28.236 1125-1384/? D/Camera_Factory: CameraFactory::getCameraNum: 2
2022-08-05 21:39:28.236 1125-1384/? D/CameraHardware: CameraHardware::getCameraInfo
2022-08-05 21:39:28.236 1125-1384/? I/CameraService: CameraService::connect call (PID -1 "cameraserver", camera ID 1) for HAL version default and Camera API version 1
2022-08-05 21:39:28.236 1125-1384/? E/CameraService: getCameraPriorityFromProcState: Received invalid process state -1 from ActivityManagerService!
2022-08-05 21:39:28.236 1125-1384/? D/Camera_Factory: CameraFactory::get_number_of_cameras
2022-08-05 21:39:28.236 1125-1384/? D/Camera_Factory: CameraFactory::getCameraNum: 2
2022-08-05 21:39:28.236 1125-1384/? D/Camera_Factory: CameraFactory::get_camera_info
2022-08-05 21:39:28.236 1125-1384/? D/Camera_Factory: CameraFactory::getCameraInfo: id = 1, info = 0xf5c7ee38
2022-08-05 21:39:28.236 1125-1384/? D/Camera_Factory: CameraFactory::getCameraNum: 2
2022-08-05 21:39:28.236 1125-1384/? D/CameraHardware: CameraHardware::getCameraInfo
2022-08-05 21:39:28.238 1133-1690/? D/NuPlayerDriver: notifyListener_l(0xf67a8800), (1, 0, 0), loop setting(0, 0)
2022-08-05 21:39:28.241 1133-1692/? D/NuPlayerDriver: notifyListener_l(0xf67a8680), (1, 0, 0), loop setting(0, 0)
2022-08-05 21:39:28.243 1133-1694/? D/NuPlayerDriver: notifyListener_l(0xf67a8200), (1, 0, 0), loop setting(0, 0)
2022-08-05 21:39:28.243 1125-1384/? I/CameraFlashlight: Opening camera 1
2022-08-05 21:39:28.243 1125-1384/? D/Camera_Factory: CameraFactory::get_camera_info
2022-08-05 21:39:28.243 1125-1384/? D/Camera_Factory: CameraFactory::getCameraInfo: id = 1, info = 0xf5c7eda8
2022-08-05 21:39:28.243 1125-1384/? D/Camera_Factory: CameraFactory::getCameraNum: 2
2022-08-05 21:39:28.243 1125-1384/? D/CameraHardware: CameraHardware::getCameraInfo
2022-08-05 21:39:28.243 1125-1384/? D/Camera_Factory: CameraFactory::device_open: name = 1
2022-08-05 21:39:28.243 1125-1384/? D/Camera_Factory: CameraFactory::cameraDeviceOpen: id = 1
2022-08-05 21:39:28.243 1125-1384/? D/Camera_Factory: CameraFactory::getCameraNum: 2
2022-08-05 21:39:28.243 1125-1384/? D/CameraHardware: CameraHardware::connectCamera
2022-08-05 21:39:28.243 1125-1384/? D/CameraHardware: CameraHardware::setCallbacks
2022-08-05 21:39:28.243 1125-1384/? D/CameraHardware: CameraHardware::enableMsgType: 3085
2022-08-05 21:39:28.243 1125-1384/? D/CameraHardware: CameraHardware::getParameters
2022-08-05 21:39:28.243 1125-1384/? D/CameraHardware: CameraHardware::putParameters
2022-08-05 21:39:28.243 1125-1384/? D/CameraHardware: CameraHardware::disableMsgType: 65535
2022-08-05 21:39:28.243 1125-1384/? D/CameraHardware: CameraHardware::stopPreview
2022-08-05 21:39:28.243 1125-1384/? D/CameraHardware: CameraHardware::stopPreviewLocked
2022-08-05 21:39:28.243 1125-1384/? D/CameraHardware: CameraHardware::stopPreviewLocked: OK
2022-08-05 21:39:28.243 1125-1384/? D/CameraHardware: CameraHardware::cancelPicture
2022-08-05 21:39:28.243 1125-1384/? D/CameraHardware: CameraHardware::releaseCamera
2022-08-05 21:39:28.243 1125-1384/? I/CameraFlashlight: Destroying camera 1
2022-08-05 21:39:28.243 1125-1384/? D/CameraHardware: CameraHardware::closeCamera
2022-08-05 21:39:28.243 1125-1384/? D/CameraHardware: CameraHardware::releaseCamera
2022-08-05 21:39:28.243 1125-1384/? D/Camera_Factory: CameraFactory::get_number_of_cameras
2022-08-05 21:39:28.243 1125-1384/? D/Camera_Factory: CameraFactory::getCameraNum: 2
2022-08-05 21:39:28.243 1125-1384/? I/CameraService: disconnect: Disconnected client for camera 1 for PID 1125
2022-08-05 21:39:28.243 1133-1156/? D/NuPlayerDriver: reset(0xf67a8800) at state 4
2022-08-05 21:39:28.243 1133-1156/? D/NuPlayerDriver: notifyListener_l(0xf67a8800), (8, 0, 0), loop setting(0, 0)
2022-08-05 21:39:28.243 1133-1690/? W/AMessage: failed to post message as target looper for handler 0 is gone.
2022-08-05 21:39:28.244 1133-1690/? D/NuPlayerDriver: notifyResetComplete(0xf67a8800)
2022-08-05 21:39:28.244 1133-1462/? D/NuPlayerDriver: reset(0xf67a8680) at state 4
2022-08-05 21:39:28.244 1133-1462/? D/NuPlayerDriver: notifyListener_l(0xf67a8680), (8, 0, 0), loop setting(0, 0)
2022-08-05 21:39:28.244 1133-1692/? W/AMessage: failed to post message as target looper for handler 0 is gone.
2022-08-05 21:39:28.244 1133-1692/? D/NuPlayerDriver: notifyResetComplete(0xf67a8680)
2022-08-05 21:39:28.244 1133-1133/? D/NuPlayerDriver: reset(0xf67a8200) at state 4
2022-08-05 21:39:28.244 1133-1133/? D/NuPlayerDriver: notifyListener_l(0xf67a8200), (8, 0, 0), loop setting(0, 0)
2022-08-05 21:39:28.244 1133-1694/? W/AMessage: failed to post message as target looper for handler 0 is gone.
2022-08-05 21:39:28.244 1133-1694/? D/NuPlayerDriver: notifyResetComplete(0xf67a8200)
2022-08-05 21:39:28.245 1125-1683/? D/Camera_Factory: CameraFactory::get_camera_info
