2022-08-05 21:39:18.627 1054-1054/? W/auditd: type=2000 audit(0.0:1): initialized
    
    
    --------- beginning of system
2022-08-05 21:39:20.507 1068-1068/? I/vold: Vold 3.0 (the awakening) firing up
2022-08-05 21:39:20.507 1068-1068/? V/vold: Detected support for: exfat ext4 iso9660 ntfs vfat
2022-08-05 21:39:20.509 1068-1068/? W/Vold: Tearing down stale mount /mnt/temp
2022-08-05 21:39:20.531 1068-1110/? D/vold: e4crypt_init_user0
2022-08-05 21:39:20.531 1068-1110/? D/vold: e4crypt_prepare_user_storage for volume null, user 0, serial 0, flags 1
2022-08-05 21:39:20.531 1068-1110/? D/vold: Preparing: /data/system/users/0
2022-08-05 21:39:20.531 1068-1110/? D/vold: Preparing: /data/misc/profiles/cur/0
2022-08-05 21:39:20.531 1068-1110/? D/vold: Preparing: /data/misc/profiles/cur/0/foreign-dex
2022-08-05 21:39:20.531 1068-1110/? D/vold: Preparing: /data/system_de/0
2022-08-05 21:39:20.531 1068-1110/? D/vold: Preparing: /data/misc_de/0
2022-08-05 21:39:20.532 1068-1110/? D/vold: Preparing: /data/user_de/0
2022-08-05 21:39:20.532 1068-1110/? D/vold: e4crypt_unlock_user_key 0 serial=0 token_present=0
2022-08-05 21:39:20.534 1-1/? I/vdc: 200 1072 Command succeeded
2022-08-05 21:39:20.536 1111-1111/? I//system/bin/tzdatacheck: tzdata file /data/misc/zoneinfo/current/tzdata does not exist. No action required.
2022-08-05 21:39:20.558 1115-1115/? I/lowmemorykiller: Using in-kernel low memory killer interface
2022-08-05 21:39:20.620 1129-1129/? I/keystore: Found keymaster0 module Keymaster OpenSSL HAL, version 2
2022-08-05 21:39:20.620 1129-1129/? I/SoftKeymaster: system/keymaster/soft_keymaster_device.cpp, Line 131: Creating device
2022-08-05 21:39:20.620 1129-1129/? D/SoftKeymaster: system/keymaster/soft_keymaster_device.cpp, Line 132: Device address: 0x7ffff723e000
2022-08-05 21:39:20.620 1129-1129/? I/keystore: Keymaster0 module is software-only.  Using SoftKeymasterDevice instead.
2022-08-05 21:39:20.620 1129-1129/? I/SoftKeymaster: system/keymaster/soft_keymaster_device.cpp, Line 131: Creating device
2022-08-05 21:39:20.620 1129-1129/? D/SoftKeymaster: system/keymaster/soft_keymaster_device.cpp, Line 132: Device address: 0x7ffff723e400
2022-08-05 21:39:20.620 1129-1129/? I/keystore: SELinux: Keystore SELinux is disabled.
2022-08-05 21:39:21.536 1136-1136/? I/gatekeeperd: Starting gatekeeperd...
2022-08-05 21:39:21.537 1136-1136/? W/gatekeeperd: falling back to software GateKeeper
2022-08-05 21:39:21.539 1119-1119/? I/ldinit: start mount vbox share-folder
2022-08-05 21:39:21.540 1138-1138/? I/houdini: houdini enabled
2022-08-05 21:39:21.546 1144-1144/? I/houdini: houdini64 enabled
2022-08-05 21:39:21.557 1119-1119/? I/ldinit: finish mount vbox share-folder
2022-08-05 21:39:22.136 1130-1130/? I/mediacodec: @@@ mediacodecservice starting
2022-08-05 21:39:22.137 1125-1125/? I/cameraserver: ServiceManager: 0xf6f1af40
2022-08-05 21:39:22.141 1125-1125/? I/CameraService: CameraService started (pid=1125)
2022-08-05 21:39:22.141 1125-1125/? I/CameraService: CameraService process starting
2022-08-05 21:39:22.141 1125-1125/? W/BatteryNotifier: batterystats service unavailable!
2022-08-05 21:39:22.141 1125-1125/? W/BatteryNotifier: batterystats service unavailable!
2022-08-05 21:39:22.142 1124-1124/? I/audioserver: ServiceManager: 0xf6e1af40
2022-08-05 21:39:22.142 1124-1124/? W/BatteryNotifier: batterystats service unavailable!
2022-08-05 21:39:22.142 1124-1124/? I/AudioFlinger: Using default 3000 mSec as standby time.
2022-08-05 21:39:22.142 1124-1124/? I/AudioPolicyService: AudioPolicyService CSTOR in new mode
2022-08-05 21:39:22.143 1124-1124/? E/APM::ConfigParsingUtils: replace dynamic sampleRate(44100) failed
2022-08-05 21:39:22.143 1124-1124/? I/APM::ConfigParsingUtils: loadAudioPolicyConfig() loaded /system/etc/audio_policy.conf
2022-08-05 21:39:22.146 1132-1132/? V/MediaUtils: physMem: 4294967295
2022-08-05 21:39:22.146 1132-1132/? V/MediaUtils: requested limit: 858993440
2022-08-05 21:39:22.146 1132-1132/? V/MediaUtils: actual limit: 858993440
2022-08-05 21:39:22.146 1132-1132/? V/MediaUtils: original limits: 4294967295/4294967295
2022-08-05 21:39:22.146 1132-1132/? V/MediaUtils: new limits: 858993440/4294967295
2022-08-05 21:39:22.146 1132-1132/? W//system/bin/mediaextractor: libminijail: allowing syscall: socketcall
2022-08-05 21:39:22.146 1132-1132/? W//system/bin/mediaextractor: libminijail: allowing syscall: writev
2022-08-05 21:39:22.146 1132-1132/? W//system/bin/mediaextractor: libminijail: allowing syscall: fcntl64
2022-08-05 21:39:22.146 1132-1132/? W//system/bin/mediaextractor: libminijail: allowing syscall: clock_gettime
2022-08-05 21:39:22.148 1132-1132/? W//system/bin/mediaextractor: libminijail: logging seccomp filter failures
2022-08-05 21:39:22.154 1131-1131/? I/mediaserver: ServiceManager: 0xf699afc0
2022-08-05 21:39:22.158 1133-1133/? I/mediaserver: ServiceManager: 0xf679afc0
2022-08-05 21:39:22.158 1133-1133/? W/BatteryNotifier: batterystats service unavailable!
2022-08-05 21:39:22.168 1125-1125/? D/Camera_Factory: CameraFactory::CameraFactory
2022-08-05 21:39:22.168 1125-1125/? D/Camera_Factory: CameraFactory::parseConfig: configFile = /etc/camera.cfg
2022-08-05 21:39:22.168 1125-1125/? D/Camera_Factory: /etc/camera.cfg not found, using camera configuration defaults
2022-08-05 21:39:22.168 1125-1125/? D/Camera_Factory: CameraFactory::newCameraConfig: 0 -> /dev/video0 (0)
2022-08-05 21:39:22.168 1125-1125/? D/Camera_Factory: CameraFactory::newCameraConfig: 1 -> /dev/video1 (0)
2022-08-05 21:39:22.168 1125-1125/? E/cutils-trace: Error opening trace file: Permission denied (13)
2022-08-05 21:39:22.168 1125-1125/? D/Camera_Factory: CameraFactory::get_number_of_cameras
2022-08-05 21:39:22.168 1125-1125/? D/Camera_Factory: CameraFactory::getCameraNum: 2
2022-08-05 21:39:22.168 1125-1125/? I/CameraService: Loaded "Camera Module" camera module
2022-08-05 21:39:22.168 1125-1125/? D/Camera_Factory: CameraFactory::get_number_of_cameras
2022-08-05 21:39:22.168 1125-1125/? D/Camera_Factory: CameraFactory::getCameraNum: 2
2022-08-05 21:39:22.168 1125-1125/? D/Camera_Factory: CameraFactory::get_number_of_cameras
2022-08-05 21:39:22.168 1125-1125/? D/Camera_Factory: CameraFactory::getCameraNum: 2
2022-08-05 21:39:22.168 1125-1125/? I/CameraFlashlight: Opening camera 0
2022-08-05 21:39:22.168 1125-1125/? D/Camera_Factory: CameraFactory::get_camera_info
2022-08-05 21:39:22.168 1125-1125/? D/Camera_Factory: CameraFactory::getCameraInfo: id = 0, info = 0xffffd768
2022-08-05 21:39:22.168 1125-1125/? D/Camera_Factory: CameraFactory::getCameraNum: 2
2022-08-05 21:39:22.168 1125-1125/? D/CameraHardware: CameraHardware::getCameraInfo
2022-08-05 21:39:22.168 1125-1125/? D/Camera_Factory: CameraFactory::device_open: name = 0
2022-08-05 21:39:22.168 1125-1125/? D/Camera_Factory: CameraFactory::cameraDeviceOpen: id = 0
2022-08-05 21:39:22.168 1125-1125/? D/Camera_Factory: CameraFactory::getCameraNum: 2
2022-08-05 21:39:22.168 1125-1125/? D/CameraHardware: CameraHardware::PowerOn: Power ON camera.
2022-08-05 21:39:22.168 1125-1125/? D/CameraHardware: CameraHardware::PowerOn: no power_file set
2022-08-05 21:39:22.168 1125-1125/? D/CameraHardware: CameraHardware::initDefaultParameters
2022-08-05 21:39:22.168 1125-1125/? D/V4L2Camera: V4L2CameraHost::V4L2CameraHost
2022-08-05 21:39:22.168 1124-1124/? D/audio_hw_hal: raw_device_open, module=0xf7e5a058, name =audio_hw_if, device=0xf6e480c0
2022-08-05 21:39:22.169 1125-1158/? D/V4L2Camera: V4L2CameraHost::getAvailableFormats from host
2022-08-05 21:39:22.169 1125-1158/? D/V4L2Camera: V4L2CameraHost::threadLoop entered.
2022-08-05 21:39:22.171 1125-1125/? D/V4L2Camera: V4L2Camera::getAvailableSizes
2022-08-05 21:39:22.171 1125-1125/? D/V4L2Camera: V4L2Camera::getAvailableFps
2022-08-05 21:39:22.171 1125-1125/? I/CameraHardware: Default preview size: (1280 x 720), fps:25
2022-08-05 21:39:22.171 1125-1125/? I/CameraHardware: All available formats: 176x144,240x160,320x200,320x240,352x288,432x320,480x320,640x480,1280x720
2022-08-05 21:39:22.171 1125-1125/? I/CameraHardware: All available fps: (25,25)
2022-08-05 21:39:22.171 1125-1125/? I/CameraHardware: Default picture size: (1280 x 720)
2022-08-05 21:39:22.172 1125-1125/? D/CameraHardware: CameraHardware::setParameters
2022-08-05 21:39:22.172 1125-1125/? D/CameraHardware: CameraHardware::setParameters: PREVIEW: Size 1280x720, 25 fps, format: yuv422sp
2022-08-05 21:39:22.172 1125-1125/? D/CameraHardware: CameraHardware::setParameters: PICTURE: Size 1280x720, format: jpeg
2022-08-05 21:39:22.172 1125-1125/? D/CameraHardware: CameraHardware::setParameters: VIDEO: Size 1280x720, format: yuv420p
2022-08-05 21:39:22.172 1125-1125/? D/CameraHardware: CameraHardware::initHeapLocked
2022-08-05 21:39:22.172 1125-1125/? E/CameraHardware: No memory allocator available
2022-08-05 21:39:22.172 1125-1125/? D/CameraHardware: CameraHardware::setParameters: OK parms=antibanding=auto;antibanding-values=auto;effect=none;effect-values=none;exposure-compensation=6;exposure-compensation-step=0.5;flash-mode=off;flash-mode-values=off;focal-length=4;focus-mode=fixed;focus-mode-values=fixed;horizontal-view-angle=90;jpeg-quality=85;jpeg-thumbnail-size-values=640x480,0x0;max-video-continuous-zoom=0;max-zoom=100;picture-format=jpeg;picture-format-values=jpeg;picture-size=1280x720;picture-size-values=176x144,240x160,320x200,320x240,352x288,432x320,480x320,640x480,1280x720;preferred-preview-size-for-video=640x480;preview-format=yuv422sp;preview-format-values=yuv422i-yuyv,yuv422sp,yuv420sp,yuv420p;preview-fps-range-values=(25,25);preview-frame-rate=25;preview-frame-rate-values=25;preview-size=1280x720;preview-size-values=176x144,240x160,320x200,320x240,352x288,432x320,480x320,640x480,1280x720;rotation=0;rotation-values=0;scene-mode=auto;scene-mode-values=auto;smooth-zoom-supported=false;vertical-view-angle=90;video-frame-format=yuv420p;video-siz
2022-08-05 21:39:22.172 1125-1125/? D/CameraHardware: CameraHardware::connectCamera
2022-08-05 21:39:22.172 1125-1125/? D/CameraHardware: CameraHardware::setCallbacks
2022-08-05 21:39:22.172 1125-1125/? D/CameraHardware: CameraHardware::getParameters
2022-08-05 21:39:22.172 1125-1125/? D/CameraHardware: CameraHardware::putParameters
2022-08-05 21:39:22.172 1134-1134/? I/Netd: Netd 1.0 starting
2022-08-05 21:39:22.172 1125-1125/? I/ServiceManager: Waiting for service SurfaceFlinger...
2022-08-05 21:39:22.172 1134-1134/? D/TetherController: Setting IP forward enable = 0
2022-08-05 21:39:22.172 1134-1134/? D/CommandListener: CommandListener::CommandListener createChildChains
2022-08-05 21:39:22.177 1124-1124/? I/AudioFlinger: loadHwModule() Loaded primary audio interface from Grouper audio HW HAL (audio) handle 10
2022-08-05 21:39:22.177 1124-1124/? I/AudioFlinger: openOutput(), module 10 Device 2, SamplingRate 48000, Format 0x000001, Channels 3, flags 2
2022-08-05 21:39:22.177 1124-1124/? D/audio_hw_hal: adev_open_output_stream, flags=0x2
2022-08-05 21:39:22.177 1124-1124/? I/AudioFlinger: HAL output buffer size 1024 frames, normal sink buffer size 1024 frames
2022-08-05 21:39:22.180 1124-1124/? W/EffectsFactory: loadLibrary() failed to open /system/vendor/lib/soundfx/libswdap.so
2022-08-05 21:39:22.180 1124-1124/? W/EffectsFactory: loadLibrary() failed to open /system/vendor/lib/soundfx/libhwdap.so
2022-08-05 21:39:22.180 1124-1124/? W/EffectsFactory: loadEffect() could not get library proxy
2022-08-05 21:39:22.180 1124-1124/? I/BufferProvider: found effect "Multichannel Downmix To Stereo" from The Android Open Source Project
2022-08-05 21:39:22.180 1124-1124/? I/AudioFlinger: Using module 10 has the primary audio interface
2022-08-05 21:39:22.180 1124-1160/? I/AudioFlinger: AudioFlinger's thread 0xf5983b80 ready to run
2022-08-05 21:39:22.180 1124-1160/? W/BatteryNotifier: batterystats service unavailable!
2022-08-05 21:39:22.180 1124-1160/? D/audio_hw_hal: log_func, out_standby
2022-08-05 21:39:22.180 1124-1160/? W/BatteryNotifier: batterystats service unavailable!
2022-08-05 21:39:22.180 1124-1160/? W/BatteryNotifier: batterystats service unavailable!
2022-08-05 21:39:22.180 1124-1160/? D/audio_hw_hal: out_set_parameters, kvpairs=routing=2 stream=0xf6e43140
2022-08-05 21:39:22.180 1124-1160/? W/AudioFlinger: no wake lock to update, system not ready yet
2022-08-05 21:39:22.180 1124-1160/? E/cutils-trace: Error opening trace file: Permission denied (13)
2022-08-05 21:39:22.181 1124-1124/? D/audio_hw_hal: adev_open_input_stream! config->channel_mask=12 rate=48000
2022-08-05 21:39:22.181 1124-1161/? I/AudioFlinger: AudioFlinger's thread 0xf5783840 ready to run
2022-08-05 21:39:22.181 1124-1124/? D/audio_hw_hal: adev_close_input_stream, dev=0xf6e480c0, stream=0xf6e431e0
2022-08-05 21:39:22.181 1124-1124/? D/audio_hw_hal: log_func, do_in_standby
2022-08-05 21:39:22.181 1124-1124/? I/bt_a2dp_hw: adev_open:  adev_open in A2dp_hw module
2022-08-05 21:39:22.181 1124-1124/? I/AudioFlinger: loadHwModule() Loaded a2dp audio interface from A2DP Audio HW HAL (audio) handle 18
2022-08-05 21:39:22.182 1124-1124/? I/AudioFlinger: loadHwModule() Loaded usb audio interface from USB audio HW HAL (audio) handle 26
2022-08-05 21:39:22.182 1124-1124/? I/RadioService: RadioService
2022-08-05 21:39:22.182 1124-1124/? I/RadioService: onFirstRef
2022-08-05 21:39:22.182 1124-1124/? E/RadioService: couldn't load radio module radio.primary (No such file or directory)
2022-08-05 21:39:22.183 1124-1124/? E/SoundTriggerHwService: couldn't load sound trigger module sound_trigger.primary (No such file or directory)
2022-08-05 21:39:22.194 1117-1117/? I/SurfaceFlinger: SurfaceFlinger is starting
2022-08-05 21:39:22.195 1117-1117/? I/SurfaceFlinger: SurfaceFlinger's main thread ready to run. Initializing graphics H/W...
2022-08-05 21:39:22.209 1117-1117/? D/libEGL: loaded /system/lib64/egl/libEGL_adreno.so
2022-08-05 21:39:22.212 1117-1117/? D/libEGL: loaded /system/lib64/egl/libGLESv1_CM_adreno.so
2022-08-05 21:39:22.215 1117-1117/? D/libEGL: loaded /system/lib64/egl/libGLESv2_adreno.so
2022-08-05 21:39:22.217 1117-1117/? I/HostConnection: HostConnection::HostConnection: pid=1117, tid=1117, this=0x7ffff722e540
2022-08-05 21:39:22.218 1117-1117/? D/HostConnection: HostRPC::connect sucess: app=/system/bin/surfaceflinger, pid=1117, tid=1117, this=0x7ffff7279ac0
2022-08-05 21:39:22.220 1117-1117/? D/HostConnection: queryAndSetGLESMaxVersion select gles-version: 3.1 hostGLVersion:46 process:/system/bin/surfaceflinger
2022-08-05 21:39:22.220 1117-1117/? D/HostConnection: recv ProcessPuidReply name=/system/bin/surfaceflinger puid=1 g_u64CapsFlag=1d
2022-08-05 21:39:22.222 1117-1117/? E/SurfaceFlinger: hwcomposer module not found
2022-08-05 21:39:22.222 1117-1117/? I/SurfaceFlinger: EGL information: format=0x1
2022-08-05 21:39:22.222 1117-1117/? I/SurfaceFlinger: vendor    : Android
2022-08-05 21:39:22.222 1117-1117/? I/SurfaceFlinger: version   : 1.4 Android META-EGL
2022-08-05 21:39:22.222 1117-1117/? I/SurfaceFlinger: extensions: EGL_KHR_get_all_proc_addresses EGL_ANDROID_presentation_time EGL_KHR_swap_buffers_with_damage EGL_ANDROID_create_native_client_buffer EGL_ANDROID_front_buffer_auto_refresh EGL_KHR_image EGL_KHR_image_base EGL_KHR_gl_texture_2D_image EGL_KHR_fence_sync EGL_KHR_create_context EGL_ANDROID_image_native_buffer EGL_KHR_wait_sync EGL_ANDROID_recordable 
2022-08-05 21:39:22.222 1117-1117/? I/SurfaceFlinger: Client API: OpenGL_ES
2022-08-05 21:39:22.222 1117-1117/? I/SurfaceFlinger: EGLSurface: 8-8-8-8, config=0x11
2022-08-05 21:39:22.222 1117-1117/? I/EGL_adreno: eglCreateContext request GLES major-version=2
2022-08-05 21:39:22.226 1117-1117/? D/EGL_adreno: eglCreateContext: 0x7ffff7243140: maj 3 min 1 rcv 4
2022-08-05 21:39:22.255 1117-1117/? D/EGL_adreno: eglMakeCurrent: 0x7ffff7243140: ver 3 1 (tinfo 0x7ffff722cf20)
2022-08-05 21:39:22.257 1117-1117/? D/HostConnection: ExtendedRCEncoderContext GL_VERSION return OpenGL ES 3.1
2022-08-05 21:39:22.257 1117-1117/? I/SurfaceFlinger: OpenGL ES informations: format=0x1
2022-08-05 21:39:22.257 1117-1117/? I/SurfaceFlinger: vendor    : Qualcomm
2022-08-05 21:39:22.257 1117-1117/? I/SurfaceFlinger: renderer  : Adreno (TM) 640
2022-08-05 21:39:22.257 1117-1117/? I/SurfaceFlinger: version   : OpenGL ES 3.1
2022-08-05 21:39:22.257 1117-1117/? I/SurfaceFlinger: extensions: GL_OES_EGL_image GL_OES_EGL_image_external GL_OES_depth24 GL_OES_depth32 GL_OES_element_index_uint GL_OES_texture_float GL_OES_texture_float_linear GL_OES_compressed_paletted_texture GL_OES_compressed_ETC1_RGB8_texture GL_OES_depth_texture GL_EXT_texture_format_BGRA8888 GL_APPLE_texture_format_BGRA8888 GL_OES_texture_half_float GL_OES_texture_half_float_linear GL_OES_packed_depth_stencil GL_OES_vertex_half_float GL_OES_texture_npot GL_OES_rgb8_rgba8 GL_EXT_color_buffer_float GL_EXT_color_buffer_half_float GL_EXT_robustness GL_OES_EGL_image_external_essl3 GL_OES_vertex_array_object GL_OES_texture_compression_astc GL_KHR_texture_compression_astc_hdr GL_KHR_texture_compression_astc_ldr GL_OES_EGL_sync GL_EXT_copy_image GL_EXT_texture_buffer GL_EXT_draw_buffers_indexed GL_OES_texture_storage_multisample_2d_array GL_OES_sample_shading GL_OES_sample_variables GL_OES_shader_image_atomic GL_OES_shader_multisample_interpolation GL_OES_texture_stencil8 GL_EXT_texture_border_clamp GL_EXT_primitive_bounding_
2022-08-05 21:39:22.257 1117-1117/? I/SurfaceFlinger: GL_MAX_TEXTURE_SIZE = 32768
2022-08-05 21:39:22.257 1117-1117/? I/SurfaceFlinger: GL_MAX_VIEWPORT_DIMS = 32768
2022-08-05 21:39:22.260 1117-1117/? D/gralloc_default: gralloc_alloc: Creating ashmem region of size 4096, ignore more log...
2022-08-05 21:39:22.270 1117-1117/? I/gralloc_default: fb_setOrientation: orientation=0
2022-08-05 21:39:22.281 1117-1117/? D/EGL_adreno: eglMakeCurrent: 0x7ffff7243140: ver 3 1 (tinfo 0x7ffff722cf20)
2022-08-05 21:39:22.329 1117-1117/? D/SurfaceFlinger: shader cache generated - 24 shaders in 48.087273 ms
2022-08-05 21:39:22.329 1117-1117/? D/SurfaceFlinger: Set power mode=2, type=0 flinger=0x7ffff7248000
2022-08-05 21:39:22.488 1122-1122/? I/appproc: exec app_process! cmdline: -Xzygote /system/bin --zygote --start-system-server --socket-name=zygote 
2022-08-05 21:39:22.490 1122-1122/? D/AndroidRuntime: >>>>>> START com.android.internal.os.ZygoteInit uid 0 <<<<<<
2022-08-05 21:39:22.504 1122-1122/? D/AndroidRuntime: CheckJNI is OFF
2022-08-05 21:39:22.508 1122-1122/? I/art: option[0]=-Xzygote
2022-08-05 21:39:22.508 1122-1122/? I/art: option[1]=-Xstacktracefile:/data/anr/traces.txt
2022-08-05 21:39:22.508 1122-1122/? I/art: option[2]=exit
2022-08-05 21:39:22.508 1122-1122/? I/art: option[3]=vfprintf
2022-08-05 21:39:22.508 1122-1122/? I/art: option[4]=sensitiveThread
2022-08-05 21:39:22.508 1122-1122/? I/art: option[5]=-verbose:gc
2022-08-05 21:39:22.508 1122-1122/? I/art: option[6]=-Xms16m
2022-08-05 21:39:22.508 1122-1122/? I/art: option[7]=-Xmx512m
2022-08-05 21:39:22.508 1122-1122/? I/art: option[8]=-XX:HeapGrowthLimit=192m
2022-08-05 21:39:22.508 1122-1122/? I/art: option[9]=-XX:HeapMinFree=512k
2022-08-05 21:39:22.508 1122-1122/? I/art: option[10]=-XX:HeapMaxFree=8m
2022-08-05 21:39:22.508 1122-1122/? I/art: option[11]=-XX:HeapTargetUtilization=0.75
2022-08-05 21:39:22.508 1122-1122/? I/art: option[12]=-Xusejit:true
2022-08-05 21:39:22.508 1122-1122/? I/art: option[13]=-Xjitsaveprofilinginfo
2022-08-05 21:39:22.508 1122-1122/? I/art: option[14]=-agentlib:jdwp=transport=dt_android_adb,suspend=n,server=y
2022-08-05 21:39:22.508 1122-1122/? I/art: option[15]=-Xlockprofthreshold:500
2022-08-05 21:39:22.508 1122-1122/? I/art: option[16]=-Ximage-compiler-option
2022-08-05 21:39:22.508 1122-1122/? I/art: option[17]=--runtime-arg
2022-08-05 21:39:22.508 1122-1122/? I/art: option[18]=-Ximage-compiler-option
2022-08-05 21:39:22.508 1122-1122/? I/art: option[19]=-Xms64m
2022-08-05 21:39:22.508 1122-1122/? I/art: option[20]=-Ximage-compiler-option
2022-08-05 21:39:22.508 1122-1122/? I/art: option[21]=--runtime-arg
2022-08-05 21:39:22.508 1122-1122/? I/art: option[22]=-Ximage-compiler-option
2022-08-05 21:39:22.508 1122-1122/? I/art: option[23]=-Xmx64m
2022-08-05 21:39:22.508 1122-1122/? I/art: option[24]=-Ximage-compiler-option
2022-08-05 21:39:22.508 1122-1122/? I/art: option[25]=--image-classes=/system/etc/preloaded-classes
2022-08-05 21:39:22.508 1122-1122/? I/art: option[26]=-Ximage-compiler-option
2022-08-05 21:39:22.508 1122-1122/? I/art: option[27]=--compiled-classes=/system/etc/compiled-classes
2022-08-05 21:39:22.508 1122-1122/? I/art: option[28]=-Xcompiler-option
2022-08-05 21:39:22.508 1122-1122/? I/art: option[29]=--runtime-arg
2022-08-05 21:39:22.508 1122-1122/? I/art: option[30]=-Xcompiler-option
2022-08-05 21:39:22.508 1122-1122/? I/art: option[31]=-Xms64m
2022-08-05 21:39:22.508 1122-1122/? I/art: option[32]=-Xcompiler-option
2022-08-05 21:39:22.508 1122-1122/? I/art: option[33]=--runtime-arg
2022-08-05 21:39:22.508 1122-1122/? I/art: option[34]=-Xcompiler-option
2022-08-05 21:39:22.508 1122-1122/? I/art: option[35]=-Xmx512m
2022-08-05 21:39:22.508 1122-1122/? I/art: option[36]=-Ximage-compiler-option
2022-08-05 21:39:22.508 1122-1122/? I/art: option[37]=--instruction-set-variant=silvermont
2022-08-05 21:39:22.508 1122-1122/? I/art: option[38]=-Xcompiler-option
2022-08-05 21:39:22.508 1122-1122/? I/art: option[39]=--instruction-set-variant=silvermont
2022-08-05 21:39:22.508 1122-1122/? I/art: option[40]=-Ximage-compiler-option
2022-08-05 21:39:22.508 1122-1122/? I/art: option[41]=--instruction-set-features=default
2022-08-05 21:39:22.508 1122-1122/? I/art: option[42]=-Xcompiler-option
2022-08-05 21:39:22.508 1122-1122/? I/art: option[43]=--instruction-set-features=default
2022-08-05 21:39:22.508 1122-1122/? I/art: option[44]=-Duser.locale=zh-CN
2022-08-05 21:39:22.508 1122-1122/? I/art: option[45]=-XX:NativeBridge=libnb.so
2022-08-05 21:39:22.508 1122-1122/? I/art: option[46]=--cpu-abilist=x86_64,arm64-v8a
2022-08-05 21:39:22.508 1122-1122/? I/art: option[47]=-Xfingerprint:google/android_x86_64/x86_64:7.1.2/N2G47O/V9.5.8.0.OCACNFA:/release-keys
2022-08-05 21:39:22.569 1123-1123/? I/appproc: exec app_process! cmdline: -Xzygote /system/bin --zygote --socket-name=zygote_secondary 
2022-08-05 21:39:22.572 1123-1123/? D/AndroidRuntime: >>>>>> START com.android.internal.os.ZygoteInit uid 0 <<<<<<
2022-08-05 21:39:22.583 1123-1123/? D/AndroidRuntime: CheckJNI is OFF
2022-08-05 21:39:22.589 1123-1123/? I/art: option[0]=-Xzygote
2022-08-05 21:39:22.589 1123-1123/? I/art: option[1]=-Xstacktracefile:/data/anr/traces.txt
2022-08-05 21:39:22.589 1123-1123/? I/art: option[2]=exit
2022-08-05 21:39:22.589 1123-1123/? I/art: option[3]=vfprintf
2022-08-05 21:39:22.589 1123-1123/? I/art: option[4]=sensitiveThread
2022-08-05 21:39:22.589 1123-1123/? I/art: option[5]=-verbose:gc
2022-08-05 21:39:22.589 1123-1123/? I/art: option[6]=-Xms16m
2022-08-05 21:39:22.589 1123-1123/? I/art: option[7]=-Xmx512m
2022-08-05 21:39:22.589 1123-1123/? I/art: option[8]=-XX:HeapGrowthLimit=192m
2022-08-05 21:39:22.589 1123-1123/? I/art: option[9]=-XX:HeapMinFree=512k
2022-08-05 21:39:22.589 1123-1123/? I/art: option[10]=-XX:HeapMaxFree=8m
2022-08-05 21:39:22.589 1123-1123/? I/art: option[11]=-XX:HeapTargetUtilization=0.75
2022-08-05 21:39:22.589 1123-1123/? I/art: option[12]=-Xusejit:true
2022-08-05 21:39:22.589 1123-1123/? I/art: option[13]=-Xjitsaveprofilinginfo
2022-08-05 21:39:22.589 1123-1123/? I/art: option[14]=-agentlib:jdwp=transport=dt_android_adb,suspend=n,server=y
2022-08-05 21:39:22.589 1123-1123/? I/art: option[15]=-Xlockprofthreshold:500
2022-08-05 21:39:22.589 1123-1123/? I/art: option[16]=-Ximage-compiler-option
2022-08-05 21:39:22.589 1123-1123/? I/art: option[17]=--runtime-arg
2022-08-05 21:39:22.589 1123-1123/? I/art: option[18]=-Ximage-compiler-option
2022-08-05 21:39:22.589 1123-1123/? I/art: option[19]=-Xms64m
2022-08-05 21:39:22.589 1123-1123/? I/art: option[20]=-Ximage-compiler-option
2022-08-05 21:39:22.589 1123-1123/? I/art: option[21]=--runtime-arg
2022-08-05 21:39:22.589 1123-1123/? I/art: option[22]=-Ximage-compiler-option
2022-08-05 21:39:22.589 1123-1123/? I/art: option[23]=-Xmx64m
2022-08-05 21:39:22.589 1123-1123/? I/art: option[24]=-Ximage-compiler-option
2022-08-05 21:39:22.589 1123-1123/? I/art: option[25]=--image-classes=/system/etc/preloaded-classes
2022-08-05 21:39:22.589 1123-1123/? I/art: option[26]=-Ximage-compiler-option
2022-08-05 21:39:22.589 1123-1123/? I/art: option[27]=--compiled-classes=/system/etc/compiled-classes
2022-08-05 21:39:22.589 1123-1123/? I/art: option[28]=-Xcompiler-option
2022-08-05 21:39:22.589 1123-1123/? I/art: option[29]=--runtime-arg
2022-08-05 21:39:22.589 1123-1123/? I/art: option[30]=-Xcompiler-option
2022-08-05 21:39:22.589 1123-1123/? I/art: option[31]=-Xms64m
2022-08-05 21:39:22.589 1123-1123/? I/art: option[32]=-Xcompiler-option
2022-08-05 21:39:22.589 1123-1123/? I/art: option[33]=--runtime-arg
2022-08-05 21:39:22.589 1123-1123/? I/art: option[34]=-Xcompiler-option
2022-08-05 21:39:22.589 1123-1123/? I/art: option[35]=-Xmx512m
2022-08-05 21:39:22.589 1123-1123/? I/art: option[36]=-Ximage-compiler-option
2022-08-05 21:39:22.589 1123-1123/? I/art: option[37]=--instruction-set-variant=silvermont
2022-08-05 21:39:22.589 1123-1123/? I/art: option[38]=-Xcompiler-option
2022-08-05 21:39:22.589 1123-1123/? I/art: option[39]=--instruction-set-variant=silvermont
2022-08-05 21:39:22.589 1123-1123/? I/art: option[40]=-Ximage-compiler-option
2022-08-05 21:39:22.589 1123-1123/? I/art: option[41]=--instruction-set-features=default
2022-08-05 21:39:22.589 1123-1123/? I/art: option[42]=-Xcompiler-option
2022-08-05 21:39:22.589 1123-1123/? I/art: option[43]=--instruction-set-features=default
2022-08-05 21:39:22.589 1123-1123/? I/art: option[44]=-Duser.locale=zh-CN
2022-08-05 21:39:22.589 1123-1123/? I/art: option[45]=-XX:NativeBridge=libnb.so
2022-08-05 21:39:22.589 1123-1123/? I/art: option[46]=--cpu-abilist=x86,armeabi-v7a,armeabi
2022-08-05 21:39:22.589 1123-1123/? I/art: option[47]=-Xfingerprint:google/android_x86_64/x86_64:7.1.2/N2G47O/V9.5.8.0.OCACNFA:/release-keys
2022-08-05 21:39:22.630 1134-1134/? D/CommandListener: CommandListener::CommandListener setupIptablesHooks
2022-08-05 21:39:22.635 1244-1244/? E/ProbeModule: insmod_by_dep: cannot load module: [ipt_owner]
2022-08-05 21:39:22.636 1246-1246/? E/ProbeModule: insmod_by_dep: cannot load module: [ipt_owner]
2022-08-05 21:39:22.637 1248-1248/? E/ProbeModule: insmod_by_dep: cannot load module: [ipt_owner]
2022-08-05 21:39:22.637 1134-1134/? E/Netd: /system/bin/iptables-restore failed with res=0, status=256
2022-08-05 21:39:22.639 1251-1251/? E/ProbeModule: insmod_by_dep: cannot load module: [ip6t_owner]
2022-08-05 21:39:22.639 1253-1253/? E/ProbeModule: insmod_by_dep: cannot load module: [ip6t_owner]
2022-08-05 21:39:22.640 1255-1255/? E/ProbeModule: insmod_by_dep: cannot load module: [ip6t_owner]
2022-08-05 21:39:22.640 1134-1134/? E/Netd: /system/bin/ip6tables-restore failed with res=0, status=256
2022-08-05 21:39:22.660 1264-1264/? E/ProbeModule: insmod_by_dep: cannot load module: [ipt_owner]
2022-08-05 21:39:22.660 1266-1266/? E/ProbeModule: insmod_by_dep: cannot load module: [ipt_owner]
2022-08-05 21:39:22.661 1268-1268/? E/ProbeModule: insmod_by_dep: cannot load module: [ipt_owner]
2022-08-05 21:39:22.661 1134-1134/? E/Netd: /system/bin/iptables-restore failed with res=0, status=256
2022-08-05 21:39:22.666 1271-1271/? E/ProbeModule: insmod_by_dep: cannot load module: [ip6t_owner]
2022-08-05 21:39:22.667 1273-1273/? E/ProbeModule: insmod_by_dep: cannot load module: [ip6t_owner]
2022-08-05 21:39:22.667 1275-1275/? E/ProbeModule: insmod_by_dep: cannot load module: [ip6t_owner]
2022-08-05 21:39:22.671 1134-1134/? E/Netd: /system/bin/ip6tables-restore failed with res=0, status=256
2022-08-05 21:39:22.674 1134-1134/? V/NatController: runCmd(/system/bin/iptables -w -F natctrl_FORWARD) res=0
2022-08-05 21:39:22.682 1134-1134/? V/NatController: runCmd(/system/bin/ip6tables -w -F natctrl_FORWARD) res=0
2022-08-05 21:39:22.688 1134-1134/? V/NatController: runCmd(/system/bin/iptables -w -A natctrl_FORWARD -j DROP) res=0
2022-08-05 21:39:22.690 1134-1134/? V/NatController: runCmd(/system/bin/iptables -w -t nat -F natctrl_nat_POSTROUTING) res=0
2022-08-05 21:39:22.691 1134-1134/? V/NatController: runCmd(/system/bin/ip6tables -w -t raw -F natctrl_raw_PREROUTING) res=0
2022-08-05 21:39:22.693 1134-1134/? V/NatController: runCmd(/system/bin/iptables -w -F natctrl_tether_counters) res=1
2022-08-05 21:39:22.694 1134-1134/? V/NatController: runCmd(/system/bin/ip6tables -w -F natctrl_tether_counters) res=1
2022-08-05 21:39:22.698 1134-1134/? V/NatController: runCmd(/system/bin/iptables -w -X natctrl_tether_counters) res=1
2022-08-05 21:39:22.704 1134-1134/? V/NatController: runCmd(/system/bin/ip6tables -w -X natctrl_tether_counters) res=1
2022-08-05 21:39:22.706 1134-1134/? V/NatController: runCmd(/system/bin/iptables -w -N natctrl_tether_counters) res=0
2022-08-05 21:39:22.708 1134-1134/? V/NatController: runCmd(/system/bin/ip6tables -w -N natctrl_tether_counters) res=0
2022-08-05 21:39:22.709 1134-1134/? V/NatController: runCmd(/system/bin/iptables -w -t mangle -A natctrl_mangle_FORWARD -p tcp --tcp-flags SYN SYN -j TCPMSS --clamp-mss-to-pmtu) res=0
2022-08-05 21:39:22.709 1134-1134/? D/CommandListener: CommandListener::CommandListener RouteController::Init
2022-08-05 21:39:22.798 1291-1291/? E/ProbeModule: insmod_by_dep: cannot load module: [netdev-dummy0]
2022-08-05 21:39:22.799 1293-1293/? E/ProbeModule: insmod_by_dep: cannot load module: [dummy0]
2022-08-05 21:39:22.799 1134-1134/? E/Netd: cannot find interface dummy0
2022-08-05 21:39:22.799 1134-1134/? D/CommandListener: CommandListener::CommandListener finish construct
2022-08-05 21:39:22.799 1297-1297/? E/ProbeModule: insmod_by_dep: cannot load module: [net-pf-16-proto-5]
2022-08-05 21:39:22.799 1134-1134/? E/Netd: Unable to create netlink socket: Protocol not supported
2022-08-05 21:39:22.799 1134-1134/? W/Netd: Unable to open qlog quota socket, check if xt_quota2 can send via UeventHandler
2022-08-05 21:39:22.799 1134-1134/? D/MDnsDS: MDnsSdListener::Hander starting up
2022-08-05 21:39:22.800 1134-1300/? D/MDnsDS: MDnsSdListener starting to monitor
2022-08-05 21:39:22.800 1134-1300/? D/MDnsDS: Going to poll with pollCount 1
2022-08-05 21:39:22.806 1123-1123/? D/ICU: No timezone override file found: /data/misc/zoneinfo/current/icu/icu_tzdata.dat
2022-08-05 21:39:22.810 1122-1122/? D/ICU: No timezone override file found: /data/misc/zoneinfo/current/icu/icu_tzdata.dat
2022-08-05 21:39:22.992 1122-1122/? E/memtrack: Couldn't load memtrack module (No such file or directory)
2022-08-05 21:39:22.992 1122-1122/? E/android.os.Debug: failed to load memtrack module: -2
2022-08-05 21:39:22.993 1123-1123/? E/memtrack: Couldn't load memtrack module (No such file or directory)
2022-08-05 21:39:22.993 1123-1123/? E/android.os.Debug: failed to load memtrack module: -2
2022-08-05 21:39:22.995 1122-1122/? I/Radio-JNI: register_android_hardware_Radio DONE
2022-08-05 21:39:22.995 1123-1123/? I/Radio-JNI: register_android_hardware_Radio DONE
2022-08-05 21:39:23.006 1123-1123/? I/SamplingProfilerIntegration: Profiling disabled.
2022-08-05 21:39:23.007 1122-1122/? I/SamplingProfilerIntegration: Profiling disabled.
2022-08-05 21:39:23.008 1123-1123/? D/Zygote: begin preload
2022-08-05 21:39:23.008 1123-1123/? I/Zygote: Installing ICU cache reference pinning...
2022-08-05 21:39:23.008 1122-1122/? D/Zygote: begin preload
2022-08-05 21:39:23.008 1122-1122/? I/Zygote: Installing ICU cache reference pinning...
2022-08-05 21:39:23.009 1123-1123/? I/Zygote: Preloading ICU data...
2022-08-05 21:39:23.009 1122-1122/? I/Zygote: Preloading ICU data...
2022-08-05 21:39:23.058 1123-1123/? I/Zygote: Preloading classes...
2022-08-05 21:39:23.061 1123-1123/? W/Zygote: Class not found for preloading: [Landroid.view.Display$ColorTransform;
2022-08-05 21:39:23.146 1122-1122/? I/Zygote: Preloading classes...
2022-08-05 21:39:23.153 1122-1122/? W/Zygote: Class not found for preloading: [Landroid.view.Display$ColorTransform;
2022-08-05 21:39:23.173 1125-1125/? D/CameraHardware: CameraHardware::setPreviewWindow: preview_stream_ops: 0xf6f43150
2022-08-05 21:39:23.173 1125-1125/? D/CameraHardware: CameraHardware::setParameters
2022-08-05 21:39:23.173 1125-1125/? D/CameraHardware: Trivially accept it. No changes detected
2022-08-05 21:39:23.173 1125-1125/? D/CameraHardware: CameraHardware::stopPreview
2022-08-05 21:39:23.173 1125-1125/? D/CameraHardware: CameraHardware::stopPreviewLocked
2022-08-05 21:39:23.173 1125-1125/? D/CameraHardware: CameraHardware::stopPreviewLocked: OK
2022-08-05 21:39:23.173 1125-1125/? D/CameraHardware: CameraHardware::setPreviewWindow: preview_stream_ops: 0x0
2022-08-05 21:39:23.173 1125-1125/? D/CameraHardware: CameraHardware::releaseCamera
2022-08-05 21:39:23.173 1125-1125/? I/CameraFlashlight: Destroying camera 0
2022-08-05 21:39:23.173 1125-1125/? D/CameraHardware: CameraHardware::closeCamera
2022-08-05 21:39:23.173 1125-1125/? D/CameraHardware: CameraHardware::releaseCamera
2022-08-05 21:39:23.173 1125-1125/? I/CameraFlashlight: Opening camera 1
2022-08-05 21:39:23.173 1125-1125/? D/Camera_Factory: CameraFactory::get_camera_info
2022-08-05 21:39:23.173 1125-1125/? D/Camera_Factory: CameraFactory::getCameraInfo: id = 1, info = 0xffffd768
2022-08-05 21:39:23.173 1125-1125/? D/Camera_Factory: CameraFactory::getCameraNum: 2
2022-08-05 21:39:23.173 1125-1125/? D/CameraHardware: CameraHardware::getCameraInfo
2022-08-05 21:39:23.173 1125-1125/? D/Camera_Factory: CameraFactory::device_open: name = 1
2022-08-05 21:39:23.173 1125-1125/? D/Camera_Factory: CameraFactory::cameraDeviceOpen: id = 1
2022-08-05 21:39:23.173 1125-1125/? D/Camera_Factory: CameraFactory::getCameraNum: 2
2022-08-05 21:39:23.173 1125-1125/? D/CameraHardware: CameraHardware::PowerOn: Power ON camera.
2022-08-05 21:39:23.173 1125-1125/? D/CameraHardware: CameraHardware::PowerOn: no power_file set
2022-08-05 21:39:23.173 1125-1125/? D/CameraHardware: CameraHardware::initDefaultParameters
2022-08-05 21:39:23.173 1125-1125/? D/V4L2Camera: V4L2Camera::getAvailableSizes
2022-08-05 21:39:23.173 1125-1125/? D/V4L2Camera: V4L2Camera::getAvailableFps
2022-08-05 21:39:23.173 1125-1125/? I/CameraHardware: Default preview size: (1280 x 720), fps:25
2022-08-05 21:39:23.173 1125-1125/? I/CameraHardware: All available formats: 176x144,240x160,320x200,320x240,352x288,432x320,480x320,640x480,1280x720
2022-08-05 21:39:23.173 1125-1125/? I/CameraHardware: All available fps: (25,25)
2022-08-05 21:39:23.173 1125-1125/? I/CameraHardware: Default picture size: (1280 x 720)
2022-08-05 21:39:23.173 1125-1125/? D/CameraHardware: CameraHardware::setParameters
2022-08-05 21:39:23.173 1125-1125/? D/CameraHardware: CameraHardware::setParameters: PREVIEW: Size 1280x720, 25 fps, format: yuv422sp
2022-08-05 21:39:23.173 1125-1125/? D/CameraHardware: CameraHardware::setParameters: PICTURE: Size 1280x720, format: jpeg
2022-08-05 21:39:23.173 1125-1125/? D/CameraHardware: CameraHardware::setParameters: VIDEO: Size 1280x720, format: yuv420p
2022-08-05 21:39:23.173 1125-1125/? D/CameraHardware: CameraHardware::initHeapLocked
2022-08-05 21:39:23.173 1125-1125/? E/CameraHardware: No memory allocator available
2022-08-05 21:39:23.173 1125-1125/? D/CameraHardware: CameraHardware::setParameters: OK parms=antibanding=auto;antibanding-values=auto;effect=none;effect-values=none;exposure-compensation=6;exposure-compensation-step=0.5;flash-mode=off;flash-mode-values=off;focal-length=4;focus-mode=fixed;focus-mode-values=fixed;horizontal-view-angle=90;jpeg-quality=85;jpeg-thumbnail-size-values=640x480,0x0;max-video-continuous-zoom=0;max-zoom=100;picture-format=jpeg;picture-format-values=jpeg;picture-size=1280x720;picture-size-values=176x144,240x160,320x200,320x240,352x288,432x320,480x320,640x480,1280x720;preferred-preview-size-for-video=640x480;preview-format=yuv422sp;preview-format-values=yuv422i-yuyv,yuv422sp,yuv420sp,yuv420p;preview-fps-range-values=(25,25);preview-frame-rate=25;preview-frame-rate-values=25;preview-size=1280x720;preview-size-values=176x144,240x160,320x200,320x240,352x288,432x320,480x320,640x480,1280x720;rotation=0;rotation-values=0;scene-mode=auto;scene-mode-values=auto;smooth-zoom-supported=false;vertical-view-angle=90;video-frame-format=yuv420p;video-siz
2022-08-05 21:39:23.173 1125-1125/? D/CameraHardware: CameraHardware::connectCamera
2022-08-05 21:39:23.173 1125-1125/? D/CameraHardware: CameraHardware::setCallbacks
2022-08-05 21:39:23.173 1125-1125/? D/CameraHardware: CameraHardware::getParameters
2022-08-05 21:39:23.173 1125-1125/? D/CameraHardware: CameraHardware::putParameters
2022-08-05 21:39:23.174 1125-1125/? D/CameraHardware: CameraHardware::setPreviewWindow: preview_stream_ops: 0xf6f43150
2022-08-05 21:39:23.174 1125-1125/? D/CameraHardware: CameraHardware::setParameters
2022-08-05 21:39:23.174 1125-1125/? D/CameraHardware: Trivially accept it. No changes detected
2022-08-05 21:39:23.174 1125-1125/? D/CameraHardware: CameraHardware::stopPreview
2022-08-05 21:39:23.174 1125-1125/? D/CameraHardware: CameraHardware::stopPreviewLocked
2022-08-05 21:39:23.174 1125-1125/? D/CameraHardware: CameraHardware::stopPreviewLocked: OK
2022-08-05 21:39:23.174 1125-1125/? D/CameraHardware: CameraHardware::setPreviewWindow: preview_stream_ops: 0x0
2022-08-05 21:39:23.174 1125-1125/? D/CameraHardware: CameraHardware::releaseCamera
2022-08-05 21:39:23.174 1125-1125/? I/CameraFlashlight: Destroying camera 1
2022-08-05 21:39:23.174 1125-1125/? D/CameraHardware: CameraHardware::closeCamera
2022-08-05 21:39:23.174 1125-1125/? D/CameraHardware: CameraHardware::releaseCamera
2022-08-05 21:39:23.174 1125-1125/? D/Camera_Factory: CameraFactory::get_camera_info
2022-08-05 21:39:23.174 1125-1125/? D/Camera_Factory: CameraFactory::getCameraInfo: id = 0, info = 0xffffd990
2022-08-05 21:39:23.174 1125-1125/? D/Camera_Factory: CameraFactory::getCameraNum: 2
2022-08-05 21:39:23.174 1125-1125/? D/CameraHardware: CameraHardware::getCameraInfo
2022-08-05 21:39:23.174 1125-1125/? D/Camera_Factory: CameraFactory::get_camera_info
2022-08-05 21:39:23.174 1125-1125/? D/Camera_Factory: CameraFactory::getCameraInfo: id = 1, info = 0xffffd990
2022-08-05 21:39:23.174 1125-1125/? D/Camera_Factory: CameraFactory::getCameraNum: 2
2022-08-05 21:39:23.174 1125-1125/? D/CameraHardware: CameraHardware::getCameraInfo
2022-08-05 21:39:23.174 1125-1125/? I/ServiceManager: Waiting for service media.camera.proxy...
2022-08-05 21:39:23.296 1123-1123/? E/Typeface: Error mapping font file /system/fonts/DroidSansFallback.ttf
2022-08-05 21:39:23.296 1122-1122/? E/Typeface: Error mapping font file /system/fonts/DroidSansFallback.ttf
2022-08-05 21:39:23.382 1122-1122/? I/art: Thread[1,tid=1122,Native,Thread*=0x7ffff2e96a00,peer=0x12c090d0,"main"] recursive attempt to load library "/system/lib64/libmedia_jni.so"
2022-08-05 21:39:23.383 1122-1122/? D/MtpDeviceJNI: register_android_mtp_MtpDevice
2022-08-05 21:39:23.383 1122-1122/? I/art: Thread[1,tid=1122,Native,Thread*=0x7ffff2e96a00,peer=0x12c090d0,"main"] recursive attempt to load library "/system/lib64/libmedia_jni.so"
2022-08-05 21:39:23.383 1122-1122/? I/art: Thread[1,tid=1122,Native,Thread*=0x7ffff2e96a00,peer=0x12c090d0,"main"] recursive attempt to load library "/system/lib64/libmedia_jni.so"
2022-08-05 21:39:23.385 1123-1123/? I/art: Thread[1,tid=1123,Native,Thread*=0xf368b400,peer=0x12c080d0,"main"] recursive attempt to load library "/system/lib/libmedia_jni.so"
2022-08-05 21:39:23.386 1123-1123/? D/MtpDeviceJNI: register_android_mtp_MtpDevice
2022-08-05 21:39:23.386 1123-1123/? I/art: Thread[1,tid=1123,Native,Thread*=0xf368b400,peer=0x12c080d0,"main"] recursive attempt to load library "/system/lib/libmedia_jni.so"
2022-08-05 21:39:23.386 1123-1123/? I/art: Thread[1,tid=1123,Native,Thread*=0xf368b400,peer=0x12c080d0,"main"] recursive attempt to load library "/system/lib/libmedia_jni.so"
2022-08-05 21:39:23.410 1123-1123/? W/linker: /system/vendor/lib/libavcodec.so has text relocations. This is wasting memory and prevents security hardening. Please fix.
2022-08-05 21:39:23.422 1123-1123/? W/linker: /system/vendor/lib/libavutil.so has text relocations. This is wasting memory and prevents security hardening. Please fix.
2022-08-05 21:39:23.422 1123-1123/? W/linker: /system/vendor/lib/libswresample.so has text relocations. This is wasting memory and prevents security hardening. Please fix.
2022-08-05 21:39:23.468 1123-1123/? W/Zygote: Class not found for preloading: android.view.Display$ColorTransform
2022-08-05 21:39:23.468 1123-1123/? W/Zygote: Class not found for preloading: android.view.Display$ColorTransform$1
2022-08-05 21:39:23.517 1123-1123/? I/System: Loaded time zone names for "" in 10ms (10ms in ICU)
2022-08-05 21:39:23.521 1123-1123/? I/System: Loaded time zone names for "en_US" in 3ms (3ms in ICU)
2022-08-05 21:39:23.525 1123-1123/? I/System: Loaded time zone names for "zh_CN" in 4ms (4ms in ICU)
2022-08-05 21:39:23.535 1123-1123/? I/Zygote: ...preloaded 4158 classes in 477ms.
2022-08-05 21:39:23.535 1123-1123/? I/art: VMRuntime.preloadDexCaches starting
2022-08-05 21:39:23.598 1122-1122/? W/Zygote: Class not found for preloading: android.view.Display$ColorTransform
2022-08-05 21:39:23.598 1122-1122/? W/Zygote: Class not found for preloading: android.view.Display$ColorTransform$1
2022-08-05 21:39:23.641 1122-1122/? I/System: Loaded time zone names for "" in 5ms (5ms in ICU)
2022-08-05 21:39:23.644 1122-1122/? I/System: Loaded time zone names for "en_US" in 3ms (2ms in ICU)
2022-08-05 21:39:23.649 1122-1122/? I/System: Loaded time zone names for "zh_CN" in 4ms (4ms in ICU)
2022-08-05 21:39:23.649 1123-1123/? I/art: VMRuntime.preloadDexCaches strings total=284783 before=39943 after=39943
2022-08-05 21:39:23.649 1123-1123/? I/art: VMRuntime.preloadDexCaches types total=23642 before=7884 after=7918
2022-08-05 21:39:23.649 1123-1123/? I/art: VMRuntime.preloadDexCaches fields total=112343 before=40965 after=41182
2022-08-05 21:39:23.649 1123-1123/? I/art: VMRuntime.preloadDexCaches methods total=197974 before=82550 after=83139
2022-08-05 21:39:23.649 1123-1123/? I/art: VMRuntime.preloadDexCaches finished
2022-08-05 21:39:23.649 1123-1123/? I/Zygote: Preloading resources...
2022-08-05 21:39:23.670 1123-1123/? W/Resources: Preloaded drawable resource #0x108025c (android:drawable/dialog_background_material) that varies with configuration!!
2022-08-05 21:39:23.673 1123-1123/? W/Resources: Preloaded color resource #0x10600ea (android:color/material_grey_800) that varies with configuration!!
2022-08-05 21:39:23.673 1123-1123/? W/Resources: Preloaded drawable resource #0x10802c9 (android:drawable/floating_popup_background_dark) that varies with configuration!!
2022-08-05 21:39:23.695 1123-1123/? I/Zygote: ...preloaded 114 resources in 46ms.
2022-08-05 21:39:23.696 1123-1123/? W/Resources: Preloaded color resource #0x1060114 (android:color/background_cache_hint_selector_material_dark) that varies with configuration!!
2022-08-05 21:39:23.696 1123-1123/? W/Resources: Preloaded color resource #0x1060119 (android:color/btn_default_material_dark) that varies with configuration!!
2022-08-05 21:39:23.696 1123-1123/? I/Zygote: ...preloaded 41 resources in 1ms.
2022-08-05 21:39:23.696 1123-1123/? I/Zygote: ...preloaded 2 resource in 0ms.
2022-08-05 21:39:23.705 1123-1123/? D/libEGL: loaded /system/lib/egl/libEGL_adreno.so
2022-08-05 21:39:23.706 1123-1123/? D/libEGL: loaded /system/lib/egl/libGLESv1_CM_adreno.so
2022-08-05 21:39:23.708 1123-1123/? D/libEGL: loaded /system/lib/egl/libGLESv2_adreno.so
2022-08-05 21:39:23.710 1123-1123/? I/Zygote: Preloading shared libraries...
2022-08-05 21:39:23.720 1123-1123/? I/Zygote: Uninstalled ICU cache reference pinning...
2022-08-05 21:39:23.722 1123-1123/? I/Zygote: Installed AndroidKeyStoreProvider in 2ms.
2022-08-05 21:39:23.725 1123-1123/? I/Zygote: Warmed up JCA providers in 3ms.
2022-08-05 21:39:23.725 1123-1123/? D/Zygote: end preload
2022-08-05 21:39:23.725 1123-1123/? I/art: Starting a blocking GC Explicit
2022-08-05 21:39:23.733 1123-1123/? I/art: Explicit concurrent mark sweep GC freed 57309(6MB) AllocSpace objects, 134(2MB) LOS objects, 39% free, 3MB/5MB, paused 79us total 7.724ms
2022-08-05 21:39:23.747 1122-1122/? I/Zygote: ...preloaded 4158 classes in 601ms.
2022-08-05 21:39:23.747 1122-1122/? I/art: VMRuntime.preloadDexCaches starting
2022-08-05 21:39:23.756 1123-1123/? I/art: Starting a blocking GC Explicit
2022-08-05 21:39:23.759 1123-1123/? I/art: Explicit concurrent mark sweep GC freed 4895(184KB) AllocSpace objects, 0(0B) LOS objects, 40% free, 2MB/4MB, paused 56us total 2.751ms
2022-08-05 21:39:23.774 1123-1123/? I/Zygote: Accepting command socket connections
2022-08-05 21:39:23.782 1122-1122/? I/art: VMRuntime.preloadDexCaches strings total=284783 before=39943 after=39943
2022-08-05 21:39:23.782 1122-1122/? I/art: VMRuntime.preloadDexCaches types total=23642 before=7884 after=7918
2022-08-05 21:39:23.782 1122-1122/? I/art: VMRuntime.preloadDexCaches fields total=112343 before=40965 after=41182
2022-08-05 21:39:23.782 1122-1122/? I/art: VMRuntime.preloadDexCaches methods total=197974 before=82550 after=83139
2022-08-05 21:39:23.782 1122-1122/? I/art: VMRuntime.preloadDexCaches finished
2022-08-05 21:39:23.782 1122-1122/? I/Zygote: Preloading resources...
2022-08-05 21:39:23.799 1122-1122/? W/Resources: Preloaded drawable resource #0x108025c (android:drawable/dialog_background_material) that varies with configuration!!
2022-08-05 21:39:23.800 1122-1122/? W/Resources: Preloaded color resource #0x10600ea (android:color/material_grey_800) that varies with configuration!!
2022-08-05 21:39:23.800 1122-1122/? W/Resources: Preloaded drawable resource #0x10802c9 (android:drawable/floating_popup_background_dark) that varies with configuration!!
2022-08-05 21:39:23.813 1122-1122/? I/Zygote: ...preloaded 114 resources in 31ms.
2022-08-05 21:39:23.814 1122-1122/? W/Resources: Preloaded color resource #0x1060114 (android:color/background_cache_hint_selector_material_dark) that varies with configuration!!
2022-08-05 21:39:23.814 1122-1122/? W/Resources: Preloaded color resource #0x1060119 (android:color/btn_default_material_dark) that varies with configuration!!
2022-08-05 21:39:23.814 1122-1122/? I/Zygote: ...preloaded 41 resources in 1ms.
2022-08-05 21:39:23.814 1122-1122/? I/Zygote: ...preloaded 2 resource in 0ms.
2022-08-05 21:39:23.816 1122-1122/? D/libEGL: loaded /system/lib64/egl/libEGL_adreno.so
2022-08-05 21:39:23.816 1122-1122/? D/libEGL: loaded /system/lib64/egl/libGLESv1_CM_adreno.so
2022-08-05 21:39:23.819 1122-1122/? D/libEGL: loaded /system/lib64/egl/libGLESv2_adreno.so
2022-08-05 21:39:23.821 1122-1122/? I/Zygote: Preloading shared libraries...
2022-08-05 21:39:23.830 1122-1122/? I/Zygote: Uninstalled ICU cache reference pinning...
2022-08-05 21:39:23.833 1122-1122/? I/Zygote: Installed AndroidKeyStoreProvider in 2ms.
2022-08-05 21:39:23.835 1122-1122/? I/Zygote: Warmed up JCA providers in 2ms.
2022-08-05 21:39:23.835 1122-1122/? D/Zygote: end preload
2022-08-05 21:39:23.835 1122-1122/? I/art: Starting a blocking GC Explicit
2022-08-05 21:39:23.843 1122-1122/? I/art: Explicit concurrent mark sweep GC freed 57442(6MB) AllocSpace objects, 134(2MB) LOS objects, 39% free, 3MB/5MB, paused 23us total 8.326ms
2022-08-05 21:39:23.845 1122-1122/? I/art: Starting a blocking GC Explicit
2022-08-05 21:39:23.847 1122-1122/? I/art: Explicit concurrent mark sweep GC freed 4895(184KB) AllocSpace objects, 0(0B) LOS objects, 39% free, 3MB/5MB, paused 16us total 1.983ms
2022-08-05 21:39:23.877 1122-1312/? I/art: Starting a blocking GC HeapTrim
2022-08-05 21:39:23.878 1122-1122/? I/art: Starting a blocking GC Background
2022-08-05 21:39:23.885 1122-1122/? I/Zygote: System server process 1315 has been created
2022-08-05 21:39:23.887 1122-1122/? I/Zygote: Accepting command socket connections
2022-08-05 21:39:23.895 1315-1315/system_process D/libnativebridge: call UnloadNativeBridge! state=1
2022-08-05 21:39:23.911 1315-1315/system_process I/Zygote: Process: zygote socket opened, supported ABIS: x86,armeabi-v7a,armeabi
2022-08-05 21:39:23.915 1315-1315/system_process I/InstallerConnection: connecting...
2022-08-05 21:39:23.936 1315-1315/system_process I/InstallerConnection: disconnecting...
2022-08-05 21:39:23.959 1315-1315/system_process I/SystemServer: Entered the Android system server!
2022-08-05 21:39:24.008 1315-1315/system_process I/SystemServiceManager: Starting com.android.server.pm.Installer
2022-08-05 21:39:24.010 1315-1315/system_process I/Installer: Waiting for installd to be ready.
2022-08-05 21:39:24.010 1315-1315/system_process I/InstallerConnection: connecting...
2022-08-05 21:39:24.010 1315-1315/system_process I/SystemServiceManager: Starting com.android.server.am.ActivityManagerService$Lifecycle
2022-08-05 21:39:24.025 1315-1315/system_process I/ActivityManager: Memory class: 192
2022-08-05 21:39:24.042 1315-1315/system_process D/BatteryStatsImpl: Reading daily items from /data/system/batterystats-daily.xml
2022-08-05 21:39:24.065 1315-1315/system_process I/IntentFirewall: Read new rules (A:0 B:0 S:0)
2022-08-05 21:39:24.069 1315-1315/system_process D/AppOps: AppOpsService published
2022-08-05 21:39:24.069 1315-1315/system_process I/SystemServiceManager: Starting com.android.server.power.PowerManagerService
2022-08-05 21:39:24.070 1315-1315/system_process E/PowerManagerService-JNI: Couldn't load power module (No such file or directory)
2022-08-05 21:39:24.071 1315-1315/system_process I/libsuspend: Selected wakeup count
2022-08-05 21:39:24.073 1315-1315/system_process I/SystemServiceManager: Starting com.android.server.lights.LightsService
2022-08-05 21:39:24.075 1315-1315/system_process E/lights: Unable to detect max_brightness. Try to set backlight.max_brightness_file
