2022-08-05 21:39:26.366 1315-1361/system_process D/CryptdConnector: SND -> {2 cryptfs unlock_user_key 0 0 ! !}
2022-08-05 21:39:26.366 1315-1315/system_process W/TextServicesManagerService: no available spell checker services found
2022-08-05 21:39:26.367 1124-1382/? D/audio_hw_hal: adev_set_parameters, kvpairs=A2dpSuspended=false
2022-08-05 21:39:26.368 1315-1330/system_process I/HostConnection: HostConnection::HostConnection: pid=1315, tid=1330, this=0x7fffeb61cc60
2022-08-05 21:39:26.369 1315-1330/system_process D/HostConnection: HostRPC::connect sucess: app=system_server, pid=1315, tid=1330, this=0x7fffce083d40
2022-08-05 21:39:26.369 1315-1330/system_process D/HostConnection: queryAndSetGLESMaxVersion select gles-version: 3.1 hostGLVersion:46 process:system_server
2022-08-05 21:39:26.372 1315-1315/system_process I/SystemServer: WebViewFactory preparation
2022-08-05 21:39:26.374 1315-1315/system_process D/WebViewFactory: Setting new address space to 169343248
2022-08-05 21:39:26.382 1068-1110/? D/vold: e4crypt_unlock_user_key 0 serial=0 token_present=0
2022-08-05 21:39:26.382 1315-1380/system_process D/BluetoothManagerService: Trying to bind to profile: 1, while Bluetooth was disabled
2022-08-05 21:39:26.386 1315-1315/system_process I/Zygote: Process: zygote socket opened, supported ABIS: x86_64,arm64-v8a
2022-08-05 21:39:26.388 1315-1398/system_process D/DhcpClient: Receive thread started
2022-08-05 21:39:26.391 1315-1363/system_process D/CryptdConnector: RCV <- {200 2 Command succeeded}
2022-08-05 21:39:26.391 1315-1361/system_process D/MountService: Thinking about reset, mSystemReady=true, mDaemonConnected=true
2022-08-05 21:39:26.391 1315-1361/system_process D/VoldConnector: SND -> {3 volume reset}
2022-08-05 21:39:26.391 1315-1362/system_process D/VoldConnector: RCV <- {651 emulated 7}
2022-08-05 21:39:26.391 1315-1362/system_process D/VoldConnector: RCV <- {659 emulated}
2022-08-05 21:39:26.391 1315-1362/system_process D/VoldConnector: RCV <- {650 emulated 2 "" ""}
2022-08-05 21:39:26.391 1315-1362/system_process D/VoldConnector: RCV <- {654 emulated emulated}
2022-08-05 21:39:26.391 1315-1362/system_process D/VoldConnector: RCV <- {651 emulated 0}
2022-08-05 21:39:26.391 1315-1362/system_process D/VoldConnector: RCV <- {200 3 Command succeeded}
2022-08-05 21:39:26.391 1315-1361/system_process D/VoldConnector: SND -> {4 volume user_added 0 0}
2022-08-05 21:39:26.392 1315-1334/system_process V/MountService: Found primary storage at VolumeInfo{emulated}:
        type=EMULATED diskId=null partGuid=null mountFlags=0 mountUserId=-1 
        state=UNMOUNTED 
        fsType=null fsUuid=null fsLabel=null 
        path=null internalPath=null 
2022-08-05 21:39:26.392 1315-1362/system_process D/VoldConnector: RCV <- {200 4 Command succeeded}
2022-08-05 21:39:26.407 1315-1315/system_process I/Zygote: Process: zygote socket opened, supported ABIS: x86,armeabi-v7a,armeabi
2022-08-05 21:39:26.411 1123-1308/? I/art: Starting a blocking GC HeapTrim
2022-08-05 21:39:26.414 1315-1394/system_process D/DhcpClient: Broadcasting DHCPDISCOVER
2022-08-05 21:39:26.421 1315-1398/system_process D/DhcpClient: Received packet: 00:db:f5:11:b3:37 OFFER, ip /172.16.1.15, mask /255.255.255.0, DNS servers: /192.168.50.190 /10.2.2.4 , gateways [/172.16.1.2] lease time 86400, domain my9yu.com
2022-08-05 21:39:26.433 1123-1123/? I/art: Starting a blocking GC Background
2022-08-05 21:39:26.446 1315-1315/system_process W/ActivityManager: Slow operation: 71ms so far, now at startProcess: returned from zygote!
2022-08-05 21:39:26.446 1315-1315/system_process W/ActivityManager: Slow operation: 71ms so far, now at startProcess: done updating battery stats
2022-08-05 21:39:26.446 1315-1315/system_process W/ActivityManager: Slow operation: 71ms so far, now at startProcess: building log message
2022-08-05 21:39:26.446 1315-1315/system_process I/ActivityManager: Start proc 1399:WebViewLoader-x86/1037 [android.webkit.WebViewFactory$RelroFileCreator] for 
2022-08-05 21:39:26.446 1315-1315/system_process W/ActivityManager: Slow operation: 71ms so far, now at startProcess: starting to update pids map
2022-08-05 21:39:26.446 1315-1315/system_process W/ActivityManager: Slow operation: 71ms so far, now at startProcess: done updating pids map
2022-08-05 21:39:26.446 1315-1315/system_process W/ActivityManager: Slow operation: 71ms so far, now at startProcess: done starting proc!
2022-08-05 21:39:26.465 1122-1319/? I/art: Starting a blocking GC HeapTrim
2022-08-05 21:39:26.466 1399-1399/? D/libnativebridge: call UnloadNativeBridge! state=1
2022-08-05 21:39:26.471 1315-1315/system_process I/ActivityManager: Start proc 1404:WebViewLoader-x86_64/1037 [android.webkit.WebViewFactory$RelroFileCreator] for 
2022-08-05 21:39:26.471 1315-1329/system_process I/ActivityManager: Force stopping com.android.providers.media appid=10007 user=-1: vold reset
2022-08-05 21:39:26.473 1315-1361/system_process D/VoldConnector: SND -> {5 volume mount emulated 3 -1}
2022-08-05 21:39:26.474 1315-1394/system_process D/DhcpClient: Got pending lease: IP address 172.16.1.15/24 Gateway 172.16.1.2  DNS servers: [ 192.168.50.190 10.2.2.4 ] Domains my9yu.com DHCP server /172.16.1.2 Vendor info null lease 86400 seconds
2022-08-05 21:39:26.474 1315-1362/system_process D/VoldConnector: RCV <- {651 emulated 1}
2022-08-05 21:39:26.474 1315-1362/system_process D/VoldConnector: RCV <- {656 emulated /data/media}
2022-08-05 21:39:26.474 1315-1362/system_process D/VoldConnector: RCV <- {655 emulated /storage/emulated}
2022-08-05 21:39:26.474 1068-1109/? V/vold: Waiting for FUSE to spin up...
2022-08-05 21:39:26.482 1315-1380/system_process E/BluetoothA2dp: Could not bind to Bluetooth A2DP Service with Intent { act=android.bluetooth.IBluetoothA2dp }
2022-08-05 21:39:26.484 1409-1409/? W/sdcard: Device explicitly enabled sdcardfs
2022-08-05 21:39:26.486 1315-1315/system_process I/ActivityManager: Start proc 1410:com.android.systemui/u0a17 for service com.android.systemui/.SystemUIService
2022-08-05 21:39:26.486 1315-1394/system_process D/DhcpClient: Broadcasting DHCPREQUEST ciaddr=0.0.0.0 request=172.16.1.15 serverid=172.16.1.2
2022-08-05 21:39:26.487 1315-1315/system_process I/NetworkManagement: not enabling bandwidth control
2022-08-05 21:39:26.487 1315-1398/system_process D/DhcpClient: Received packet: 00:db:f5:11:b3:37 ACK: your new IP /172.16.1.15, netmask /255.255.255.0, gateways [/172.16.1.2] DNS servers: /192.168.50.190 /10.2.2.4 , lease time 86400
2022-08-05 21:39:26.487 1409-1409/? E/cutils: Failed to chmod(/data/media/obb, 509): Operation not permitted
2022-08-05 21:39:26.487 1315-1394/system_process D/DhcpClient: Confirmed lease: IP address 172.16.1.15/24 Gateway 172.16.1.2  DNS servers: [ 192.168.50.190 10.2.2.4 ] Domains my9yu.com DHCP server /172.16.1.2 Vendor info null lease 86400 seconds
2022-08-05 21:39:26.487 1315-1389/system_process D/IpManager.eth0: warning! assembleLinkProperties error, newLp dns is emptry!
2022-08-05 21:39:26.487 1315-1389/system_process D/NetworkManagement: do setInterfaceConfig: eth0 cfg=mHwAddr=null mAddr=172.16.1.15/24 mFlags=[]
2022-08-05 21:39:26.491 1124-1124/? I/AudioFlinger: systemReady
2022-08-05 21:39:26.503 1399-1399/? V/WebViewFactory: RelroFileCreator (64bit = false),  32-bit lib: /system/app/Chrome/Chrome.apk!/lib/x86/libmonochrome.so, 64-bit lib: /system/app/Chrome/Chrome.apk!/lib/x86_64/libmonochrome.so
2022-08-05 21:39:26.524 1315-1362/system_process D/VoldConnector: RCV <- {651 emulated 2}
2022-08-05 21:39:26.524 1315-1362/system_process D/VoldConnector: RCV <- {200 5 Command succeeded}
2022-08-05 21:39:26.536 1410-1410/com.android.systemui D/libnativebridge: call UnloadNativeBridge! state=1
2022-08-05 21:39:26.536 1404-1404/? D/libnativebridge: call UnloadNativeBridge! state=1
2022-08-05 21:39:26.539 1134-1304/? D/CommandListener: Setting iface cfg
2022-08-05 21:39:26.539 1315-1315/system_process W/NetworkManagement: setDataSaverMode(): already false
2022-08-05 21:39:26.540 1315-1315/system_process W/NetworkStats: bandwidth controls disabled, unable to track stats
2022-08-05 21:39:26.540 1315-1315/system_process W/NetworkPolicy: bandwidth controls disabled, unable to enforce policy
2022-08-05 21:39:26.540 1315-1394/system_process D/DhcpClient: Scheduling renewal in 43199s
2022-08-05 21:39:26.540 1315-1394/system_process D/DhcpClient: Scheduling rebind in 75599s
2022-08-05 21:39:26.540 1315-1394/system_process D/DhcpClient: Scheduling expiry in 86399s
2022-08-05 21:39:26.555 1315-1388/system_process D/ConnectivityService: registerNetworkAgent NetworkAgentInfo{ ni{[type: Ethernet[], state: CONNECTED/CONNECTED, reason: (unspecified), extra: 00:db:f5:11:b3:37, failover: false, available: true, roaming: false, metered: false]}  network{100}  nethandle{429513165534}  lp{{InterfaceName: eth0 LinkAddresses: [fe80::2db:f5ff:fe11:b337/64,172.16.1.15/24,]  Routes: [fe80::/64 -> :: eth0,172.16.1.0/24 -> 0.0.0.0 eth0,0.0.0.0/0 -> 172.16.1.2 eth0,] DnsAddresses: [192.168.50.190,10.2.2.4,] Domains: my9yu.com MTU: 0 TcpBufferSizes: 524288,1048576,3145728,524288,1048576,2097152}}  nc{[ Transports: ETHERNET Capabilities: INTERNET&NOT_RESTRICTED&TRUSTED&NOT_VPN LinkUpBandwidth>=100000Kbps LinkDnBandwidth>=100000Kbps]}  Score{10}  everValidated{false}  lastValidated{false}  created{false} lingering{false} explicitlySelected{false} acceptUnvalidated{false} everCaptivePortalDetected{false} lastCaptivePortalDetected{false} }
2022-08-05 21:39:26.555 1315-1388/system_process D/EthernetNetworkFactory: exiting ipProvisioningThread(eth0): mNetworkInfo=[type: Ethernet[], state: CONNECTED/CONNECTED, reason: (unspecified), extra: 00:db:f5:11:b3:37, failover: false, available: true, roaming: false, metered: false]
2022-08-05 21:39:26.555 1315-1373/system_process D/ConnectivityService: NetworkAgentInfo [Ethernet () - 100] EVENT_NETWORK_INFO_CHANGED, going from null to CONNECTED
2022-08-05 21:39:26.556 1315-1373/system_process D/ConnectivityService: Adding iface eth0 to network 100
2022-08-05 21:39:26.571 1315-1373/system_process D/ConnectivityService: Setting DNS servers for network 100 to [/192.168.50.190, /10.2.2.4, /119.29.29.29]
2022-08-05 21:39:26.571 1315-1373/system_process D/NetworkManagement: do setDnsConfigurationForNetwork netId=100 servers=[192.168.50.190, 10.2.2.4, 119.29.29.29]
2022-08-05 21:39:26.572 1315-1432/system_process D/NetworkMonitor/NetworkAgentInfo[Ethernet()-100]: Validation disabled.
2022-08-05 21:39:26.579 1315-1373/system_process D/ConnectivityService: Switching to new default network: NetworkAgentInfo{ ni{[type: Ethernet[], state: CONNECTED/CONNECTED, reason: (unspecified), extra: 00:db:f5:11:b3:37, failover: false, available: true, roaming: false, metered: false]}  network{100}  nethandle{429513165534}  lp{{InterfaceName: eth0 LinkAddresses: [fe80::2db:f5ff:fe11:b337/64,172.16.1.15/24,]  Routes: [fe80::/64 -> :: eth0,172.16.1.0/24 -> 0.0.0.0 eth0,0.0.0.0/0 -> 172.16.1.2 eth0,] DnsAddresses: [192.168.50.190,10.2.2.4,] Domains: my9yu.com MTU: 0 TcpBufferSizes: 524288,1048576,3145728,524288,1048576,2097152}}  nc{[ Transports: ETHERNET Capabilities: INTERNET&NOT_RESTRICTED&TRUSTED&NOT_VPN&FOREGROUND LinkUpBandwidth>=100000Kbps LinkDnBandwidth>=100000Kbps]}  Score{10}  everValidated{false}  lastValidated{false}  created{true} lingering{false} explicitlySelected{false} acceptUnvalidated{false} everCaptivePortalDetected{false} lastCaptivePortalDetected{false} }
2022-08-05 21:39:26.579 1315-1373/system_process D/NetworkManagement: do setDefaultNetId! netId=100
2022-08-05 21:39:26.584 1315-1425/system_process E/WVMExtractor: Failed to open libwvm.so: dlopen failed: library "libwvm.so" not found
2022-08-05 21:39:26.584 1315-1315/system_process I/SystemServiceManager: Starting phase 600
2022-08-05 21:39:26.585 1315-1373/system_process D/ConnectivityService: Sending CONNECTED broadcast for type 9 NetworkAgentInfo [Ethernet () - 100] isDefaultNetwork=true
2022-08-05 21:39:26.590 1132-1132/? W/linker: /system/vendor/lib/libavcodec.so has text relocations. This is wasting memory and prevents security hardening. Please fix.
2022-08-05 21:39:26.593 1132-1132/? W/linker: /system/vendor/lib/libavutil.so has text relocations. This is wasting memory and prevents security hardening. Please fix.
2022-08-05 21:39:26.594 1132-1132/? W/linker: /system/vendor/lib/libswresample.so has text relocations. This is wasting memory and prevents security hardening. Please fix.
2022-08-05 21:39:26.602 1399-1399/? I/art: System.exit called, status: 0
2022-08-05 21:39:26.602 1399-1399/? I/AndroidRuntime: VM exiting with result code 0, cleanup skipped.
2022-08-05 21:39:26.621 1315-1373/system_process D/ConnectivityService: NetworkAgentInfo [Ethernet () - 100] validation passed
2022-08-05 21:39:26.640 1133-1133/? I/MediaPlayerService: MediaPlayerService::getOMX
2022-08-05 21:39:26.645 1133-1133/? W/linker: /system/vendor/lib/libavcodec.so has text relocations. This is wasting memory and prevents security hardening. Please fix.
2022-08-05 21:39:26.646 1133-1133/? W/linker: /system/vendor/lib/libavutil.so has text relocations. This is wasting memory and prevents security hardening. Please fix.
2022-08-05 21:39:26.646 1133-1133/? W/linker: /system/vendor/lib/libswresample.so has text relocations. This is wasting memory and prevents security hardening. Please fix.
2022-08-05 21:39:26.646 1133-1133/? W/linker: /system/vendor/lib/libswscale.so has text relocations. This is wasting memory and prevents security hardening. Please fix.
2022-08-05 21:39:26.650 1130-1130/? W/linker: /system/vendor/lib/libavcodec.so has text relocations. This is wasting memory and prevents security hardening. Please fix.
2022-08-05 21:39:26.651 1130-1130/? W/linker: /system/vendor/lib/libavutil.so has text relocations. This is wasting memory and prevents security hardening. Please fix.
2022-08-05 21:39:26.656 1130-1130/? W/linker: /system/vendor/lib/libswresample.so has text relocations. This is wasting memory and prevents security hardening. Please fix.
2022-08-05 21:39:26.656 1130-1130/? W/linker: /system/vendor/lib/libswscale.so has text relocations. This is wasting memory and prevents security hardening. Please fix.
2022-08-05 21:39:26.660 1133-1133/? I/OMXClient: MuxOMX ctor
2022-08-05 21:39:26.661 1133-1133/? I/MediaPlayerService: MediaPlayerService::getOMX
2022-08-05 21:39:26.661 1133-1133/? I/OMXClient: MuxOMX ctor
2022-08-05 21:39:26.661 1130-1130/? I/OMXMaster: makeComponentInstance(OMX.ffmpeg.aac.decoder) in mediacodec process
2022-08-05 21:39:26.661 1130-1130/? V/FFmpegOMXPlugin: makeComponentInstance 'OMX.ffmpeg.aac.decoder'
2022-08-05 21:39:26.661 1130-1130/? D/SoftFFmpegAudio: SoftFFmpegAudio component: OMX.ffmpeg.aac.decoder mCodingType: 21
2022-08-05 21:39:26.676 1130-1130/? E/OMXNodeInstance: getParameter(46a0001:ffmpeg.aac.decoder, ??(0x6f400005)) ERROR: UnsupportedIndex(0x8000101a)
2022-08-05 21:39:26.676 1133-1133/? W/ACodec: component OMX.ffmpeg.aac.decoder doesn't support profile query.
2022-08-05 21:39:26.676 1133-1133/? I/MediaPlayerService: MediaPlayerService::getOMX
2022-08-05 21:39:26.676 1133-1133/? I/OMXClient: MuxOMX ctor
2022-08-05 21:39:26.676 1130-1130/? I/OMXMaster: makeComponentInstance(OMX.ffmpeg.ac3.decoder) in mediacodec process
2022-08-05 21:39:26.676 1130-1130/? V/FFmpegOMXPlugin: makeComponentInstance 'OMX.ffmpeg.ac3.decoder'
2022-08-05 21:39:26.676 1130-1130/? D/SoftFFmpegAudio: SoftFFmpegAudio component: OMX.ffmpeg.ac3.decoder mCodingType: 2130706434
2022-08-05 21:39:26.676 1133-1133/? I/MediaPlayerService: MediaPlayerService::getOMX
2022-08-05 21:39:26.676 1133-1133/? I/OMXClient: MuxOMX ctor
2022-08-05 21:39:26.676 1130-1130/? I/OMXMaster: makeComponentInstance(OMX.ffmpeg.alac.decoder) in mediacodec process
2022-08-05 21:39:26.676 1130-1130/? V/FFmpegOMXPlugin: makeComponentInstance 'OMX.ffmpeg.alac.decoder'
2022-08-05 21:39:26.676 1130-1130/? D/SoftFFmpegAudio: SoftFFmpegAudio component: OMX.ffmpeg.alac.decoder mCodingType: 2130706437
2022-08-05 21:39:26.677 1133-1133/? I/MediaPlayerService: MediaPlayerService::getOMX
2022-08-05 21:39:26.677 1133-1133/? I/OMXClient: MuxOMX ctor
2022-08-05 21:39:26.677 1130-1130/? I/OMXMaster: makeComponentInstance(OMX.ffmpeg.ape.decoder) in mediacodec process
2022-08-05 21:39:26.677 1130-1130/? V/FFmpegOMXPlugin: makeComponentInstance 'OMX.ffmpeg.ape.decoder'
2022-08-05 21:39:26.677 1130-1130/? D/SoftFFmpegAudio: SoftFFmpegAudio component: OMX.ffmpeg.ape.decoder mCodingType: 2130706435
2022-08-05 21:39:26.677 1133-1133/? I/MediaPlayerService: MediaPlayerService::getOMX
2022-08-05 21:39:26.677 1133-1133/? I/OMXClient: MuxOMX ctor
2022-08-05 21:39:26.677 1130-1130/? I/OMXMaster: makeComponentInstance(OMX.ffmpeg.atrial.decoder) in mediacodec process
2022-08-05 21:39:26.677 1130-1130/? V/FFmpegOMXPlugin: makeComponentInstance 'OMX.ffmpeg.atrial.decoder'
2022-08-05 21:39:26.677 1130-1130/? D/SoftFFmpegAudio: SoftFFmpegAudio component: OMX.ffmpeg.atrial.decoder mCodingType: 1
2022-08-05 21:39:26.677 1133-1133/? I/MediaPlayerService: MediaPlayerService::getOMX
2022-08-05 21:39:26.678 1133-1133/? I/OMXClient: MuxOMX ctor
2022-08-05 21:39:26.678 1130-1130/? I/OMXMaster: makeComponentInstance(OMX.ffmpeg.dts.decoder) in mediacodec process
2022-08-05 21:39:26.678 1130-1130/? V/FFmpegOMXPlugin: makeComponentInstance 'OMX.ffmpeg.dts.decoder'
2022-08-05 21:39:26.678 1130-1130/? D/SoftFFmpegAudio: SoftFFmpegAudio component: OMX.ffmpeg.dts.decoder mCodingType: 2130706436
2022-08-05 21:39:26.678 1133-1133/? W/MediaCodecList: ignoring Limit specified outside of a Type
2022-08-05 21:39:26.678 1133-1133/? W/MediaCodecList: ignoring Limit specified outside of a Type
2022-08-05 21:39:26.678 1133-1133/? I/MediaPlayerService: MediaPlayerService::getOMX
2022-08-05 21:39:26.678 1133-1133/? I/OMXClient: MuxOMX ctor
2022-08-05 21:39:26.678 1130-1130/? I/OMXMaster: makeComponentInstance(OMX.ffmpeg.flac.decoder) in mediacodec process
2022-08-05 21:39:26.678 1130-1130/? V/FFmpegOMXPlugin: makeComponentInstance 'OMX.ffmpeg.flac.decoder'
2022-08-05 21:39:26.678 1130-1130/? D/SoftFFmpegAudio: SoftFFmpegAudio component: OMX.ffmpeg.flac.decoder mCodingType: 28
2022-08-05 21:39:26.678 1133-1133/? I/MediaPlayerService: MediaPlayerService::getOMX
2022-08-05 21:39:26.678 1133-1133/? I/OMXClient: MuxOMX ctor
2022-08-05 21:39:26.678 1130-1130/? I/OMXMaster: makeComponentInstance(OMX.ffmpeg.mp2.decoder) in mediacodec process
2022-08-05 21:39:26.678 1130-1130/? V/FFmpegOMXPlugin: makeComponentInstance 'OMX.ffmpeg.mp2.decoder'
2022-08-05 21:39:26.678 1130-1130/? D/SoftFFmpegAudio: SoftFFmpegAudio component: OMX.ffmpeg.mp2.decoder mCodingType: 2130706433
2022-08-05 21:39:26.679 1133-1133/? I/MediaPlayerService: MediaPlayerService::getOMX
2022-08-05 21:39:26.679 1133-1133/? I/OMXClient: MuxOMX ctor
2022-08-05 21:39:26.679 1130-1130/? I/OMXMaster: makeComponentInstance(OMX.ffmpeg.ra.decoder) in mediacodec process
2022-08-05 21:39:26.679 1130-1130/? V/FFmpegOMXPlugin: makeComponentInstance 'OMX.ffmpeg.ra.decoder'
2022-08-05 21:39:26.679 1130-1130/? D/SoftFFmpegAudio: SoftFFmpegAudio component: OMX.ffmpeg.ra.decoder mCodingType: 26
2022-08-05 21:39:26.679 1133-1133/? I/MediaPlayerService: MediaPlayerService::getOMX
2022-08-05 21:39:26.679 1133-1133/? I/OMXClient: MuxOMX ctor
2022-08-05 21:39:26.679 1130-1130/? I/OMXMaster: makeComponentInstance(OMX.ffmpeg.vorbis.decoder) in mediacodec process
2022-08-05 21:39:26.679 1130-1130/? V/FFmpegOMXPlugin: makeComponentInstance 'OMX.ffmpeg.vorbis.decoder'
2022-08-05 21:39:26.679 1130-1130/? D/SoftFFmpegAudio: SoftFFmpegAudio component: OMX.ffmpeg.vorbis.decoder mCodingType: 24
2022-08-05 21:39:26.679 1133-1133/? I/MediaPlayerService: MediaPlayerService::getOMX
2022-08-05 21:39:26.679 1133-1133/? I/OMXClient: MuxOMX ctor
2022-08-05 21:39:26.679 1130-1130/? I/OMXMaster: makeComponentInstance(OMX.ffmpeg.wma.decoder) in mediacodec process
2022-08-05 21:39:26.679 1130-1130/? V/FFmpegOMXPlugin: makeComponentInstance 'OMX.ffmpeg.wma.decoder'
2022-08-05 21:39:26.680 1130-1130/? D/SoftFFmpegAudio: SoftFFmpegAudio component: OMX.ffmpeg.wma.decoder mCodingType: 25
2022-08-05 21:39:26.680 1133-1133/? I/MediaPlayerService: MediaPlayerService::getOMX
2022-08-05 21:39:26.680 1133-1133/? I/OMXClient: MuxOMX ctor
2022-08-05 21:39:26.680 1130-1130/? I/OMXMaster: makeComponentInstance(OMX.ffmpeg.divx.decoder) in mediacodec process
2022-08-05 21:39:26.680 1130-1130/? V/FFmpegOMXPlugin: makeComponentInstance 'OMX.ffmpeg.divx.decoder'
2022-08-05 21:39:26.680 1130-1130/? D/SoftFFmpegVideo: SoftFFmpegVideo component: OMX.ffmpeg.divx.decoder codingType=2130706435 appData: 0xf7030000
2022-08-05 21:39:26.681 1130-1130/? D/SoftFFmpegVideo: 0xf704b200 initDecoder: 0xf7057000
2022-08-05 21:39:26.681 1130-1150/? E/OMXNodeInstance: getExtensionIndex(46a000c:ffmpeg.divx.decoder, OMX.google.android.index.configureVideoTunnelMode) ERROR: UnsupportedIndex(0x8000101a)
2022-08-05 21:39:26.681 1130-1130/? W/OMXNodeInstance: [46a000c:ffmpeg.divx.decoder] component does not support metadata mode; using fallback
2022-08-05 21:39:26.681 1130-1130/? D/SoftFFmpegVideo: 0xf704b200 deInitDecoder: 0xf7057000
2022-08-05 21:39:26.681 1133-1133/? I/MediaPlayerService: MediaPlayerService::getOMX
2022-08-05 21:39:26.681 1133-1133/? I/OMXClient: MuxOMX ctor
2022-08-05 21:39:26.681 1130-1130/? I/OMXMaster: makeComponentInstance(OMX.ffmpeg.flv1.decoder) in mediacodec process
2022-08-05 21:39:26.681 1130-1130/? V/FFmpegOMXPlugin: makeComponentInstance 'OMX.ffmpeg.flv1.decoder'
2022-08-05 21:39:26.681 1130-1130/? D/SoftFFmpegVideo: SoftFFmpegVideo component: OMX.ffmpeg.flv1.decoder codingType=2130706434 appData: 0xf7030000
2022-08-05 21:39:26.682 1130-1130/? D/SoftFFmpegVideo: 0xf704b200 initDecoder: 0xf7057000
2022-08-05 21:39:26.682 1130-1150/? E/OMXNodeInstance: getExtensionIndex(46a000d:ffmpeg.flv1.decoder, OMX.google.android.index.configureVideoTunnelMode) ERROR: UnsupportedIndex(0x8000101a)
2022-08-05 21:39:26.682 1130-1130/? W/OMXNodeInstance: [46a000d:ffmpeg.flv1.decoder] component does not support metadata mode; using fallback
2022-08-05 21:39:26.682 1130-1130/? D/SoftFFmpegVideo: 0xf704b200 deInitDecoder: 0xf7057000
2022-08-05 21:39:26.682 1133-1133/? I/MediaPlayerService: MediaPlayerService::getOMX
2022-08-05 21:39:26.682 1133-1133/? I/OMXClient: MuxOMX ctor
2022-08-05 21:39:26.682 1130-1130/? I/OMXMaster: makeComponentInstance(OMX.ffmpeg.mpeg2.decoder) in mediacodec process
2022-08-05 21:39:26.682 1130-1130/? V/FFmpegOMXPlugin: makeComponentInstance 'OMX.ffmpeg.mpeg2.decoder'
2022-08-05 21:39:26.682 1130-1130/? D/SoftFFmpegVideo: SoftFFmpegVideo component: OMX.ffmpeg.mpeg2.decoder codingType=2 appData: 0xf7030000
2022-08-05 21:39:26.682 1130-1130/? D/SoftFFmpegVideo: 0xf704b200 initDecoder: 0xf7057000
2022-08-05 21:39:26.683 1130-1150/? E/OMXNodeInstance: getExtensionIndex(46a000e:ffmpeg.mpeg2.decoder, OMX.google.android.index.configureVideoTunnelMode) ERROR: UnsupportedIndex(0x8000101a)
2022-08-05 21:39:26.683 1130-1130/? W/OMXNodeInstance: [46a000e:ffmpeg.mpeg2.decoder] component does not support metadata mode; using fallback
2022-08-05 21:39:26.683 1130-1130/? D/SoftFFmpegVideo: 0xf704b200 deInitDecoder: 0xf7057000
2022-08-05 21:39:26.683 1133-1133/? I/MediaPlayerService: MediaPlayerService::getOMX
2022-08-05 21:39:26.683 1133-1133/? I/OMXClient: MuxOMX ctor
2022-08-05 21:39:26.683 1130-1130/? I/OMXMaster: makeComponentInstance(OMX.ffmpeg.mpeg4.decoder) in mediacodec process
2022-08-05 21:39:26.683 1130-1130/? V/FFmpegOMXPlugin: makeComponentInstance 'OMX.ffmpeg.mpeg4.decoder'
2022-08-05 21:39:26.683 1130-1130/? D/SoftFFmpegVideo: SoftFFmpegVideo component: OMX.ffmpeg.mpeg4.decoder codingType=4 appData: 0xf7030000
2022-08-05 21:39:26.683 1130-1130/? D/SoftFFmpegVideo: 0xf704b200 initDecoder: 0xf7057000
2022-08-05 21:39:26.684 1130-1150/? E/OMXNodeInstance: getExtensionIndex(46a000f:ffmpeg.mpeg4.decoder, OMX.google.android.index.configureVideoTunnelMode) ERROR: UnsupportedIndex(0x8000101a)
2022-08-05 21:39:26.684 1130-1130/? W/OMXNodeInstance: [46a000f:ffmpeg.mpeg4.decoder] component does not support metadata mode; using fallback
2022-08-05 21:39:26.684 1130-1130/? D/SoftFFmpegVideo: 0xf704b200 deInitDecoder: 0xf7057000
2022-08-05 21:39:26.684 1133-1133/? I/MediaPlayerService: MediaPlayerService::getOMX
2022-08-05 21:39:26.684 1133-1133/? I/OMXClient: MuxOMX ctor
2022-08-05 21:39:26.684 1130-1130/? I/OMXMaster: makeComponentInstance(OMX.ffmpeg.h263.decoder) in mediacodec process
2022-08-05 21:39:26.684 1130-1130/? V/FFmpegOMXPlugin: makeComponentInstance 'OMX.ffmpeg.h263.decoder'
2022-08-05 21:39:26.684 1130-1130/? D/SoftFFmpegVideo: SoftFFmpegVideo component: OMX.ffmpeg.h263.decoder codingType=3 appData: 0xf7030000
2022-08-05 21:39:26.684 1130-1130/? D/SoftFFmpegVideo: 0xf704b200 initDecoder: 0xf7057000
2022-08-05 21:39:26.684 1130-1150/? E/OMXNodeInstance: getExtensionIndex(46a0010:ffmpeg.h263.decoder, OMX.google.android.index.configureVideoTunnelMode) ERROR: UnsupportedIndex(0x8000101a)
2022-08-05 21:39:26.685 1130-1130/? W/OMXNodeInstance: [46a0010:ffmpeg.h263.decoder] component does not support metadata mode; using fallback
2022-08-05 21:39:26.685 1130-1130/? D/SoftFFmpegVideo: 0xf704b200 deInitDecoder: 0xf7057000
2022-08-05 21:39:26.685 1133-1133/? I/MediaPlayerService: MediaPlayerService::getOMX
2022-08-05 21:39:26.685 1133-1133/? I/OMXClient: MuxOMX ctor
2022-08-05 21:39:26.685 1130-1130/? I/OMXMaster: makeComponentInstance(OMX.ffmpeg.hevc.decoder) in mediacodec process
2022-08-05 21:39:26.685 1130-1130/? V/FFmpegOMXPlugin: makeComponentInstance 'OMX.ffmpeg.hevc.decoder'
2022-08-05 21:39:26.685 1130-1130/? D/SoftFFmpegVideo: SoftFFmpegVideo component: OMX.ffmpeg.hevc.decoder codingType=11 appData: 0xf7030000
2022-08-05 21:39:26.685 1130-1130/? D/SoftFFmpegVideo: 0xf704b200 initDecoder: 0xf7057000
2022-08-05 21:39:26.685 1130-1150/? E/OMXNodeInstance: getExtensionIndex(46a0011:ffmpeg.hevc.decoder, OMX.google.android.index.configureVideoTunnelMode) ERROR: UnsupportedIndex(0x8000101a)
2022-08-05 21:39:26.685 1130-1130/? W/OMXNodeInstance: [46a0011:ffmpeg.hevc.decoder] component does not support metadata mode; using fallback
2022-08-05 21:39:26.685 1130-1130/? D/SoftFFmpegVideo: 0xf704b200 deInitDecoder: 0xf7057000
2022-08-05 21:39:26.686 1133-1133/? I/MediaPlayerService: MediaPlayerService::getOMX
2022-08-05 21:39:26.686 1133-1133/? I/OMXClient: MuxOMX ctor
2022-08-05 21:39:26.686 1130-1130/? I/OMXMaster: makeComponentInstance(OMX.ffmpeg.vp8.decoder) in mediacodec process
2022-08-05 21:39:26.686 1130-1130/? V/FFmpegOMXPlugin: makeComponentInstance 'OMX.ffmpeg.vp8.decoder'
2022-08-05 21:39:26.686 1130-1130/? D/SoftFFmpegVideo: SoftFFmpegVideo component: OMX.ffmpeg.vp8.decoder codingType=9 appData: 0xf7030000
2022-08-05 21:39:26.686 1130-1130/? D/SoftFFmpegVideo: 0xf704b200 initDecoder: 0xf7057000
2022-08-05 21:39:26.686 1130-1150/? E/OMXNodeInstance: getExtensionIndex(46a0012:ffmpeg.vp8.decoder, OMX.google.android.index.configureVideoTunnelMode) ERROR: UnsupportedIndex(0x8000101a)
2022-08-05 21:39:26.686 1130-1130/? W/OMXNodeInstance: [46a0012:ffmpeg.vp8.decoder] component does not support metadata mode; using fallback
2022-08-05 21:39:26.686 1130-1130/? D/SoftFFmpegVideo: 0xf704b200 deInitDecoder: 0xf7057000
2022-08-05 21:39:26.686 1133-1133/? I/MediaPlayerService: MediaPlayerService::getOMX
2022-08-05 21:39:26.686 1133-1133/? I/OMXClient: MuxOMX ctor
2022-08-05 21:39:26.686 1130-1130/? I/OMXMaster: makeComponentInstance(OMX.ffmpeg.rv.decoder) in mediacodec process
2022-08-05 21:39:26.686 1130-1130/? V/FFmpegOMXPlugin: makeComponentInstance 'OMX.ffmpeg.rv.decoder'
2022-08-05 21:39:26.686 1130-1130/? D/SoftFFmpegVideo: SoftFFmpegVideo component: OMX.ffmpeg.rv.decoder codingType=6 appData: 0xf7030000
2022-08-05 21:39:26.687 1130-1130/? D/SoftFFmpegVideo: 0xf704b200 initDecoder: 0xf7057000
2022-08-05 21:39:26.687 1130-1150/? E/OMXNodeInstance: getExtensionIndex(46a0013:ffmpeg.rv.decoder, OMX.google.android.index.configureVideoTunnelMode) ERROR: UnsupportedIndex(0x8000101a)
2022-08-05 21:39:26.687 1130-1130/? W/OMXNodeInstance: [46a0013:ffmpeg.rv.decoder] component does not support metadata mode; using fallback
2022-08-05 21:39:26.687 1130-1130/? D/SoftFFmpegVideo: 0xf704b200 deInitDecoder: 0xf7057000
2022-08-05 21:39:26.687 1133-1133/? I/MediaPlayerService: MediaPlayerService::getOMX
2022-08-05 21:39:26.687 1133-1133/? I/OMXClient: MuxOMX ctor
2022-08-05 21:39:26.687 1130-1130/? I/OMXMaster: makeComponentInstance(OMX.ffmpeg.vc1.decoder) in mediacodec process
2022-08-05 21:39:26.687 1130-1130/? V/FFmpegOMXPlugin: makeComponentInstance 'OMX.ffmpeg.vc1.decoder'
2022-08-05 21:39:26.687 1130-1130/? D/SoftFFmpegVideo: SoftFFmpegVideo component: OMX.ffmpeg.vc1.decoder codingType=2130706433 appData: 0xf7030000
2022-08-05 21:39:26.687 1130-1130/? D/SoftFFmpegVideo: 0xf704b200 initDecoder: 0xf7057000
2022-08-05 21:39:26.688 1130-1130/? E/OMXNodeInstance: getExtensionIndex(46a0014:ffmpeg.vc1.decoder, OMX.google.android.index.configureVideoTunnelMode) ERROR: UnsupportedIndex(0x8000101a)
2022-08-05 21:39:26.688 1130-1130/? W/OMXNodeInstance: [46a0014:ffmpeg.vc1.decoder] component does not support metadata mode; using fallback
2022-08-05 21:39:26.688 1130-1150/? D/SoftFFmpegVideo: 0xf704b200 deInitDecoder: 0xf7057000
2022-08-05 21:39:26.689 1133-1133/? I/MediaPlayerService: MediaPlayerService::getOMX
2022-08-05 21:39:26.689 1133-1133/? I/OMXClient: MuxOMX ctor
2022-08-05 21:39:26.689 1130-1501/? I/OMXMaster: makeComponentInstance(OMX.ffmpeg.vtrial.decoder) in mediacodec process
2022-08-05 21:39:26.689 1130-1501/? V/FFmpegOMXPlugin: makeComponentInstance 'OMX.ffmpeg.vtrial.decoder'
2022-08-05 21:39:26.689 1130-1501/? D/SoftFFmpegVideo: SoftFFmpegVideo component: OMX.ffmpeg.vtrial.decoder codingType=1 appData: 0xf7030380
2022-08-05 21:39:26.689 1130-1501/? D/SoftFFmpegVideo: 0xf704b600 initDecoder: 0xf7059800
2022-08-05 21:39:26.689 1130-1501/? E/OMXNodeInstance: getExtensionIndex(46a0015:ffmpeg.vtrial.decoder, OMX.google.android.index.configureVideoTunnelMode) ERROR: UnsupportedIndex(0x8000101a)
2022-08-05 21:39:26.689 1130-1130/? W/OMXNodeInstance: [46a0015:ffmpeg.vtrial.decoder] component does not support metadata mode; using fallback
2022-08-05 21:39:26.689 1130-1130/? D/SoftFFmpegVideo: 0xf704b600 deInitDecoder: 0xf7059800
2022-08-05 21:39:26.689 1133-1133/? I/MediaPlayerService: MediaPlayerService::getOMX
2022-08-05 21:39:26.689 1133-1133/? I/OMXClient: MuxOMX ctor
2022-08-05 21:39:26.689 1130-1130/? I/OMXMaster: makeComponentInstance(OMX.ffmpeg.wmv.decoder) in mediacodec process
2022-08-05 21:39:26.689 1130-1130/? V/FFmpegOMXPlugin: makeComponentInstance 'OMX.ffmpeg.wmv.decoder'
2022-08-05 21:39:26.689 1130-1130/? D/SoftFFmpegVideo: SoftFFmpegVideo component: OMX.ffmpeg.wmv.decoder codingType=5 appData: 0xf7030380
2022-08-05 21:39:26.689 1130-1130/? D/SoftFFmpegVideo: 0xf704b600 initDecoder: 0xf7059800
2022-08-05 21:39:26.689 1130-1501/? E/OMXNodeInstance: getExtensionIndex(46a0016:ffmpeg.wmv.decoder, OMX.google.android.index.configureVideoTunnelMode) ERROR: UnsupportedIndex(0x8000101a)
2022-08-05 21:39:26.689 1130-1130/? W/OMXNodeInstance: [46a0016:ffmpeg.wmv.decoder] component does not support metadata mode; using fallback
2022-08-05 21:39:26.690 1130-1130/? D/SoftFFmpegVideo: 0xf704b600 deInitDecoder: 0xf7059800
2022-08-05 21:39:26.690 1133-1133/? I/MediaPlayerService: MediaPlayerService::getOMX
2022-08-05 21:39:26.690 1133-1133/? I/OMXClient: MuxOMX ctor
2022-08-05 21:39:26.690 1130-1150/? I/OMXMaster: makeComponentInstance(OMX.google.mp3.decoder) in mediacodec process
2022-08-05 21:39:26.700 1133-1133/? I/MediaPlayerService: MediaPlayerService::getOMX
2022-08-05 21:39:26.700 1133-1133/? I/OMXClient: MuxOMX ctor
2022-08-05 21:39:26.700 1130-1130/? I/OMXMaster: makeComponentInstance(OMX.google.amrnb.decoder) in mediacodec process
2022-08-05 21:39:26.702 1133-1133/? I/MediaPlayerService: MediaPlayerService::getOMX
2022-08-05 21:39:26.702 1133-1133/? I/OMXClient: MuxOMX ctor
2022-08-05 21:39:26.702 1130-1501/? I/OMXMaster: makeComponentInstance(OMX.google.amrwb.decoder) in mediacodec process
2022-08-05 21:39:26.703 1133-1133/? I/MediaPlayerService: MediaPlayerService::getOMX
2022-08-05 21:39:26.703 1133-1133/? I/OMXClient: MuxOMX ctor
2022-08-05 21:39:26.703 1130-1150/? I/OMXMaster: makeComponentInstance(OMX.google.aac.decoder) in mediacodec process
2022-08-05 21:39:26.706 1133-1133/? I/MediaPlayerService: MediaPlayerService::getOMX
2022-08-05 21:39:26.706 1133-1133/? I/OMXClient: MuxOMX ctor
2022-08-05 21:39:26.706 1130-1130/? I/OMXMaster: makeComponentInstance(OMX.google.g711.alaw.decoder) in mediacodec process
2022-08-05 21:39:26.707 1133-1133/? I/MediaPlayerService: MediaPlayerService::getOMX
2022-08-05 21:39:26.707 1133-1133/? I/OMXClient: MuxOMX ctor
2022-08-05 21:39:26.707 1130-1501/? I/OMXMaster: makeComponentInstance(OMX.google.g711.mlaw.decoder) in mediacodec process
2022-08-05 21:39:26.707 1133-1133/? I/MediaPlayerService: MediaPlayerService::getOMX
2022-08-05 21:39:26.707 1133-1133/? I/OMXClient: MuxOMX ctor
2022-08-05 21:39:26.707 1130-1150/? I/OMXMaster: makeComponentInstance(OMX.google.vorbis.decoder) in mediacodec process
2022-08-05 21:39:26.708 1133-1133/? I/MediaPlayerService: MediaPlayerService::getOMX
2022-08-05 21:39:26.708 1133-1133/? I/OMXClient: MuxOMX ctor
2022-08-05 21:39:26.708 1130-1130/? I/OMXMaster: makeComponentInstance(OMX.google.opus.decoder) in mediacodec process
2022-08-05 21:39:26.710 1133-1133/? I/MediaPlayerService: MediaPlayerService::getOMX
2022-08-05 21:39:26.710 1133-1133/? I/OMXClient: MuxOMX ctor
2022-08-05 21:39:26.710 1130-1501/? I/OMXMaster: makeComponentInstance(OMX.google.raw.decoder) in mediacodec process
2022-08-05 21:39:26.710 1133-1133/? I/MediaPlayerService: MediaPlayerService::getOMX
2022-08-05 21:39:26.710 1133-1133/? I/OMXClient: MuxOMX ctor
2022-08-05 21:39:26.710 1130-1150/? I/OMXMaster: makeComponentInstance(OMX.google.aac.encoder) in mediacodec process
2022-08-05 21:39:26.718 1133-1133/? I/MediaPlayerService: MediaPlayerService::getOMX
2022-08-05 21:39:26.718 1133-1133/? I/OMXClient: MuxOMX ctor
2022-08-05 21:39:26.718 1130-1130/? I/OMXMaster: makeComponentInstance(OMX.google.amrnb.encoder) in mediacodec process
2022-08-05 21:39:26.720 1133-1133/? I/MediaPlayerService: MediaPlayerService::getOMX
2022-08-05 21:39:26.720 1133-1133/? I/OMXClient: MuxOMX ctor
2022-08-05 21:39:26.720 1130-1501/? I/OMXMaster: makeComponentInstance(OMX.google.amrwb.encoder) in mediacodec process
2022-08-05 21:39:26.721 1133-1133/? I/MediaPlayerService: MediaPlayerService::getOMX
2022-08-05 21:39:26.721 1133-1133/? I/OMXClient: MuxOMX ctor
2022-08-05 21:39:26.721 1130-1150/? I/OMXMaster: makeComponentInstance(OMX.google.flac.encoder) in mediacodec process
2022-08-05 21:39:26.723 1133-1133/? I/MediaPlayerService: MediaPlayerService::getOMX
2022-08-05 21:39:26.723 1133-1133/? I/OMXClient: MuxOMX ctor
2022-08-05 21:39:26.723 1130-1130/? I/OMXMaster: makeComponentInstance(OMX.google.mpeg4.decoder) in mediacodec process
2022-08-05 21:39:26.725 1130-1130/? E/OMXNodeInstance: getExtensionIndex(46a0024:google.mpeg4.decoder, OMX.google.android.index.configureVideoTunnelMode) ERROR: UnsupportedIndex(0x8000101a)
2022-08-05 21:39:26.725 1130-1501/? W/OMXNodeInstance: [46a0024:google.mpeg4.decoder] component does not support metadata mode; using fallback
2022-08-05 21:39:26.725 1133-1133/? I/MediaPlayerService: MediaPlayerService::getOMX
2022-08-05 21:39:26.725 1133-1133/? I/OMXClient: MuxOMX ctor
2022-08-05 21:39:26.725 1130-1150/? I/OMXMaster: makeComponentInstance(OMX.google.h263.decoder) in mediacodec process
2022-08-05 21:39:26.726 1130-1150/? E/OMXNodeInstance: getExtensionIndex(46a0025:google.h263.decoder, OMX.google.android.index.configureVideoTunnelMode) ERROR: UnsupportedIndex(0x8000101a)
2022-08-05 21:39:26.726 1130-1130/? W/OMXNodeInstance: [46a0025:google.h263.decoder] component does not support metadata mode; using fallback
2022-08-05 21:39:26.726 1133-1133/? I/MediaPlayerService: MediaPlayerService::getOMX
2022-08-05 21:39:26.726 1133-1133/? I/OMXClient: MuxOMX ctor
2022-08-05 21:39:26.727 1130-1501/? I/OMXMaster: makeComponentInstance(OMX.google.h264.decoder) in mediacodec process
2022-08-05 21:39:26.730 1133-1133/? W/ACodec: [OMX.google.h264.decoder] stopping checking profiles after 32: 2/8000
2022-08-05 21:39:26.730 1130-1501/? E/OMXNodeInstance: getExtensionIndex(46a0026:google.h264.decoder, OMX.google.android.index.configureVideoTunnelMode) ERROR: UnsupportedIndex(0x8000101a)
2022-08-05 21:39:26.730 1130-1150/? W/OMXNodeInstance: [46a0026:google.h264.decoder] component does not support metadata mode; using fallback
2022-08-05 21:39:26.731 1133-1133/? I/MediaPlayerService: MediaPlayerService::getOMX
2022-08-05 21:39:26.731 1133-1133/? I/OMXClient: MuxOMX ctor
2022-08-05 21:39:26.731 1130-1130/? I/OMXMaster: makeComponentInstance(OMX.qcom.video.decoder.avc) in mediacodec process
2022-08-05 21:39:26.732 1133-1133/? W/ACodec: [OMX.qcom.video.decoder.avc] stopping checking profiles after 32: 2/8000
2022-08-05 21:39:26.732 1130-1130/? E/OMXNodeInstance: getExtensionIndex(46a0027:qcom.decoder.avc, OMX.google.android.index.configureVideoTunnelMode) ERROR: UnsupportedIndex(0x8000101a)
2022-08-05 21:39:26.732 1130-1501/? W/OMXNodeInstance: [46a0027:qcom.decoder.avc] component does not support metadata mode; using fallback
2022-08-05 21:39:26.733 1133-1133/? I/MediaPlayerService: MediaPlayerService::getOMX
2022-08-05 21:39:26.733 1133-1133/? I/OMXClient: MuxOMX ctor
2022-08-05 21:39:26.733 1130-1150/? I/OMXMaster: makeComponentInstance(OMX.google.hevc.decoder) in mediacodec process
2022-08-05 21:39:26.736 1130-1130/? E/OMXNodeInstance: getExtensionIndex(46a0028:google.hevc.decoder, OMX.google.android.index.configureVideoTunnelMode) ERROR: UnsupportedIndex(0x8000101a)
2022-08-05 21:39:26.736 1130-1501/? W/OMXNodeInstance: [46a0028:google.hevc.decoder] component does not support metadata mode; using fallback
2022-08-05 21:39:26.736 1133-1133/? I/MediaPlayerService: MediaPlayerService::getOMX
2022-08-05 21:39:26.736 1133-1133/? I/OMXClient: MuxOMX ctor
2022-08-05 21:39:26.736 1130-1150/? I/OMXMaster: makeComponentInstance(OMX.google.vp8.decoder) in mediacodec process
2022-08-05 21:39:26.739 1130-1130/? E/OMXNodeInstance: getExtensionIndex(46a0029:google.vp8.decoder, OMX.google.android.index.configureVideoTunnelMode) ERROR: UnsupportedIndex(0x8000101a)
2022-08-05 21:39:26.739 1130-1501/? W/OMXNodeInstance: [46a0029:google.vp8.decoder] component does not support metadata mode; using fallback
2022-08-05 21:39:26.739 1133-1133/? I/MediaPlayerService: MediaPlayerService::getOMX
2022-08-05 21:39:26.739 1133-1133/? I/OMXClient: MuxOMX ctor
2022-08-05 21:39:26.739 1130-1150/? I/OMXMaster: makeComponentInstance(OMX.google.vp9.decoder) in mediacodec process
2022-08-05 21:39:26.739 1130-1501/? E/OMXNodeInstance: getExtensionIndex(46a002a:google.vp9.decoder, OMX.google.android.index.configureVideoTunnelMode) ERROR: UnsupportedIndex(0x8000101a)
2022-08-05 21:39:26.739 1130-1150/? W/OMXNodeInstance: [46a002a:google.vp9.decoder] component does not support metadata mode; using fallback
2022-08-05 21:39:26.740 1133-1133/? I/MediaPlayerService: MediaPlayerService::getOMX
2022-08-05 21:39:26.740 1133-1133/? I/OMXClient: MuxOMX ctor
2022-08-05 21:39:26.740 1130-1130/? I/OMXMaster: makeComponentInstance(OMX.google.h263.encoder) in mediacodec process
2022-08-05 21:39:26.741 1130-1130/? I/SoftMPEG4Encoder: Construct SoftMPEG4Encoder
2022-08-05 21:39:26.742 1133-1133/? W/ACodec: do not know color format 0x7f000789 = 2130708361
2022-08-05 21:39:26.742 1130-1150/? E/OMXNodeInstance: getConfig(46a002b:google.h263.encoder, ConfigAndroidIntraRefresh(0x6f60000a)) ERROR: Undefined(0x80001001)
2022-08-05 21:39:26.742 1133-1133/? I/MediaPlayerService: MediaPlayerService::getOMX
2022-08-05 21:39:26.742 1133-1133/? I/OMXClient: MuxOMX ctor
2022-08-05 21:39:26.742 1130-1150/? I/OMXMaster: makeComponentInstance(OMX.google.h264.encoder) in mediacodec process
2022-08-05 21:39:26.745 1133-1133/? W/ACodec: do not know color format 0x7f000789 = 2130708361
2022-08-05 21:39:26.746 1133-1133/? I/MediaPlayerService: MediaPlayerService::getOMX
2022-08-05 21:39:26.746 1133-1133/? I/OMXClient: MuxOMX ctor
2022-08-05 21:39:26.746 1130-1150/? I/OMXMaster: makeComponentInstance(OMX.google.mpeg4.encoder) in mediacodec process
2022-08-05 21:39:26.746 1130-1150/? I/SoftMPEG4Encoder: Construct SoftMPEG4Encoder
2022-08-05 21:39:26.747 1133-1133/? W/ACodec: do not know color format 0x7f000789 = 2130708361
2022-08-05 21:39:26.747 1130-1501/? E/OMXNodeInstance: getConfig(46a002d:google.mpeg4.encoder, ConfigAndroidIntraRefresh(0x6f60000a)) ERROR: Undefined(0x80001001)
2022-08-05 21:39:26.748 1133-1133/? I/MediaPlayerService: MediaPlayerService::getOMX
2022-08-05 21:39:26.748 1133-1133/? I/OMXClient: MuxOMX ctor
2022-08-05 21:39:26.748 1130-1501/? I/OMXMaster: makeComponentInstance(OMX.google.vp8.encoder) in mediacodec process
2022-08-05 21:39:26.757 1133-1133/? W/ACodec: do not know color format 0x7f000789 = 2130708361
2022-08-05 21:39:26.757 1130-1130/? E/OMXNodeInstance: getConfig(46a002e:google.vp8.encoder, ConfigAndroidIntraRefresh(0x6f60000a)) ERROR: Undefined(0x80001001)
2022-08-05 21:39:26.757 1133-1133/? I/MediaPlayerService: MediaPlayerService::getOMX
2022-08-05 21:39:26.757 1133-1133/? I/OMXClient: MuxOMX ctor
2022-08-05 21:39:26.757 1133-1133/? W/MediaCodecList: unable to open media codecs configuration xml file: /etc/media_codecs_performance.xml
2022-08-05 21:39:26.757 1133-1133/? I/MediaPlayerService: MediaPlayerService::getOMX
2022-08-05 21:39:26.757 1133-1133/? I/OMXClient: MuxOMX ctor
2022-08-05 21:39:26.758 1133-1133/? W/MediaCodecList: unable to open media codecs configuration xml file: /data/misc/media/media_codecs_profiling_results.xml
2022-08-05 21:39:26.762 1404-1404/? V/WebViewFactory: RelroFileCreator (64bit = true),  32-bit lib: /system/app/Chrome/Chrome.apk!/lib/x86/libmonochrome.so, 64-bit lib: /system/app/Chrome/Chrome.apk!/lib/x86_64/libmonochrome.so
2022-08-05 21:39:26.762 1133-1156/? I/MediaPlayerService: MediaPlayerService::getOMX
2022-08-05 21:39:26.762 1315-1455/system_process I/OMXClient: MuxOMX ctor
2022-08-05 21:39:26.762 1315-1315/system_process D/SensorNotificationService: Cannot obtain dynamic meta sensor, not supported.
2022-08-05 21:39:26.774 1130-1150/? I/OMXMaster: makeComponentInstance(OMX.ffmpeg.vorbis.decoder) in mediacodec process
2022-08-05 21:39:26.774 1130-1150/? V/FFmpegOMXPlugin: makeComponentInstance 'OMX.ffmpeg.vorbis.decoder'
2022-08-05 21:39:26.774 1130-1150/? D/SoftFFmpegAudio: SoftFFmpegAudio component: OMX.ffmpeg.vorbis.decoder mCodingType: 24
2022-08-05 21:39:26.775 1315-1455/system_process D/FFMPEGSoftCodec: No PCM format specified, using 16 bit
2022-08-05 21:39:26.775 1130-1130/? D/SoftFFmpegAudio: set OMX_IndexParamAudioVorbis, nChannels=2, nSampleRate=44100, nBitRate=0, nMinBitRate=0, nMaxBitRate=0
2022-08-05 21:39:26.778 1130-1554/? D/SoftFFmpegAudio: begin to open ffmpeg audio decoder(vorbis), mCtx sample_rate: 44100, channels: 2
2022-08-05 21:39:26.782 1130-1554/? D/SoftFFmpegAudio: open ffmpeg audio decoder(vorbis) success, mCtx sample_rate: 44100, channels: 2, sample_fmt: fltp, bits_per_coded_sample: 0, bits_per_raw_sample: 0
2022-08-05 21:39:26.783 1130-1554/? I/SoftFFmpegAudio: Create sample rate converter for conversion of 44100 Hz fltp 2 channels(stereo) to 44100 Hz s16 2 channels(stereo)!
2022-08-05 21:39:26.786 1130-1554/? D/SoftFFmpegAudio: ffmpeg audio decoder eos
2022-08-05 21:39:26.786 1130-1554/? D/SoftFFmpegAudio: ffmpeg audio decoder fill eos outbuf
2022-08-05 21:39:26.795 1315-1368/system_process D/WifiController: DEFERRED_TOGGLE handled
2022-08-05 21:39:26.796 1315-1369/system_process I/LdWifi: call wifi_load_driver!
2022-08-05 21:39:26.798 1133-1133/? I/MediaPlayerService: MediaPlayerService::getOMX
2022-08-05 21:39:26.798 1315-1558/system_process I/OMXClient: MuxOMX ctor
2022-08-05 21:39:26.798 1130-1501/? I/OMXMaster: makeComponentInstance(OMX.ffmpeg.vorbis.decoder) in mediacodec process
2022-08-05 21:39:26.798 1130-1501/? V/FFmpegOMXPlugin: makeComponentInstance 'OMX.ffmpeg.vorbis.decoder'
2022-08-05 21:39:26.798 1130-1501/? D/SoftFFmpegAudio: SoftFFmpegAudio component: OMX.ffmpeg.vorbis.decoder mCodingType: 24
2022-08-05 21:39:26.799 1315-1558/system_process D/FFMPEGSoftCodec: No PCM format specified, using 16 bit
2022-08-05 21:39:26.799 1130-1150/? D/SoftFFmpegAudio: set OMX_IndexParamAudioVorbis, nChannels=2, nSampleRate=44100, nBitRate=0, nMinBitRate=0, nMaxBitRate=0
2022-08-05 21:39:26.800 1130-1559/? D/SoftFFmpegAudio: begin to open ffmpeg audio decoder(vorbis), mCtx sample_rate: 44100, channels: 2
2022-08-05 21:39:26.801 1130-1559/? D/SoftFFmpegAudio: open ffmpeg audio decoder(vorbis) success, mCtx sample_rate: 44100, channels: 2, sample_fmt: fltp, bits_per_coded_sample: 0, bits_per_raw_sample: 0
2022-08-05 21:39:26.801 1130-1559/? I/SoftFFmpegAudio: Create sample rate converter for conversion of 44100 Hz fltp 2 channels(stereo) to 44100 Hz s16 2 channels(stereo)!
2022-08-05 21:39:26.802 1130-1559/? D/SoftFFmpegAudio: ffmpeg audio decoder eos
2022-08-05 21:39:26.803 1130-1559/? D/SoftFFmpegAudio: ffmpeg audio decoder fill eos outbuf
2022-08-05 21:39:26.811 1315-1315/system_process D/gps_hal: GPS dev open_gps
2022-08-05 21:39:26.811 1315-1315/system_process D/gps_hal: GPS dev get_hardware_interface
2022-08-05 21:39:26.811 1315-1315/system_process D/gps_hal: serial_gps_get_extension: called name=gps-xtra
2022-08-05 21:39:26.811 1315-1315/system_process D/gps_hal: serial_gps_get_extension: called name=agps
2022-08-05 21:39:26.811 1315-1315/system_process D/gps_hal: serial_gps_get_extension: called name=gps-ni
2022-08-05 21:39:26.811 1315-1315/system_process D/gps_hal: serial_gps_get_extension: called name=gps-debug
2022-08-05 21:39:26.811 1315-1315/system_process D/gps_hal: serial_gps_get_extension: called name=agps_ril
2022-08-05 21:39:26.811 1315-1315/system_process D/gps_hal: serial_gps_get_extension: called name=gps_geofencing
2022-08-05 21:39:26.811 1315-1315/system_process D/gps_hal: serial_gps_get_extension: called name=gps_measurement
2022-08-05 21:39:26.811 1315-1315/system_process D/gps_hal: serial_gps_get_extension: called name=gps_navigation_message
2022-08-05 21:39:26.811 1315-1315/system_process D/gps_hal: serial_gps_get_extension: called name=gnss_configuration
2022-08-05 21:39:26.813 1315-1315/system_process I/GnssLocationProvider: WakeLock acquired by sendMessage(13, 0, null)
2022-08-05 21:39:26.813 1133-1133/? I/MediaPlayerService: MediaPlayerService::getOMX
2022-08-05 21:39:26.813 1315-1562/system_process I/OMXClient: MuxOMX ctor
2022-08-05 21:39:26.814 1315-1328/system_process E/GnssLocationProvider: no AGPS interface in set_agps_server
2022-08-05 21:39:26.814 1130-1501/? I/OMXMaster: makeComponentInstance(OMX.ffmpeg.vorbis.decoder) in mediacodec process
2022-08-05 21:39:26.814 1130-1501/? V/FFmpegOMXPlugin: makeComponentInstance 'OMX.ffmpeg.vorbis.decoder'
2022-08-05 21:39:26.814 1130-1501/? D/SoftFFmpegAudio: SoftFFmpegAudio component: OMX.ffmpeg.vorbis.decoder mCodingType: 24
2022-08-05 21:39:26.815 1315-1562/system_process D/FFMPEGSoftCodec: No PCM format specified, using 16 bit
2022-08-05 21:39:26.815 1315-1315/system_process W/LocationProviderProxy-network: Odd, no component found for service com.android.location.service.v3.NetworkLocationProvider
2022-08-05 21:39:26.815 1130-1150/? D/SoftFFmpegAudio: set OMX_IndexParamAudioVorbis, nChannels=2, nSampleRate=44100, nBitRate=0, nMinBitRate=0, nMaxBitRate=0
2022-08-05 21:39:26.816 1315-1315/system_process W/GeocoderProxy: Odd, no component found for service com.android.location.service.GeocodeProvider
2022-08-05 21:39:26.816 1315-1315/system_process E/FlpHardwareProvider: Error hw_get_module 'flp': -2
2022-08-05 21:39:26.816 1315-1315/system_process D/LocationManagerService: FLP HAL not supported
2022-08-05 21:39:26.817 1315-1315/system_process W/GeofenceProxy: Odd, no component found for service com.android.location.service.GeofenceProvider
2022-08-05 21:39:26.817 1315-1315/system_process E/ActivityRecognitionHardware: Error hw_get_module: -2
2022-08-05 21:39:26.817 1315-1315/system_process D/LocationManagerService: Hardware Activity-Recognition not supported.
2022-08-05 21:39:26.817 1315-1315/system_process W/ActivityRecognitionProxy: Odd, no component found for service com.android.location.service.ActivityRecognitionProvider
2022-08-05 21:39:26.819 1130-1563/? D/SoftFFmpegAudio: begin to open ffmpeg audio decoder(vorbis), mCtx sample_rate: 44100, channels: 2
2022-08-05 21:39:26.819 1315-1315/system_process I/GnssLocationProvider: WakeLock acquired by sendMessage(2, 1, null)
2022-08-05 21:39:26.819 1130-1563/? D/SoftFFmpegAudio: open ffmpeg audio decoder(vorbis) success, mCtx sample_rate: 44100, channels: 2, sample_fmt: fltp, bits_per_coded_sample: 0, bits_per_raw_sample: 0
2022-08-05 21:39:26.819 1315-1328/system_process I/GnssLocationProvider: WakeLock released by handleMessage(13, 0, null)
2022-08-05 21:39:26.819 1315-1328/system_process I/gps_hal: serial_gps_init: called
2022-08-05 21:39:26.819 1315-1328/system_process I/gps_hal: gps_callback_command_init: called
2022-08-05 21:39:26.819 1315-1328/system_process I/gps_hal: GpsHost::init
2022-08-05 21:39:26.819 1315-1328/system_process E/GnssLocationProvider: no AGPS interface in set_agps_server
2022-08-05 21:39:26.819 1315-1328/system_process I/GnssLocationProvider: WakeLock released by handleMessage(2, 1, null)
2022-08-05 21:39:26.820 1130-1563/? I/SoftFFmpegAudio: Create sample rate converter for conversion of 44100 Hz fltp 2 channels(stereo) to 44100 Hz s16 2 channels(stereo)!
2022-08-05 21:39:26.820 1315-1565/system_process D/gps_hal: GPS call-back thread startup
2022-08-05 21:39:26.821 1315-1566/system_process I/gps_hal: GpsHost::recv NewLocation 39.915001, 116.403999
