2022-08-05 21:39:32.265 2175-2224/com.android.vending I/Finsky: [81] hdt.m(2): Subscription detail: DataSubscriptionInfo{groupIdLevel1=null, serviceProviderName=[NK1gtzZHVuPFrAwmqIX6nQIQjC3SmzGrC4-nu418Iyw], simCarrierId=null}
2022-08-05 21:39:32.273 2175-2239/com.android.vending I/Finsky: [96] rsp.apply(15): SCH: Scheduling system job Id: 9346, L: 0, D: 62526912, C: true, I: true, N: 1
2022-08-05 21:39:32.275 2175-2239/com.android.vending I/Finsky: [96] rsp.apply(15): SCH: Scheduling system job Id: 9347, L: 0, D: 62514955, C: false, I: true, N: 1
2022-08-05 21:39:32.276 2175-2239/com.android.vending I/Finsky: [96] rsp.apply(15): SCH: Scheduling system job Id: 9348, L: 0, D: 40266768, C: false, I: true, N: 0
2022-08-05 21:39:32.276 2175-2239/com.android.vending I/Finsky: [96] rsp.apply(15): SCH: Scheduling system job Id: 9349, L: 1724143, D: 2624143, C: false, I: false, N: 0
2022-08-05 21:39:32.277 2175-2239/com.android.vending I/Finsky: [96] rsp.apply(15): SCH: Scheduling system job Id: 9350, L: 0, D: 1272125746, C: true, I: true, N: 2
2022-08-05 21:39:32.277 2175-2239/com.android.vending I/Finsky: [96] rsp.apply(15): SCH: Scheduling system job Id: 9351, L: 0, D: 1272125746, C: false, I: true, N: 2
2022-08-05 21:39:32.296 1848-1899/com.google.android.gms.persistent I/DynamiteModule: Considering local module com.google.android.gms.googlecertificates:6 and remote module com.google.android.gms.googlecertificates:6
2022-08-05 21:39:32.296 1848-1899/com.google.android.gms.persistent I/DynamiteModule: Selected local version of com.google.android.gms.googlecertificates
2022-08-05 21:39:32.311 1848-1848/com.google.android.gms.persistent D/BoundBrokerSvc: onBind: Intent { act=com.google.android.gms.gmscompliance.service.START pkg=com.google.android.gms cmp=com.google.android.gms/.chimera.PersistentBoundBrokerService }
2022-08-05 21:39:32.311 1848-1848/com.google.android.gms.persistent D/BoundBrokerSvc: Loading bound service for intent: Intent { act=com.google.android.gms.gmscompliance.service.START pkg=com.google.android.gms cmp=com.google.android.gms/.chimera.PersistentBoundBrokerService }
2022-08-05 21:39:32.325 1853-1853/com.google.android.gms D/BoundBrokerSvc: onBind: Intent { act=com.google.android.gms.safetynet.service.START pkg=com.google.android.gms }
2022-08-05 21:39:32.326 1853-1853/com.google.android.gms D/BoundBrokerSvc: Loading bound service for intent: Intent { act=com.google.android.gms.safetynet.service.START pkg=com.google.android.gms }
2022-08-05 21:39:32.326 2175-2225/com.android.vending I/Finsky: [82] ytm.<init>(3): VerifyApps: Setup app restrictions monitor
2022-08-05 21:39:32.327 1848-1848/com.google.android.gms.persistent D/BoundBrokerSvc: onBind: Intent { act=com.google.android.gms.clearcut.service.START pkg=com.google.android.gms }
2022-08-05 21:39:32.327 1848-1848/com.google.android.gms.persistent D/BoundBrokerSvc: Loading bound service for intent: Intent { act=com.google.android.gms.clearcut.service.START pkg=com.google.android.gms }
2022-08-05 21:39:32.327 1853-1853/com.google.android.gms W/ModuleManager: Unable to get current module's fulfilled APIs in ModuleManager created with non-module Context
2022-08-05 21:39:32.338 2175-2225/com.android.vending I/Finsky: [82] yzc.a(3): VerifyApps: Device wide unknown source restriction updated
2022-08-05 21:39:32.345 1848-1848/com.google.android.gms.persistent D/BoundBrokerSvc: onBind: Intent { act=com.google.android.gms.usagereporting.service.START pkg=com.google.android.gms }
2022-08-05 21:39:32.345 1848-1848/com.google.android.gms.persistent D/BoundBrokerSvc: Loading bound service for intent: Intent { act=com.google.android.gms.usagereporting.service.START pkg=com.google.android.gms }
2022-08-05 21:39:32.353 2175-2241/com.android.vending I/Finsky: [98] plb.run(30): SysCUA: Set {com.android.vending/com.google.android.finsky.systemcomponentupdateui.common.SystemComponentUpdateActivity} enabled state to 0
2022-08-05 21:39:32.353 2175-2226/com.android.vending I/Finsky: [83] zjd.d(2): SysUA: Disable SystemUpdateActivity, because Android is lower than Q
2022-08-05 21:39:32.354 2175-2244/com.android.vending I/Finsky: [101] fwv.run(39): SysUA: Set SystemUpdateActivity enabled state to 2
2022-08-05 21:39:32.355 2175-2240/com.android.vending I/Finsky: [97] pa.run(7): Set UnhibernateActivity enabled state to 0
2022-08-05 21:39:32.356 2175-2226/com.android.vending W/Settings: Setting download_manager_max_bytes_over_mobile has moved from android.provider.Settings.Secure to android.provider.Settings.Global.
2022-08-05 21:39:32.358 2175-2226/com.android.vending I/Finsky: [83] oro.i(3): SettingNotFoundException, fall through to G.downloadBytesOverMobileMaximum
2022-08-05 21:39:32.358 2175-2226/com.android.vending W/Settings: Setting download_manager_recommended_max_bytes_over_mobile has moved from android.provider.Settings.Secure to android.provider.Settings.Global.
2022-08-05 21:39:32.360 2175-2224/com.android.vending I/art: Rejecting re-init on previously-failed class java.lang.Class<com.google.android.finsky.cloudsearch.PlayCloudSearchService>: java.lang.NoClassDefFoundError: Failed resolution of: Landroid/service/cloudsearch/CloudSearchService;
2022-08-05 21:39:32.360 2175-2224/com.android.vending I/art:     at java.lang.Object fpr.b() (PG:79)
2022-08-05 21:39:32.360 2175-2224/com.android.vending I/art:     at java.lang.Object fpr.a() (PG:38)
2022-08-05 21:39:32.360 2175-2224/com.android.vending I/art:     at few fex.a(fej) (PG:1)
2022-08-05 21:39:32.360 2175-2224/com.android.vending I/art:     at fdc fey.d(java.lang.String) (PG:14)
2022-08-05 21:39:32.360 2175-2224/com.android.vending I/art:     at fdc fey.c() (PG:-1)
2022-08-05 21:39:32.360 2175-2224/com.android.vending I/art:     at void fmy.n() (PG:2)
2022-08-05 21:39:32.360 2175-2224/com.android.vending I/art:     at void fqa.run() (PG:59)
2022-08-05 21:39:32.360 2175-2224/com.android.vending I/art:     at void fls.b(java.lang.Runnable) (PG:2)
2022-08-05 21:39:32.360 2175-2224/com.android.vending I/art:     at aglt fnp.b(java.lang.Object) (PG:6)
2022-08-05 21:39:32.360 2175-2224/com.android.vending I/art:     at aglt alxk.a(java.lang.Object) (PG:2)
2022-08-05 21:39:32.360 2175-2224/com.android.vending I/art:     at java.lang.Object agkd.e(java.lang.Object, java.lang.Object) (PG:2)
2022-08-05 21:39:32.360 2175-2224/com.android.vending I/art:     at void agkf.run() (PG:9)
2022-08-05 21:39:32.360 2175-2224/com.android.vending I/art:     at void aiyc.run() (PG:1)
2022-08-05 21:39:32.360 2175-2224/com.android.vending I/art:     at void java.util.concurrent.ThreadPoolExecutor.runWorker(java.util.concurrent.ThreadPoolExecutor$Worker) (ThreadPoolExecutor.java:1133)
2022-08-05 21:39:32.360 2175-2224/com.android.vending I/art:     at void java.util.concurrent.ThreadPoolExecutor$Worker.run() (ThreadPoolExecutor.java:607)
2022-08-05 21:39:32.360 2175-2224/com.android.vending I/art:     at void ixr.run() (PG:22)
2022-08-05 21:39:32.360 2175-2224/com.android.vending I/art:     at void java.lang.Thread.run() (Thread.java:761)
2022-08-05 21:39:32.360 2175-2224/com.android.vending I/art: Caused by: java.lang.ClassNotFoundException: Didn't find class "android.service.cloudsearch.CloudSearchService" on path: DexPathList[[zip file "/data/app/com.android.vending-2/base.apk", zip file "/data/app/com.android.vending-2/split_config.x86_64.apk", zip file "/data/app/com.android.vending-2/split_config.zh.apk"],nativeLibraryDirectories=[/data/app/com.android.vending-2/lib/x86_64, /data/app/com.android.vending-2/base.apk!/lib/x86_64, /data/app/com.android.vending-2/split_config.x86_64.apk!/lib/x86_64, /data/app/com.android.vending-2/split_config.zh.apk!/lib/x86_64, /system/lib64, /vendor/lib64]]
2022-08-05 21:39:32.360 2175-2224/com.android.vending I/art:     at java.lang.Class dalvik.system.BaseDexClassLoader.findClass(java.lang.String) (BaseDexClassLoader.java:56)
2022-08-05 21:39:32.360 2175-2224/com.android.vending I/art:     at java.lang.Class java.lang.ClassLoader.loadClass(java.lang.String, boolean) (ClassLoader.java:380)
2022-08-05 21:39:32.360 2175-2224/com.android.vending I/art:     at java.lang.Class java.lang.ClassLoader.loadClass(java.lang.String) (ClassLoader.java:312)
2022-08-05 21:39:32.360 2175-2224/com.android.vending I/art:     at java.lang.Object fpr.b() (PG:79)
2022-08-05 21:39:32.360 2175-2224/com.android.vending I/art:     at java.lang.Object fpr.a() (PG:38)
2022-08-05 21:39:32.360 2175-2224/com.android.vending I/art:     at few fex.a(fej) (PG:1)
2022-08-05 21:39:32.360 2175-2224/com.android.vending I/art:     at fdc fey.d(java.lang.String) (PG:14)
2022-08-05 21:39:32.360 2175-2224/com.android.vending I/art:     at fdc fey.c() (PG:-1)
2022-08-05 21:39:32.360 2175-2224/com.android.vending I/art:     at void fmy.n() (PG:2)
2022-08-05 21:39:32.360 2175-2224/com.android.vending I/art:     at void fqa.run() (PG:59)
2022-08-05 21:39:32.360 2175-2224/com.android.vending I/art:     at void fls.b(java.lang.Runnable) (PG:2)
2022-08-05 21:39:32.360 2175-2224/com.android.vending I/art:     at aglt fnp.b(java.lang.Object) (PG:6)
2022-08-05 21:39:32.360 2175-2224/com.android.vending I/art:     at aglt alxk.a(java.lang.Object) (PG:2)
2022-08-05 21:39:32.360 2175-2224/com.android.vending I/art:     at java.lang.Object agkd.e(java.lang.Object, java.lang.Object) (PG:2)
2022-08-05 21:39:32.360 2175-2224/com.android.vending I/art:     at void agkf.run() (PG:9)
2022-08-05 21:39:32.360 2175-2224/com.android.vending I/art:     at void aiyc.run() (PG:1)
2022-08-05 21:39:32.360 2175-2224/com.android.vending I/art:     at void java.util.concurrent.ThreadPoolExecutor.runWorker(java.util.concurrent.ThreadPoolExecutor$Worker) (ThreadPoolExecutor.java:1133)
2022-08-05 21:39:32.360 2175-2224/com.android.vending I/art:     at void java.util.concurrent.ThreadPoolExecutor$Worker.run() (ThreadPoolExecutor.java:607)
2022-08-05 21:39:32.360 2175-2224/com.android.vending I/art:     at void ixr.run() (PG:22)
2022-08-05 21:39:32.360 2175-2224/com.android.vending I/art:     at void java.lang.Thread.run() (Thread.java:761)
2022-08-05 21:39:32.361 2175-2226/com.android.vending I/Finsky: [83] oro.h(3): SettingNotFoundException, fall through to G.downloadBytesOverMobileRecommended
2022-08-05 21:39:32.362 2175-2225/com.android.vending I/Finsky: [82] nlu.m(6): Enqueuing libraries load for 385450515
2022-08-05 21:39:32.363 2175-2241/com.android.vending I/Finsky: [98] nlu.o(1): Starting libraries load for 385450515
2022-08-05 21:39:32.363 2175-2226/com.android.vending I/Finsky: [83] adwk.c(2): registerListener
2022-08-05 21:39:32.364 2175-2226/com.android.vending I/Finsky: [83] adwk.c(2): registerListener
2022-08-05 21:39:32.388 2175-2181/com.android.vending I/art: Do partial code cache collection, code=62KB, data=43KB
2022-08-05 21:39:32.391 2175-2181/com.android.vending I/art: After code cache collection, code=62KB, data=44KB
2022-08-05 21:39:32.391 2175-2181/com.android.vending I/art: Increasing code cache capacity to 256KB
2022-08-05 21:39:32.392 2175-2227/com.android.vending I/Finsky: [84] vpb.<init>(4): Item store provider started.
2022-08-05 21:39:32.419 1315-1329/system_process W/BroadcastQueue: Permission Denial: receiving Intent { act=android.intent.action.BOOT_COMPLETED flg=0x9000010 (has extras) } to com.google.android.syncadapters.calendar/com.google.android.libraries.internal.growth.growthkit.inject.GrowthKitBootCompletedBroadcastReceiver requires android.permission.RECEIVE_BOOT_COMPLETED due to sender null (uid 1000)
2022-08-05 21:39:32.423 2175-2241/com.android.vending I/Finsky: [98] nlu.o(20): Loaded library for account: [rbOVnX-gzyrk1uYa8GSK4O4MN8OqnR1UMZXL59zCyEI]
2022-08-05 21:39:32.424 2175-2241/com.android.vending I/Finsky: [98] nlu.o(24): Finished loading 1 libraries.
2022-08-05 21:39:32.432 2175-2227/com.android.vending D/NetworkSecurityConfig: No Network Security Config specified, using platform default
2022-08-05 21:39:32.440 2175-2175/com.android.vending I/Finsky: [1] lal.C(3): Installer: Attempting to start installer
2022-08-05 21:39:32.444 2175-2175/com.android.vending I/Finsky: [1] adwk.c(2): registerListener
2022-08-05 21:39:32.454 2175-2175/com.android.vending I/Finsky: [1] lit.<init>(19): Initializing pausers from value store.
2022-08-05 21:39:32.454 2175-2175/com.android.vending I/Finsky: [1] lit.<init>(22): Get the following callers from value store [].
2022-08-05 21:39:32.488 2175-2175/com.android.vending I/Finsky: [1] hds.onSubscriptionsChanged(1): onSubscriptionsChanged
2022-08-05 21:39:32.492 2175-2175/com.android.vending I/Finsky: [1] SimStateReceiver.c(4): android.intent.action.SIM_STATE_CHANGED : simState = NOT_READY
2022-08-05 21:39:32.493 2175-2175/com.android.vending I/Finsky: [1] lal.S(1): Installer: Installer kick - no action, not running yet
2022-08-05 21:39:32.493 1723-1723/com.android.coreservice W/ContextImpl: Calling a method in the system process without a qualified user: android.app.ContextImpl.startService:1358 android.content.ContextWrapper.startService:613 android.content.ContextWrapper.startService:613 com.android.coreservice.CoreBroadcastReceiver.onReceive:44 android.app.ActivityThread.handleReceiver:3073 
2022-08-05 21:39:32.494 1723-1723/com.android.coreservice W/ContextImpl: Calling a method in the system process without a qualified user: android.app.ContextImpl.startService:1358 android.content.ContextWrapper.startService:613 android.content.ContextWrapper.startService:613 com.android.coreservice.CoreBroadcastReceiver.onReceive:53 android.app.ActivityThread.handleReceiver:3073 
2022-08-05 21:39:32.495 1723-1723/com.android.coreservice W/ContextImpl: Calling a method in the system process without a qualified user: android.app.ContextImpl.startService:1358 android.content.ContextWrapper.startService:613 android.content.ContextWrapper.startService:613 com.android.coreservice.CoreBroadcastReceiver.onReceive:53 android.app.ActivityThread.handleReceiver:3073 
2022-08-05 21:39:32.496 1723-1723/com.android.coreservice W/ContextImpl: Calling a method in the system process without a qualified user: android.app.ContextImpl.startService:1358 android.content.ContextWrapper.startService:613 android.content.ContextWrapper.startService:613 com.android.coreservice.CoreBroadcastReceiver.onReceive:53 android.app.ActivityThread.handleReceiver:3073 
2022-08-05 21:39:32.497 1723-1723/com.android.coreservice W/ContextImpl: Calling a method in the system process without a qualified user: android.app.ContextImpl.startService:1358 android.content.ContextWrapper.startService:613 android.content.ContextWrapper.startService:613 com.android.coreservice.CoreBroadcastReceiver.onReceive:53 android.app.ActivityThread.handleReceiver:3073 
2022-08-05 21:39:32.498 1723-1723/com.android.coreservice W/ContextImpl: Calling a method in the system process without a qualified user: android.app.ContextImpl.startService:1358 android.content.ContextWrapper.startService:613 android.content.ContextWrapper.startService:613 com.android.coreservice.CoreBroadcastReceiver.onReceive:53 android.app.ActivityThread.handleReceiver:3073 
2022-08-05 21:39:32.499 1773-1773/com.android.launcher3 W/Launcher: setApplicationContext called twice! old=com.android.launcher3.LauncherApplication@187faca new=com.android.launcher3.LauncherApplication@187faca
2022-08-05 21:39:32.500 1723-1723/com.android.coreservice W/ContextImpl: Calling a method in the system process without a qualified user: android.app.ContextImpl.startService:1358 android.content.ContextWrapper.startService:613 android.content.ContextWrapper.startService:613 com.android.coreservice.CoreBroadcastReceiver.onReceive:53 android.app.ActivityThread.handleReceiver:3073 
2022-08-05 21:39:32.501 1723-1723/com.android.coreservice W/ContextImpl: Calling a method in the system process without a qualified user: android.app.ContextImpl.startService:1358 android.content.ContextWrapper.startService:613 android.content.ContextWrapper.startService:613 com.android.coreservice.CoreBroadcastReceiver.onReceive:53 android.app.ActivityThread.handleReceiver:3073 
2022-08-05 21:39:32.502 1723-1723/com.android.coreservice W/ContextImpl: Calling a method in the system process without a qualified user: android.app.ContextImpl.startService:1358 android.content.ContextWrapper.startService:613 android.content.ContextWrapper.startService:613 com.android.coreservice.CoreBroadcastReceiver.onReceive:53 android.app.ActivityThread.handleReceiver:3073 
2022-08-05 21:39:32.503 1723-1723/com.android.coreservice W/ContextImpl: Calling a method in the system process without a qualified user: android.app.ContextImpl.startService:1358 android.content.ContextWrapper.startService:613 android.content.ContextWrapper.startService:613 com.android.coreservice.CoreBroadcastReceiver.onReceive:53 android.app.ActivityThread.handleReceiver:3073 
2022-08-05 21:39:32.504 1773-1773/com.android.launcher3 W/Launcher: setApplicationContext called twice! old=com.android.launcher3.LauncherApplication@187faca new=com.android.launcher3.LauncherApplication@187faca
2022-08-05 21:39:32.504 1723-1723/com.android.coreservice W/ContextImpl: Calling a method in the system process without a qualified user: android.app.ContextImpl.startService:1358 android.content.ContextWrapper.startService:613 android.content.ContextWrapper.startService:613 com.android.coreservice.CoreBroadcastReceiver.onReceive:53 android.app.ActivityThread.handleReceiver:3073 
2022-08-05 21:39:32.505 1723-1723/com.android.coreservice W/ContextImpl: Calling a method in the system process without a qualified user: android.app.ContextImpl.startService:1358 android.content.ContextWrapper.startService:613 android.content.ContextWrapper.startService:613 com.android.coreservice.CoreBroadcastReceiver.onReceive:53 android.app.ActivityThread.handleReceiver:3073 
2022-08-05 21:39:32.506 1723-1723/com.android.coreservice W/ContextImpl: Calling a method in the system process without a qualified user: android.app.ContextImpl.startService:1358 android.content.ContextWrapper.startService:613 android.content.ContextWrapper.startService:613 com.android.coreservice.CoreBroadcastReceiver.onReceive:53 android.app.ActivityThread.handleReceiver:3073 
2022-08-05 21:39:32.507 1723-1723/com.android.coreservice W/ContextImpl: Calling a method in the system process without a qualified user: android.app.ContextImpl.startService:1358 android.content.ContextWrapper.startService:613 android.content.ContextWrapper.startService:613 com.android.coreservice.CoreBroadcastReceiver.onReceive:53 android.app.ActivityThread.handleReceiver:3073 
2022-08-05 21:39:32.511 1723-1723/com.android.coreservice W/ContextImpl: Calling a method in the system process without a qualified user: android.app.ContextImpl.startService:1358 android.content.ContextWrapper.startService:613 android.content.ContextWrapper.startService:613 com.android.coreservice.CoreBroadcastReceiver.onReceive:53 android.app.ActivityThread.handleReceiver:3073 
2022-08-05 21:39:32.512 1723-1723/com.android.coreservice W/ContextImpl: Calling a method in the system process without a qualified user: android.app.ContextImpl.startService:1358 android.content.ContextWrapper.startService:613 android.content.ContextWrapper.startService:613 com.android.coreservice.CoreBroadcastReceiver.onReceive:53 android.app.ActivityThread.handleReceiver:3073 
2022-08-05 21:39:32.512 1723-1723/com.android.coreservice W/ContextImpl: Calling a method in the system process without a qualified user: android.app.ContextImpl.startService:1358 android.content.ContextWrapper.startService:613 android.content.ContextWrapper.startService:613 com.android.coreservice.CoreBroadcastReceiver.onReceive:53 android.app.ActivityThread.handleReceiver:3073 
2022-08-05 21:39:32.513 1570-1570/com.android.phone I/VvmSimChangeReceiver: Received SIM change for invalid subscription id.
2022-08-05 21:39:32.518 1723-1723/com.android.coreservice W/ContextImpl: Calling a method in the system process without a qualified user: android.app.ContextImpl.startService:1358 android.content.ContextWrapper.startService:613 android.content.ContextWrapper.startService:613 com.android.coreservice.CoreBroadcastReceiver.onReceive:53 android.app.ActivityThread.handleReceiver:3073 
2022-08-05 21:39:32.518 1570-2273/com.android.phone D/SIP: [SipPreferences] isReceivingCallsEnabled, option not set; use default value, exception: android.provider.Settings$SettingNotFoundException: sip_receive_calls
2022-08-05 21:39:32.519 1723-1723/com.android.coreservice W/ContextImpl: Calling a method in the system process without a qualified user: android.app.ContextImpl.startService:1358 android.content.ContextWrapper.startService:613 android.content.ContextWrapper.startService:613 com.android.coreservice.CoreBroadcastReceiver.onReceive:53 android.app.ActivityThread.handleReceiver:3073 
2022-08-05 21:39:32.527 2175-2272/com.android.vending I/Finsky: [125] irn.g(1): getDownloads()
2022-08-05 21:39:32.540 2175-2272/com.android.vending W/art: Before Android 4.1, method double java.util.concurrent.ThreadLocalRandom.internalNextDouble(double, double) would have incorrectly overridden the package-private method in java.util.Random
2022-08-05 21:39:32.540 2175-2272/com.android.vending W/art: Before Android 4.1, method int java.util.concurrent.ThreadLocalRandom.internalNextInt(int, int) would have incorrectly overridden the package-private method in java.util.Random
2022-08-05 21:39:32.540 2175-2272/com.android.vending W/art: Before Android 4.1, method long java.util.concurrent.ThreadLocalRandom.internalNextLong(long, long) would have incorrectly overridden the package-private method in java.util.Random
2022-08-05 21:39:32.560 1315-1759/system_process I/ActivityManager: Start proc 2277:com.android.vending:background/u0a39 for service com.android.vending/com.google.android.finsky.ipcservers.background.BackgroundGrpcServerAndroidService
2022-08-05 21:39:32.578 2277-2277/? D/libnativebridge: call UnloadNativeBridge! state=1
2022-08-05 21:39:32.589 1723-1723/com.android.coreservice W/ContextImpl: Calling a method in the system process without a qualified user: android.app.ContextImpl.startService:1358 android.content.ContextWrapper.startService:613 android.content.ContextWrapper.startService:613 com.android.coreservice.CoreBroadcastReceiver.onReceive:53 android.app.ActivityThread.handleReceiver:3073 
2022-08-05 21:39:32.590 2175-2239/com.android.vending I/Finsky: [96] rtb.accept(46): SCH: Scheduling phonesky job Id: 37-2, CT: 1659706772434, Constraints: [{ L: 0, D: 82800000, C: 1, I: 1, N: 1 }, { L: 0, D: 0, C: 1, I: 1, N: 0 }]
2022-08-05 21:39:32.598 2175-2241/com.android.vending I/Finsky: [98] rsp.apply(9): SCH: Scheduling 2 system job(s)
2022-08-05 21:39:32.598 2175-2241/com.android.vending I/Finsky: [98] rsp.apply(15): SCH: Scheduling system job Id: 9345, L: 0, D: 56060462, C: false, I: false, N: 1
2022-08-05 21:39:32.600 2175-2241/com.android.vending I/Finsky: [98] rsp.apply(15): SCH: Scheduling system job Id: 9349, L: 0, D: 0, C: false, I: false, N: 0
2022-08-05 21:39:32.601 2175-2175/com.android.vending I/Finsky: [1] sbe.onStartJob(4): SCH: job service start with id 9345.
2022-08-05 21:39:32.604 2175-2175/com.android.vending I/Finsky: [1] sbe.onStartJob(4): SCH: job service start with id 9349.
2022-08-05 21:39:32.609 2175-2238/com.android.vending I/Finsky: [95] rsy.a(9): SCH: Satisfied jobs for 9345 are: 37-2
2022-08-05 21:39:32.610 2175-2241/com.android.vending I/Finsky: [98] rtb.accept(46): SCH: Scheduling phonesky job Id: 29-29, CT: 1659706772159, Constraints: [{ L: 30000, D: 60000, C: 1, I: 1, N: 0 }]
2022-08-05 21:39:32.612 2175-2244/com.android.vending I/Finsky: [101] rsp.apply(9): SCH: Scheduling 0 system job(s)
2022-08-05 21:39:32.617 2175-2238/com.android.vending I/Finsky: [95] rsy.a(9): SCH: Satisfied jobs for 9349 are: 37-2
2022-08-05 21:39:32.632 2175-2294/com.android.vending I/Finsky: [131] saa.accept(66): SCH: Job 37-2 starting
2022-08-05 21:39:32.633 2175-2181/com.android.vending I/art: Do full code cache collection, code=113KB, data=109KB
2022-08-05 21:39:32.634 2175-2181/com.android.vending I/art: Starting a blocking GC JitCodeCache
2022-08-05 21:39:32.634 2175-2181/com.android.vending I/art: After code cache collection, code=107KB, data=94KB
2022-08-05 21:39:32.652 1570-1583/com.android.phone D/TelephonyProvider: subIdString = -1 subId = -1
2022-08-05 21:39:32.655 1570-1583/com.android.phone D/TelephonyProvider: getPreferredApnIdFromApn: for subId -1
2022-08-05 21:39:32.664 1315-1326/system_process D/ActivityManager: getDeviceConfigurationInfo gles: 196609
2022-08-05 21:39:32.669 2175-2241/com.android.vending I/Finsky: [98] ifk.b(68): System was updated or GL extensions were already cached.
2022-08-05 21:39:32.676 1848-2214/com.google.android.gms.persistent I/NetworkScheduler: Using standalone scheduling engine [CONTEXT service_id=218 ]
2022-08-05 21:39:32.677 2175-2175/com.android.vending I/HostConnection: HostConnection::HostConnection: pid=2175, tid=2175, this=0x7fffd54366c0
2022-08-05 21:39:32.678 2175-2175/com.android.vending D/HostConnection: HostRPC::connect sucess: app=com.android.vending, pid=2175, tid=2175, this=0x7fffd55c8100
2022-08-05 21:39:32.678 2175-2175/com.android.vending D/HostConnection: queryAndSetGLESMaxVersion select gles-version: 3.1 hostGLVersion:46 process:com.android.vending
2022-08-05 21:39:32.679 2175-2175/com.android.vending D/HostConnection: recv ProcessPuidReply name=com.android.vending puid=6 g_u64CapsFlag=1d
2022-08-05 21:39:32.686 2175-2175/com.android.vending D/EGL_adreno: eglCreateContext: 0x7fffe8b90600: maj 1 min 0 rcv 1
2022-08-05 21:39:32.718 2175-2175/com.android.vending D/EGL_adreno: eglMakeCurrent: 0x7fffe8b90600: ver 1 0 (tinfo 0x7fffd55958a0)
2022-08-05 21:39:32.723 2175-2175/com.android.vending D/HostConnection: ExtendedRCEncoderContext GL_VERSION return OpenGL ES-CM 1.1
2022-08-05 21:39:32.724 2175-2175/com.android.vending I/EGL_adreno: eglCreateContext request GLES major-version=2
2022-08-05 21:39:32.730 2175-2175/com.android.vending D/EGL_adreno: eglCreateContext: 0x7fffe8b90600: maj 3 min 1 rcv 4
2022-08-05 21:39:32.735 2175-2175/com.android.vending D/EGL_adreno: eglMakeCurrent: 0x7fffe8b90600: ver 3 1 (tinfo 0x7fffd55958a0)
2022-08-05 21:39:32.736 2175-2175/com.android.vending D/HostConnection: ExtendedRCEncoderContext GL_VERSION return OpenGL ES 3.1
2022-08-05 21:39:32.745 2175-2175/com.android.vending D/EGL_adreno: eglCreateContext: 0x7fffe8b90600: maj 1 min 0 rcv 1
2022-08-05 21:39:32.751 2175-2175/com.android.vending D/EGL_adreno: eglMakeCurrent: 0x7fffe8b90600: ver 1 0 (tinfo 0x7fffd55958a0)
2022-08-05 21:39:32.751 2175-2175/com.android.vending D/HostConnection: ExtendedRCEncoderContext GL_VERSION return OpenGL ES-CM 1.1
2022-08-05 21:39:32.751 2175-2175/com.android.vending I/EGL_adreno: eglCreateContext request GLES major-version=2
2022-08-05 21:39:32.757 2175-2175/com.android.vending D/EGL_adreno: eglCreateContext: 0x7fffe8b90600: maj 3 min 1 rcv 4
2022-08-05 21:39:32.762 2175-2175/com.android.vending D/EGL_adreno: eglMakeCurrent: 0x7fffe8b90600: ver 3 1 (tinfo 0x7fffd55958a0)
2022-08-05 21:39:32.762 2175-2175/com.android.vending D/HostConnection: ExtendedRCEncoderContext GL_VERSION return OpenGL ES 3.1
2022-08-05 21:39:32.771 2175-2175/com.android.vending D/EGL_adreno: eglCreateContext: 0x7fffe8b90600: maj 1 min 0 rcv 1
2022-08-05 21:39:32.776 2175-2175/com.android.vending D/EGL_adreno: eglMakeCurrent: 0x7fffe8b90600: ver 1 0 (tinfo 0x7fffd55958a0)
2022-08-05 21:39:32.777 2175-2175/com.android.vending D/HostConnection: ExtendedRCEncoderContext GL_VERSION return OpenGL ES-CM 1.1
2022-08-05 21:39:32.777 2175-2175/com.android.vending I/EGL_adreno: eglCreateContext request GLES major-version=2
2022-08-05 21:39:32.781 2175-2175/com.android.vending D/EGL_adreno: eglCreateContext: 0x7fffe8b90600: maj 3 min 1 rcv 4
2022-08-05 21:39:32.787 2175-2175/com.android.vending D/EGL_adreno: eglMakeCurrent: 0x7fffe8b90600: ver 3 1 (tinfo 0x7fffd55958a0)
2022-08-05 21:39:32.788 2175-2175/com.android.vending D/HostConnection: ExtendedRCEncoderContext GL_VERSION return OpenGL ES 3.1
2022-08-05 21:39:32.795 2175-2175/com.android.vending D/EGL_adreno: eglCreateContext: 0x7fffe8b90600: maj 1 min 0 rcv 1
2022-08-05 21:39:32.800 2175-2175/com.android.vending D/EGL_adreno: eglMakeCurrent: 0x7fffe8b90600: ver 1 0 (tinfo 0x7fffd55958a0)
2022-08-05 21:39:32.800 2175-2175/com.android.vending D/HostConnection: ExtendedRCEncoderContext GL_VERSION return OpenGL ES-CM 1.1
2022-08-05 21:39:32.800 2175-2175/com.android.vending I/EGL_adreno: eglCreateContext request GLES major-version=2
2022-08-05 21:39:32.806 2175-2175/com.android.vending D/EGL_adreno: eglCreateContext: 0x7fffe8b90600: maj 3 min 1 rcv 4
2022-08-05 21:39:32.811 2175-2175/com.android.vending D/EGL_adreno: eglMakeCurrent: 0x7fffe8b90600: ver 3 1 (tinfo 0x7fffd55958a0)
2022-08-05 21:39:32.812 2175-2175/com.android.vending D/HostConnection: ExtendedRCEncoderContext GL_VERSION return OpenGL ES 3.1
2022-08-05 21:39:32.819 2175-2175/com.android.vending D/EGL_adreno: eglCreateContext: 0x7fffe8b90600: maj 1 min 0 rcv 1
2022-08-05 21:39:32.824 2175-2175/com.android.vending D/EGL_adreno: eglMakeCurrent: 0x7fffe8b90600: ver 1 0 (tinfo 0x7fffd55958a0)
2022-08-05 21:39:32.825 2175-2175/com.android.vending D/HostConnection: ExtendedRCEncoderContext GL_VERSION return OpenGL ES-CM 1.1
2022-08-05 21:39:32.825 2175-2175/com.android.vending I/EGL_adreno: eglCreateContext request GLES major-version=2
2022-08-05 21:39:32.830 2175-2175/com.android.vending D/EGL_adreno: eglCreateContext: 0x7fffe8b90600: maj 3 min 1 rcv 4
2022-08-05 21:39:32.837 2175-2175/com.android.vending D/EGL_adreno: eglMakeCurrent: 0x7fffe8b90600: ver 3 1 (tinfo 0x7fffd55958a0)
2022-08-05 21:39:32.838 2175-2175/com.android.vending D/HostConnection: ExtendedRCEncoderContext GL_VERSION return OpenGL ES 3.1
2022-08-05 21:39:32.846 2175-2175/com.android.vending D/EGL_adreno: eglCreateContext: 0x7fffe8b90600: maj 1 min 0 rcv 1
2022-08-05 21:39:32.851 2175-2175/com.android.vending D/EGL_adreno: eglMakeCurrent: 0x7fffe8b90600: ver 1 0 (tinfo 0x7fffd55958a0)
2022-08-05 21:39:32.851 2175-2175/com.android.vending D/HostConnection: ExtendedRCEncoderContext GL_VERSION return OpenGL ES-CM 1.1
2022-08-05 21:39:32.852 2175-2175/com.android.vending I/EGL_adreno: eglCreateContext request GLES major-version=2
2022-08-05 21:39:32.859 2175-2175/com.android.vending D/EGL_adreno: eglCreateContext: 0x7fffe8b90600: maj 3 min 1 rcv 4
2022-08-05 21:39:32.866 2175-2175/com.android.vending D/EGL_adreno: eglMakeCurrent: 0x7fffe8b90600: ver 3 1 (tinfo 0x7fffd55958a0)
2022-08-05 21:39:32.867 2175-2175/com.android.vending D/HostConnection: ExtendedRCEncoderContext GL_VERSION return OpenGL ES 3.1
2022-08-05 21:39:32.874 2175-2175/com.android.vending D/EGL_adreno: eglCreateContext: 0x7fffe8b90600: maj 1 min 0 rcv 1
2022-08-05 21:39:32.878 2175-2175/com.android.vending D/EGL_adreno: eglMakeCurrent: 0x7fffe8b90600: ver 1 0 (tinfo 0x7fffd55958a0)
2022-08-05 21:39:32.878 2175-2175/com.android.vending D/HostConnection: ExtendedRCEncoderContext GL_VERSION return OpenGL ES-CM 1.1
2022-08-05 21:39:32.879 2175-2175/com.android.vending I/EGL_adreno: eglCreateContext request GLES major-version=2
2022-08-05 21:39:32.884 2175-2175/com.android.vending D/EGL_adreno: eglCreateContext: 0x7fffe8b90600: maj 3 min 1 rcv 4
2022-08-05 21:39:32.888 2175-2175/com.android.vending D/EGL_adreno: eglMakeCurrent: 0x7fffe8b90600: ver 3 1 (tinfo 0x7fffd55958a0)
2022-08-05 21:39:32.889 2175-2175/com.android.vending D/HostConnection: ExtendedRCEncoderContext GL_VERSION return OpenGL ES 3.1
2022-08-05 21:39:32.897 2175-2175/com.android.vending D/EGL_adreno: eglCreateContext: 0x7fffe8b90600: maj 1 min 0 rcv 1
2022-08-05 21:39:32.901 2175-2175/com.android.vending D/EGL_adreno: eglMakeCurrent: 0x7fffe8b90600: ver 1 0 (tinfo 0x7fffd55958a0)
2022-08-05 21:39:32.902 2175-2175/com.android.vending D/HostConnection: ExtendedRCEncoderContext GL_VERSION return OpenGL ES-CM 1.1
2022-08-05 21:39:32.902 2175-2175/com.android.vending I/EGL_adreno: eglCreateContext request GLES major-version=2
2022-08-05 21:39:32.907 2175-2175/com.android.vending D/EGL_adreno: eglCreateContext: 0x7fffe8b90600: maj 3 min 1 rcv 4
2022-08-05 21:39:32.911 2175-2175/com.android.vending D/EGL_adreno: eglMakeCurrent: 0x7fffe8b90600: ver 3 1 (tinfo 0x7fffd55958a0)
2022-08-05 21:39:32.912 2175-2175/com.android.vending D/HostConnection: ExtendedRCEncoderContext GL_VERSION return OpenGL ES 3.1
2022-08-05 21:39:32.917 2175-2175/com.android.vending D/EGL_adreno: eglCreateContext: 0x7fffe8b90600: maj 1 min 0 rcv 1
2022-08-05 21:39:32.922 2175-2175/com.android.vending D/EGL_adreno: eglMakeCurrent: 0x7fffe8b90600: ver 1 0 (tinfo 0x7fffd55958a0)
2022-08-05 21:39:32.922 2175-2175/com.android.vending D/HostConnection: ExtendedRCEncoderContext GL_VERSION return OpenGL ES-CM 1.1
2022-08-05 21:39:32.922 2175-2175/com.android.vending I/EGL_adreno: eglCreateContext request GLES major-version=2
2022-08-05 21:39:32.927 2175-2175/com.android.vending D/EGL_adreno: eglCreateContext: 0x7fffe8b90600: maj 3 min 1 rcv 4
2022-08-05 21:39:32.932 2175-2175/com.android.vending D/EGL_adreno: eglMakeCurrent: 0x7fffe8b90600: ver 3 1 (tinfo 0x7fffd55958a0)
2022-08-05 21:39:32.932 2175-2175/com.android.vending D/HostConnection: ExtendedRCEncoderContext GL_VERSION return OpenGL ES 3.1
2022-08-05 21:39:32.938 2175-2175/com.android.vending D/EGL_adreno: eglCreateContext: 0x7fffe8b90600: maj 1 min 0 rcv 1
2022-08-05 21:39:32.943 2175-2175/com.android.vending D/EGL_adreno: eglMakeCurrent: 0x7fffe8b90600: ver 1 0 (tinfo 0x7fffd55958a0)
2022-08-05 21:39:32.943 2175-2175/com.android.vending D/HostConnection: ExtendedRCEncoderContext GL_VERSION return OpenGL ES-CM 1.1
2022-08-05 21:39:32.943 2175-2175/com.android.vending I/EGL_adreno: eglCreateContext request GLES major-version=2
2022-08-05 21:39:32.949 2175-2175/com.android.vending D/EGL_adreno: eglCreateContext: 0x7fffe8b90600: maj 3 min 1 rcv 4
2022-08-05 21:39:32.954 2175-2175/com.android.vending D/EGL_adreno: eglMakeCurrent: 0x7fffe8b90600: ver 3 1 (tinfo 0x7fffd55958a0)
2022-08-05 21:39:32.954 2175-2175/com.android.vending D/HostConnection: ExtendedRCEncoderContext GL_VERSION return OpenGL ES 3.1
2022-08-05 21:39:32.962 2175-2175/com.android.vending D/EGL_adreno: eglCreateContext: 0x7fffe8b90600: maj 1 min 0 rcv 1
2022-08-05 21:39:32.967 2175-2175/com.android.vending D/EGL_adreno: eglMakeCurrent: 0x7fffe8b90600: ver 1 0 (tinfo 0x7fffd55958a0)
2022-08-05 21:39:32.967 2175-2175/com.android.vending D/HostConnection: ExtendedRCEncoderContext GL_VERSION return OpenGL ES-CM 1.1
2022-08-05 21:39:32.967 2175-2175/com.android.vending I/EGL_adreno: eglCreateContext request GLES major-version=2
2022-08-05 21:39:32.972 2175-2175/com.android.vending D/EGL_adreno: eglCreateContext: 0x7fffe8b90600: maj 3 min 1 rcv 4
2022-08-05 21:39:32.977 2175-2175/com.android.vending D/EGL_adreno: eglMakeCurrent: 0x7fffe8b90600: ver 3 1 (tinfo 0x7fffd55958a0)
2022-08-05 21:39:32.977 2175-2175/com.android.vending D/HostConnection: ExtendedRCEncoderContext GL_VERSION return OpenGL ES 3.1
2022-08-05 21:39:32.983 2175-2175/com.android.vending D/EGL_adreno: eglCreateContext: 0x7fffe8b90600: maj 1 min 0 rcv 1
2022-08-05 21:39:32.984 2277-2277/com.android.vending W/ResourceType: ResTable_typeSpec entry count inconsistent: given 195, previously 360
2022-08-05 21:39:32.988 2175-2175/com.android.vending D/EGL_adreno: eglMakeCurrent: 0x7fffe8b90600: ver 1 0 (tinfo 0x7fffd55958a0)
2022-08-05 21:39:32.988 2175-2175/com.android.vending D/HostConnection: ExtendedRCEncoderContext GL_VERSION return OpenGL ES-CM 1.1
2022-08-05 21:39:32.989 2175-2175/com.android.vending I/EGL_adreno: eglCreateContext request GLES major-version=2
2022-08-05 21:39:32.994 2175-2175/com.android.vending D/EGL_adreno: eglCreateContext: 0x7fffe8b90600: maj 3 min 1 rcv 4
2022-08-05 21:39:32.999 2175-2175/com.android.vending D/EGL_adreno: eglMakeCurrent: 0x7fffe8b90600: ver 3 1 (tinfo 0x7fffd55958a0)
2022-08-05 21:39:33.000 2175-2175/com.android.vending D/HostConnection: ExtendedRCEncoderContext GL_VERSION return OpenGL ES 3.1
2022-08-05 21:39:33.005 2175-2175/com.android.vending D/EGL_adreno: eglCreateContext: 0x7fffe8b90600: maj 1 min 0 rcv 1
2022-08-05 21:39:33.009 2277-2277/com.android.vending I/Finsky:background: [1] fph.j(6): Process created at version: 31.6.13-21 [0] [PR] 462679837
2022-08-05 21:39:33.012 2175-2175/com.android.vending D/EGL_adreno: eglMakeCurrent: 0x7fffe8b90600: ver 1 0 (tinfo 0x7fffd55958a0)
2022-08-05 21:39:33.015 2175-2175/com.android.vending D/HostConnection: ExtendedRCEncoderContext GL_VERSION return OpenGL ES-CM 1.1
2022-08-05 21:39:33.015 2175-2175/com.android.vending I/EGL_adreno: eglCreateContext request GLES major-version=2
2022-08-05 21:39:33.020 2175-2175/com.android.vending D/EGL_adreno: eglCreateContext: 0x7fffe8b90600: maj 3 min 1 rcv 4
2022-08-05 21:39:33.025 2175-2175/com.android.vending D/EGL_adreno: eglMakeCurrent: 0x7fffe8b90600: ver 3 1 (tinfo 0x7fffd55958a0)
2022-08-05 21:39:33.026 2175-2175/com.android.vending D/HostConnection: ExtendedRCEncoderContext GL_VERSION return OpenGL ES 3.1
2022-08-05 21:39:33.031 2175-2175/com.android.vending D/EGL_adreno: eglCreateContext: 0x7fffe8b90600: maj 1 min 0 rcv 1
2022-08-05 21:39:33.035 2277-2277/com.android.vending I/art: Rejecting re-init on previously-failed class java.lang.Class<com.google.android.finsky.cloudsearch.PlayCloudSearchService>: java.lang.NoClassDefFoundError: Failed resolution of: Landroid/service/cloudsearch/CloudSearchService;
2022-08-05 21:39:33.035 2277-2277/com.android.vending I/art:     at void gap.h(android.content.Context, gck) (PG:3)
2022-08-05 21:39:33.035 2277-2277/com.android.vending I/art:     at void fph.j() (PG:12)
2022-08-05 21:39:33.035 2277-2277/com.android.vending I/art:     at void fph.onCreate() (PG:3)
2022-08-05 21:39:33.035 2277-2277/com.android.vending I/art:     at void android.app.Instrumentation.callApplicationOnCreate(android.app.Application) (Instrumentation.java:1024)
2022-08-05 21:39:33.035 2277-2277/com.android.vending I/art:     at void android.app.ActivityThread.handleBindApplication(android.app.ActivityThread$AppBindData) (ActivityThread.java:5474)
2022-08-05 21:39:33.035 2277-2277/com.android.vending I/art:     at void android.app.ActivityThread.-wrap2(android.app.ActivityThread, android.app.ActivityThread$AppBindData) (ActivityThread.java:-1)
2022-08-05 21:39:33.035 2277-2277/com.android.vending I/art:     at void android.app.ActivityThread$H.handleMessage(android.os.Message) (ActivityThread.java:1550)
2022-08-05 21:39:33.035 2277-2277/com.android.vending I/art:     at void android.os.Handler.dispatchMessage(android.os.Message) (Handler.java:102)
2022-08-05 21:39:33.035 2277-2277/com.android.vending I/art:     at void android.os.Looper.loop() (Looper.java:154)
2022-08-05 21:39:33.035 2277-2277/com.android.vending I/art:     at void android.app.ActivityThread.main(java.lang.String[]) (ActivityThread.java:6190)
2022-08-05 21:39:33.035 2277-2277/com.android.vending I/art:     at java.lang.Object java.lang.reflect.Method.invoke!(java.lang.Object, java.lang.Object[]) (Method.java:-2)
2022-08-05 21:39:33.035 2277-2277/com.android.vending I/art:     at void com.android.internal.os.ZygoteInit$MethodAndArgsCaller.run() (ZygoteInit.java:892)
2022-08-05 21:39:33.035 2277-2277/com.android.vending I/art:     at void com.android.internal.os.ZygoteInit.main(java.lang.String[]) (ZygoteInit.java:782)
2022-08-05 21:39:33.035 2277-2277/com.android.vending I/art: Caused by: java.lang.ClassNotFoundException: Didn't find class "android.service.cloudsearch.CloudSearchService" on path: DexPathList[[zip file "/data/app/com.android.vending-2/base.apk", zip file "/data/app/com.android.vending-2/split_config.x86_64.apk", zip file "/data/app/com.android.vending-2/split_config.zh.apk"],nativeLibraryDirectories=[/data/app/com.android.vending-2/lib/x86_64, /data/app/com.android.vending-2/base.apk!/lib/x86_64, /data/app/com.android.vending-2/split_config.x86_64.apk!/lib/x86_64, /data/app/com.android.vending-2/split_config.zh.apk!/lib/x86_64, /system/lib64, /vendor/lib64]]
2022-08-05 21:39:33.035 2277-2277/com.android.vending I/art:     at java.lang.Class dalvik.system.BaseDexClassLoader.findClass(java.lang.String) (BaseDexClassLoader.java:56)
2022-08-05 21:39:33.035 2277-2277/com.android.vending I/art:     at java.lang.Class java.lang.ClassLoader.loadClass(java.lang.String, boolean) (ClassLoader.java:380)
2022-08-05 21:39:33.035 2277-2277/com.android.vending I/art:     at java.lang.Class java.lang.ClassLoader.loadClass(java.lang.String) (ClassLoader.java:312)
2022-08-05 21:39:33.035 2277-2277/com.android.vending I/art:     at void gap.h(android.content.Context, gck) (PG:3)
2022-08-05 21:39:33.035 2277-2277/com.android.vending I/art:     at void fph.j() (PG:12)
2022-08-05 21:39:33.035 2277-2277/com.android.vending I/art:     at void fph.onCreate() (PG:3)
2022-08-05 21:39:33.035 2277-2277/com.android.vending I/art:     at void android.app.Instrumentation.callApplicationOnCreate(android.app.Application) (Instrumentation.java:1024)
2022-08-05 21:39:33.035 2277-2277/com.android.vending I/art:     at void android.app.ActivityThread.handleBindApplication(android.app.ActivityThread$AppBindData) (ActivityThread.java:5474)
2022-08-05 21:39:33.035 2277-2277/com.android.vending I/art:     at void android.app.ActivityThread.-wrap2(android.app.ActivityThread, android.app.ActivityThread$AppBindData) (ActivityThread.java:-1)
2022-08-05 21:39:33.035 2277-2277/com.android.vending I/art:     at void android.app.ActivityThread$H.handleMessage(android.os.Message) (ActivityThread.java:1550)
2022-08-05 21:39:33.035 2277-2277/com.android.vending I/art:     at void android.os.Handler.dispatchMessage(android.os.Message) (Handler.java:102)
2022-08-05 21:39:33.035 2277-2277/com.android.vending I/art:     at void android.os.Looper.loop() (Looper.java:154)
2022-08-05 21:39:33.035 2277-2277/com.android.vending I/art:     at void android.app.ActivityThread.main(java.lang.String[]) (ActivityThread.java:6190)
2022-08-05 21:39:33.035 2277-2277/com.android.vending I/art:     at java.lang.Object java.lang.reflect.Method.invoke!(java.lang.Object, java.lang.Object[]) (Method.java:-2)
2022-08-05 21:39:33.035 2277-2277/com.android.vending I/art:     at void com.android.internal.os.ZygoteInit$MethodAndArgsCaller.run() (ZygoteInit.java:892)
2022-08-05 21:39:33.035 2277-2277/com.android.vending I/art:     at void com.android.internal.os.ZygoteInit.main(java.lang.String[]) (ZygoteInit.java:782)
2022-08-05 21:39:33.036 2175-2175/com.android.vending D/EGL_adreno: eglMakeCurrent: 0x7fffe8b90600: ver 1 0 (tinfo 0x7fffd55958a0)
2022-08-05 21:39:33.037 2175-2175/com.android.vending D/HostConnection: ExtendedRCEncoderContext GL_VERSION return OpenGL ES-CM 1.1
2022-08-05 21:39:33.037 2175-2175/com.android.vending I/EGL_adreno: eglCreateContext request GLES major-version=2
2022-08-05 21:39:33.042 2175-2175/com.android.vending D/EGL_adreno: eglCreateContext: 0x7fffe8b90600: maj 3 min 1 rcv 4
2022-08-05 21:39:33.047 2175-2175/com.android.vending D/EGL_adreno: eglMakeCurrent: 0x7fffe8b90600: ver 3 1 (tinfo 0x7fffd55958a0)
2022-08-05 21:39:33.048 2175-2175/com.android.vending D/HostConnection: ExtendedRCEncoderContext GL_VERSION return OpenGL ES 3.1
2022-08-05 21:39:33.053 2175-2175/com.android.vending D/EGL_adreno: eglCreateContext: 0x7fffe8b90600: maj 1 min 0 rcv 1
2022-08-05 21:39:33.058 2175-2175/com.android.vending D/EGL_adreno: eglMakeCurrent: 0x7fffe8b90600: ver 1 0 (tinfo 0x7fffd55958a0)
2022-08-05 21:39:33.058 2175-2175/com.android.vending D/HostConnection: ExtendedRCEncoderContext GL_VERSION return OpenGL ES-CM 1.1
2022-08-05 21:39:33.058 2175-2175/com.android.vending I/EGL_adreno: eglCreateContext request GLES major-version=2
2022-08-05 21:39:33.063 2175-2175/com.android.vending D/EGL_adreno: eglCreateContext: 0x7fffe8b90600: maj 3 min 1 rcv 4
2022-08-05 21:39:33.070 2175-2175/com.android.vending D/EGL_adreno: eglMakeCurrent: 0x7fffe8b90600: ver 3 1 (tinfo 0x7fffd55958a0)
2022-08-05 21:39:33.071 2175-2175/com.android.vending D/HostConnection: ExtendedRCEncoderContext GL_VERSION return OpenGL ES 3.1
2022-08-05 21:39:33.077 2175-2175/com.android.vending D/EGL_adreno: eglCreateContext: 0x7fffe8b90600: maj 1 min 0 rcv 1
2022-08-05 21:39:33.082 2175-2175/com.android.vending D/EGL_adreno: eglMakeCurrent: 0x7fffe8b90600: ver 1 0 (tinfo 0x7fffd55958a0)
2022-08-05 21:39:33.082 2175-2175/com.android.vending D/HostConnection: ExtendedRCEncoderContext GL_VERSION return OpenGL ES-CM 1.1
2022-08-05 21:39:33.083 2175-2175/com.android.vending I/EGL_adreno: eglCreateContext request GLES major-version=2
2022-08-05 21:39:33.088 2277-2277/com.android.vending I/Finsky:background: [1] ppv.c(20): Finished reading experiment flags from file [0tGUNCGIkbk4o6-fQ335kUYSKwVj4lusnHT-A5Dsy08].
2022-08-05 21:39:33.089 2175-2175/com.android.vending D/EGL_adreno: eglCreateContext: 0x7fffe8b90600: maj 3 min 1 rcv 4
2022-08-05 21:39:33.091 2277-2277/com.android.vending I/Finsky:background: [1] ppv.c(20): Finished reading experiment flags from file [I5VXH4VPqEpSMn6CO0RcNAoSXTkJQsYAU0t4argAZqA].
2022-08-05 21:39:33.095 2175-2175/com.android.vending D/EGL_adreno: eglMakeCurrent: 0x7fffe8b90600: ver 3 1 (tinfo 0x7fffd55958a0)
2022-08-05 21:39:33.095 2175-2175/com.android.vending D/HostConnection: ExtendedRCEncoderContext GL_VERSION return OpenGL ES 3.1
2022-08-05 21:39:33.098 2277-2277/com.android.vending I/Finsky:background: [1] mcv.onCreate(2): IPC-SERVER: Starting gRPC host service...
2022-08-05 21:39:33.100 2175-2175/com.android.vending D/EGL_adreno: eglCreateContext: 0x7fffe8b90600: maj 1 min 0 rcv 1
2022-08-05 21:39:33.105 2175-2175/com.android.vending D/EGL_adreno: eglMakeCurrent: 0x7fffe8b90600: ver 1 0 (tinfo 0x7fffd55958a0)
2022-08-05 21:39:33.105 2175-2175/com.android.vending D/HostConnection: ExtendedRCEncoderContext GL_VERSION return OpenGL ES-CM 1.1
2022-08-05 21:39:33.105 2175-2175/com.android.vending I/EGL_adreno: eglCreateContext request GLES major-version=2
2022-08-05 21:39:33.110 2175-2175/com.android.vending D/EGL_adreno: eglCreateContext: 0x7fffe8b90600: maj 3 min 1 rcv 4
2022-08-05 21:39:33.115 2175-2175/com.android.vending D/EGL_adreno: eglMakeCurrent: 0x7fffe8b90600: ver 3 1 (tinfo 0x7fffd55958a0)
2022-08-05 21:39:33.115 2175-2175/com.android.vending D/HostConnection: ExtendedRCEncoderContext GL_VERSION return OpenGL ES 3.1
2022-08-05 21:39:33.119 2175-2175/com.android.vending D/EGL_adreno: eglCreateContext: 0x7fffe8b90600: maj 1 min 0 rcv 1
2022-08-05 21:39:33.124 2175-2175/com.android.vending D/EGL_adreno: eglMakeCurrent: 0x7fffe8b90600: ver 1 0 (tinfo 0x7fffd55958a0)
2022-08-05 21:39:33.124 2175-2175/com.android.vending D/HostConnection: ExtendedRCEncoderContext GL_VERSION return OpenGL ES-CM 1.1
2022-08-05 21:39:33.124 2175-2175/com.android.vending I/EGL_adreno: eglCreateContext request GLES major-version=2
2022-08-05 21:39:33.130 2175-2175/com.android.vending D/EGL_adreno: eglCreateContext: 0x7fffe8b90600: maj 3 min 1 rcv 4
2022-08-05 21:39:33.136 2175-2175/com.android.vending D/EGL_adreno: eglMakeCurrent: 0x7fffe8b90600: ver 3 1 (tinfo 0x7fffd55958a0)
2022-08-05 21:39:33.136 2175-2175/com.android.vending D/HostConnection: ExtendedRCEncoderContext GL_VERSION return OpenGL ES 3.1
2022-08-05 21:39:33.141 2175-2175/com.android.vending D/EGL_adreno: eglCreateContext: 0x7fffe8b90600: maj 1 min 0 rcv 1
2022-08-05 21:39:33.146 2175-2175/com.android.vending D/EGL_adreno: eglMakeCurrent: 0x7fffe8b90600: ver 1 0 (tinfo 0x7fffd55958a0)
2022-08-05 21:39:33.146 2175-2175/com.android.vending D/HostConnection: ExtendedRCEncoderContext GL_VERSION return OpenGL ES-CM 1.1
2022-08-05 21:39:33.146 2175-2175/com.android.vending I/EGL_adreno: eglCreateContext request GLES major-version=2
2022-08-05 21:39:33.151 2175-2175/com.android.vending D/EGL_adreno: eglCreateContext: 0x7fffe8b90600: maj 3 min 1 rcv 4
2022-08-05 21:39:33.154 1315-1759/system_process D/ConnectivityService: requestNetwork for uid/pid:10039/2277 NetworkRequest [ TRACK_DEFAULT id=7, [ Capabilities: INTERNET&NOT_RESTRICTED&TRUSTED&NOT_VPN] ]
2022-08-05 21:39:33.155 1315-1387/system_process D/Ethernet: got request NetworkRequest [ TRACK_DEFAULT id=7, [ Capabilities: INTERNET&NOT_RESTRICTED&TRUSTED&NOT_VPN] ] with score 60
2022-08-05 21:39:33.155 1315-1369/system_process D/WIFI_UT: got request NetworkRequest [ TRACK_DEFAULT id=7, [ Capabilities: INTERNET&NOT_RESTRICTED&TRUSTED&NOT_VPN] ] with score 60
2022-08-05 21:39:33.155 1315-1369/system_process D/WIFI: got request NetworkRequest [ TRACK_DEFAULT id=7, [ Capabilities: INTERNET&NOT_RESTRICTED&TRUSTED&NOT_VPN] ] with score 60
2022-08-05 21:39:33.155 1570-1570/com.android.phone D/PhoneSwitcherNetworkRequstListener: got request NetworkRequest [ TRACK_DEFAULT id=7, [ Capabilities: INTERNET&NOT_RESTRICTED&TRUSTED&NOT_VPN] ] with score 60
2022-08-05 21:39:33.156 2175-2175/com.android.vending D/EGL_adreno: eglMakeCurrent: 0x7fffe8b90600: ver 3 1 (tinfo 0x7fffd55958a0)
2022-08-05 21:39:33.157 2175-2175/com.android.vending D/HostConnection: ExtendedRCEncoderContext GL_VERSION return OpenGL ES 3.1
2022-08-05 21:39:33.162 2175-2175/com.android.vending D/EGL_adreno: eglCreateContext: 0x7fffe8b90600: maj 1 min 0 rcv 1
2022-08-05 21:39:33.167 2175-2175/com.android.vending D/EGL_adreno: eglMakeCurrent: 0x7fffe8b90600: ver 1 0 (tinfo 0x7fffd55958a0)
2022-08-05 21:39:33.167 2175-2175/com.android.vending D/HostConnection: ExtendedRCEncoderContext GL_VERSION return OpenGL ES-CM 1.1
2022-08-05 21:39:33.167 2175-2175/com.android.vending I/EGL_adreno: eglCreateContext request GLES major-version=2
2022-08-05 21:39:33.172 2175-2175/com.android.vending D/EGL_adreno: eglCreateContext: 0x7fffe8b90600: maj 3 min 1 rcv 4
2022-08-05 21:39:33.177 2175-2175/com.android.vending D/EGL_adreno: eglMakeCurrent: 0x7fffe8b90600: ver 3 1 (tinfo 0x7fffd55958a0)
